Archive member included to satisfy reference by file (symbol)

C:/devkitPro/libnds/lib\libfat.a(libfat.o)
                              main.o (fatInitDefault)
C:/devkitPro/libnds/lib\libfat.a(disc.o)
                              C:/devkitPro/libnds/lib\libfat.a(libfat.o) (_FAT_disc_interfaces)
C:/devkitPro/libnds/lib\libfat.a(fatfile.o)
                              C:/devkitPro/libnds/lib\libfat.a(libfat.o) (_FAT_open_r)
C:/devkitPro/libnds/lib\libfat.a(cache.o)
                              C:/devkitPro/libnds/lib\libfat.a(fatfile.o) (_FAT_cache_readSectors)
C:/devkitPro/libnds/lib\libfat.a(fatdir.o)
                              C:/devkitPro/libnds/lib\libfat.a(libfat.o) (_FAT_stat_r)
C:/devkitPro/libnds/lib\libfat.a(directory.o)
                              C:/devkitPro/libnds/lib\libfat.a(fatfile.o) (_FAT_directory_entryGetCluster)
C:/devkitPro/libnds/lib\libfat.a(partition.o)
                              C:/devkitPro/libnds/lib\libfat.a(libfat.o) (_FAT_partition_destructor)
C:/devkitPro/libnds/lib\libfat.a(lock.o)
                              C:/devkitPro/libnds/lib\libfat.a(partition.o) (_FAT_lock_init)
C:/devkitPro/libnds/lib\libfat.a(filetime.o)
                              C:/devkitPro/libnds/lib\libfat.a(fatfile.o) (_FAT_filetime_getTimeFromRTC)
C:/devkitPro/libnds/lib\libfat.a(file_allocation_table.o)
                              C:/devkitPro/libnds/lib\libfat.a(fatfile.o) (_FAT_fat_nextCluster)
C:/devkitPro/libnds/lib\libgl2d.a(gl2d.o)
                              main.o (glScreen2D)
C:/devkitPro/libnds/lib\libnds9.a(console.o)
                              main.o (consoleDemoInit)
C:/devkitPro/libnds/lib\libnds9.a(trig.o)
                              C:/devkitPro/libnds/lib\libgl2d.a(gl2d.o) (sinLerp)
C:/devkitPro/libnds/lib\libnds9.a(videoGL.o)
                              C:/devkitPro/libnds/lib\libgl2d.a(gl2d.o) (glMaterialf)
C:/devkitPro/libnds/lib\libnds9.a(keys.o)
                              main.o (scanKeys)
C:/devkitPro/libnds/lib\libnds9.a(dldi.o)
                              C:/devkitPro/libnds/lib\libfat.a(disc.o) (dldiGetInternal)
C:/devkitPro/libnds/lib\libnds9.a(initSystem.o)
                              c:/devkitpro/devkitarm/bin/../lib/gcc/arm-none-eabi/10.2.0/../../../../arm-none-eabi/lib/thumb/ds_arm9_crt0.o (initSystem)
C:/devkitPro/libnds/lib\libnds9.a(timeSupport.o)
                              C:/devkitPro/libnds/lib\libnds9.a(initSystem.o) (__libnds_gtod)
C:/devkitPro/libnds/lib\libnds9.a(securearea.o)
                              c:/devkitpro/devkitarm/bin/../lib/gcc/arm-none-eabi/10.2.0/../../../../arm-none-eabi/lib/thumb/ds_arm9_crt0.o (__secure_area__)
C:/devkitPro/libnds/lib\libnds9.a(interrupts.o)
                              C:/devkitPro/libnds/lib\libnds9.a(initSystem.o) (irqInit)
C:/devkitPro/libnds/lib\libnds9.a(libnds_exit.arm.o)
                              c:/devkitpro/devkitarm/bin/../lib/gcc/arm-none-eabi/10.2.0/../../../../arm-none-eabi/lib/thumb/ds_arm9_crt0.o (__libnds_exit)
C:/devkitPro/libnds/lib\libnds9.a(fifosystem.o)
                              C:/devkitPro/libnds/lib\libnds9.a(initSystem.o) (fifoSetValue32Handler)
C:/devkitPro/libnds/lib\libnds9.a(dldi_stub.o)
                              C:/devkitPro/libnds/lib\libnds9.a(dldi.o) (_io_dldi_stub)
C:/devkitPro/libnds/lib\libnds9.a(mpu_setup.o)
                              c:/devkitpro/devkitarm/bin/../lib/gcc/arm-none-eabi/10.2.0/../../../../arm-none-eabi/lib/thumb/ds_arm9_crt0.o (__libnds_mpu_setup)
C:/devkitPro/libnds/lib\libnds9.a(IntrWait.o)
                              main.o (swiWaitForVBlank)
C:/devkitPro/libnds/lib\libnds9.a(cpu_clock.o)
                              C:/devkitPro/libnds/lib\libnds9.a(initSystem.o) (setCpuClock)
C:/devkitPro/libnds/lib\libnds9.a(interruptDispatcher.o)
                              C:/devkitPro/libnds/lib\libnds9.a(interrupts.o) (IntrMain)
C:/devkitPro/libnds/lib\libnds9.a(debugprint.o)
                              C:/devkitPro/libnds/lib\libnds9.a(console.o) (nocashWrite)
C:/devkitPro/libnds/lib\libnds9.a(swiSoftReset.o)
                              C:/devkitPro/libnds/lib\libnds9.a(fifosystem.o) (swiSoftReset)
C:/devkitPro/libnds/lib\libnds9.a(biosCalls.o)
                              C:/devkitPro/libnds/lib\libnds9.a(videoGL.o) (swiCopy)
C:/devkitPro/libnds/lib\libnds9.a(default_font.bin.o)
                              C:/devkitPro/libnds/lib\libnds9.a(console.o) (default_font_bin)
C:/devkitPro/libnds/lib\libnds9.a(background.o)
                              C:/devkitPro/libnds/lib\libnds9.a(console.o) (bgState)
C:/devkitPro/libnds/lib\libnds9.a(dynamicArray.o)
                              C:/devkitPro/libnds/lib\libnds9.a(videoGL.o) (DynamicArrayInit)
C:/devkitPro/libnds/lib\libnds9.a(video.o)
                              C:/devkitPro/libnds/lib\libnds9.a(videoGL.o) (vramSetBanks_EFG)
C:/devkitPro/libnds/lib\libnds9.a(system.o)
                              C:/devkitPro/libnds/lib\libnds9.a(initSystem.o) (systemValueHandler)
[...]
Memory Configuration

Name             Origin             Length             Attributes
ewram            0x0000000002000000 0x0000000000380000
dtcm             0x0000000002ff0000 0x0000000000004000
vectors          0x0000000001000000 0x0000000000000100
itcm             0x0000000001000100 0x0000000000007f00
*default*        0x0000000000000000 0xffffffffffffffff

Linker script and memory map

                0x0000000002380000                __ewram_end = (ORIGIN (ewram) + LENGTH (ewram))
                0x0000000002380000                __eheap_end = (ORIGIN (ewram) + LENGTH (ewram))
                0x0000000002ff4000                __dtcm_top = (ORIGIN (dtcm) + LENGTH (dtcm))
                0x0000000002ff3ff8                __irq_flags = (__dtcm_top - 0x8)
                0x0000000002ff3ffc                __irq_vector = (__dtcm_top - 0x4)
                0x0000000002ff3f00                __sp_svc = (__dtcm_top - 0x100)
                0x0000000002ff3e00                __sp_irq = (__sp_svc - 0x100)
                0x0000000002ff3d00                __sp_usr = (__sp_irq - 0x100)

.secure         0x0000000002000000      0x800
 *(.secure)
 .secure        0x0000000002000000      0x800 C:/devkitPro/libnds/lib\libnds9.a(securearea.o)
                0x0000000002000000                __secure_area__

.crt0           0x0000000002000800      0x300
                0x0000000002000800                __text_start = .
 *(.crt0)
 .crt0          0x0000000002000800      0x300 c:/devkitpro/devkitarm/bin/../lib/gcc/arm-none-eabi/10.2.0/../../../../arm-none-eabi/lib/thumb/ds_arm9_crt0.o
                0x0000000002000800                _start
                0x0000000002000b00                . = ALIGN (0x4)

.plt
 *(.plt)

.init           0x0000000002000b00        0xc
 *(SORT_NONE(.init))
 .init          0x0000000002000b00        0x4 c:/devkitpro/devkitarm/bin/../lib/gcc/arm-none-eabi/10.2.0/thumb/crti.o
                0x0000000002000b00                _init
 .init          0x0000000002000b04        0x8 c:/devkitpro/devkitarm/bin/../lib/gcc/arm-none-eabi/10.2.0/thumb/crtn.o

.text           0x0000000002000b40    0x17bc8
 *(EXCLUDE_FILE(*.twl* *.vectors* *.itcm*) .text)
 .text          0x0000000002000b40      0x7d8 main.o
                0x0000000002000b40                DrawBox(short, short, unsigned char, unsigned char, unsigned char, unsigned char, unsigned char)
                0x0000000002000b70                SetDefaults()
                0x0000000002000bf0                ShowMenu()
                0x0000000002000c20                SetHighScore()
                0x0000000002000c38                CreateNewSaveFile()
                0x0000000002000c74                LoadSaveFile()
                0x0000000002000ccc                SaveHighScore()
                0x0000000002000d10                topScreenInfo(unsigned short, unsigned short)
                0x0000000002000d70                CheckControls()
                0x0000000002000df8                CheckScreenEdges()
                0x0000000002000e48                IsCollided(short, short, short, short, signed char, signed char)
                0x0000000002000e9c                PlayGameLoop()
                0x00000000020012d4                GenerateNewFoodXPos()
                0x00000000020012e8                GenerateNewFoodYPos()
                0x00000000020012fc                RandomU16(unsigned short, unsigned short)
 .text          0x0000000002001318     0x1768 C:/devkitPro/libnds/lib\libgl2d.a(gl2d.o)
                0x0000000002001318                SetOrtho
                0x00000000020014bc                glScreen2D
                0x0000000002001a30                glBegin2D
                0x0000000002001ab0                glEnd2D
                0x0000000002001acc                glPutPixel
                0x0000000002001b28                glLine
                0x0000000002001b98                glBox
                0x0000000002001c48                glBoxFilled
                0x0000000002001cd0                glBoxFilledGradient
                0x0000000002001d70                glTriangle
                0x0000000002001df0                glTriangleFilled
                0x0000000002001e68                glTriangleFilledGradient
                0x0000000002001ef0                glSprite
                0x0000000002001fe4                glSpriteScale
                0x00000000020020f8                glSpriteScaleXY
                0x0000000002002204                glSpriteRotate
                0x000000000200237c                glSpriteRotateScale
                0x0000000002002504                glSpriteRotateScaleXY
                0x0000000002002690                glSpriteStretchHorizontal
                0x00000000020027fc                glSpriteOnQuad
                0x0000000002002924                glLoadSpriteSet
                0x00000000020029b4                glLoadTileSet
 .text          0x0000000002002a80     0x4000 C:/devkitPro/libnds/lib\libnds9.a(dldi_stub.o)
                0x0000000002002a80                _io_dldi_stub
 .text          0x0000000002006a80      0x11c c:/devkitpro/devkitarm/bin/../lib/gcc/arm-none-eabi/10.2.0/thumb\libgcc.a(_udivsi3.o)
                0x0000000002006a80                __aeabi_uidiv
                0x0000000002006a80                __udivsi3
                0x0000000002006b7c                __aeabi_uidivmod
 .text          0x0000000002006b9c      0x150 c:/devkitpro/devkitarm/bin/../lib/gcc/arm-none-eabi/10.2.0/thumb\libgcc.a(_divsi3.o)
                0x0000000002006b9c                __divsi3
                0x0000000002006b9c                __aeabi_idiv
                0x0000000002006ccc                __aeabi_idivmod
 .text          0x0000000002006cec        0x4 c:/devkitpro/devkitarm/bin/../lib/gcc/arm-none-eabi/10.2.0/thumb\libgcc.a(_dvmd_tls.o)
                0x0000000002006cec                __aeabi_idiv0
                0x0000000002006cec                __aeabi_ldiv0
 .text          0x0000000002006cf0       0xd4 c:/devkitpro/devkitarm/bin/../lib/gcc/arm-none-eabi/10.2.0/thumb\libgcc.a(_aeabi_ldivmod.o)
                0x0000000002006cf0                __aeabi_ldivmod
 .text          0x0000000002006dc4       0x28 c:/devkitpro/devkitarm/bin/../lib/gcc/arm-none-eabi/10.2.0/thumb\libgcc.a(_clzdi2.o)
                0x0000000002006dc4                __clzdi2
 .text          0x0000000002006dec       0x48 c:/devkitpro/devkitarm/bin/../lib/gcc/arm-none-eabi/10.2.0/thumb\libgcc.a(_clzsi2.o)
                0x0000000002006dec                __clzsi2
 .text          0x0000000002006e34      0x224 c:/devkitpro/devkitarm/bin/../lib/gcc/arm-none-eabi/10.2.0/../../../../arm-none-eabi/lib/thumb\libg.a(lib_a-strcmp.o)
                0x0000000002006e34                strcmp
 .text          0x0000000002007058       0x14 c:/devkitpro/devkitarm/bin/../lib/gcc/arm-none-eabi/10.2.0/thumb\libgcc.a(_thumb1_case_uqi.o)
                0x0000000002007058                __gnu_thumb1_case_uqi
 .text          0x000000000200706c       0x14 c:/devkitpro/devkitarm/bin/../lib/gcc/arm-none-eabi/10.2.0/thumb\libgcc.a(_thumb1_case_uhi.o)
                0x000000000200706c                __gnu_thumb1_case_uhi
 .text          0x0000000002007080       0x3c c:/devkitpro/devkitarm/bin/../lib/gcc/arm-none-eabi/10.2.0/thumb\libgcc.a(_aeabi_uldivmod.o)
                0x0000000002007080                __aeabi_uldivmod
 *(EXCLUDE_FILE(*.twl* *.vectors* *.itcm*) .stub)
 *(EXCLUDE_FILE(*.twl* *.vectors* *.itcm*) .text.*)
 .text.__do_global_dtors_aux
                0x00000000020070bc       0x2c c:/devkitpro/devkitarm/bin/../lib/gcc/arm-none-eabi/10.2.0/thumb/crtbegin.o
 .text.frame_dummy
                0x00000000020070e8       0x24 c:/devkitpro/devkitarm/bin/../lib/gcc/arm-none-eabi/10.2.0/thumb/crtbegin.o
 .text._ZN4Food10setFoodPosE5Snake
                0x000000000200710c      0xb88 main.o
                0x000000000200710c                Food::setFoodPos(Snake)
 .text.startup  0x0000000002007c94      0x158 main.o
                0x0000000002007c94                main
 .text.fatMount.part.0
                0x0000000002007dec       0xa0 C:/devkitPro/libnds/lib\libfat.a(libfat.o)
 .text.fatMount
                0x0000000002007e8c       0x3c C:/devkitPro/libnds/lib\libfat.a(libfat.o)
                0x0000000002007e8c                fatMount
 .text.fatInit  0x0000000002007ec8      0x130 C:/devkitPro/libnds/lib\libfat.a(libfat.o)
                0x0000000002007ec8                fatInit
 .text.fatInitDefault
                0x0000000002007ff8        0xc C:/devkitPro/libnds/lib\libfat.a(libfat.o)
                0x0000000002007ff8                fatInitDefault
 .text._FAT_check_position_for_next_cluster.part.0
                0x0000000002008004       0x68 C:/devkitPro/libnds/lib\libfat.a(fatfile.o)
 .text._FAT_syncToDisc.part.0
                0x000000000200806c       0xd4 C:/devkitPro/libnds/lib\libfat.a(fatfile.o)
 .text._FAT_file_extend_r
                0x0000000002008140      0x208 C:/devkitPro/libnds/lib\libfat.a(fatfile.o)
 .text._FAT_open_r
                0x0000000002008348      0x2d4 C:/devkitPro/libnds/lib\libfat.a(fatfile.o)
                0x0000000002008348                _FAT_open_r
 .text._FAT_close_r
                0x000000000200861c       0x74 C:/devkitPro/libnds/lib\libfat.a(fatfile.o)
                0x000000000200861c                _FAT_close_r
 .text._FAT_read_r
                0x0000000002008690      0x398 C:/devkitPro/libnds/lib\libfat.a(fatfile.o)
                0x0000000002008690                _FAT_read_r
 .text._FAT_write_r
                0x0000000002008a28      0x53c C:/devkitPro/libnds/lib\libfat.a(fatfile.o)
                0x0000000002008a28                _FAT_write_r
 .text._FAT_seek_r
                0x0000000002008f64      0x194 C:/devkitPro/libnds/lib\libfat.a(fatfile.o)
                0x0000000002008f64                _FAT_seek_r
 .text._FAT_fstat_r
                0x00000000020090f8       0x8c C:/devkitPro/libnds/lib\libfat.a(fatfile.o)
                0x00000000020090f8                _FAT_fstat_r
 .text._FAT_ftruncate_r
                0x0000000002009184      0x16c C:/devkitPro/libnds/lib\libfat.a(fatfile.o)
                0x0000000002009184                _FAT_ftruncate_r
 .text._FAT_fsync_r
                0x00000000020092f0       0x44 C:/devkitPro/libnds/lib\libfat.a(fatfile.o)
                0x00000000020092f0                _FAT_fsync_r
 .text._FAT_cache_getPage
                0x0000000002009334       0xf0 C:/devkitPro/libnds/lib\libfat.a(cache.o)
 .text._FAT_cache_constructor
                0x0000000002009424       0x90 C:/devkitPro/libnds/lib\libfat.a(cache.o)
                0x0000000002009424                _FAT_cache_constructor
 .text._FAT_cache_readSectors
                0x00000000020094b4       0x60 C:/devkitPro/libnds/lib\libfat.a(cache.o)
                0x00000000020094b4                _FAT_cache_readSectors
 .text._FAT_cache_readPartialSector
                0x0000000002009514       0x3c C:/devkitPro/libnds/lib\libfat.a(cache.o)
                0x0000000002009514                _FAT_cache_readPartialSector
 .text._FAT_cache_readLittleEndianValue
                0x0000000002009550       0x70 C:/devkitPro/libnds/lib\libfat.a(cache.o)
                0x0000000002009550                _FAT_cache_readLittleEndianValue
 .text._FAT_cache_writePartialSector
                0x00000000020095c0       0x4c C:/devkitPro/libnds/lib\libfat.a(cache.o)
                0x00000000020095c0                _FAT_cache_writePartialSector
 .text._FAT_cache_writeLittleEndianValue
                0x000000000200960c       0x8c C:/devkitPro/libnds/lib\libfat.a(cache.o)
                0x000000000200960c                _FAT_cache_writeLittleEndianValue
 .text._FAT_cache_eraseWritePartialSector
                0x0000000002009698       0x60 C:/devkitPro/libnds/lib\libfat.a(cache.o)
                0x0000000002009698                _FAT_cache_eraseWritePartialSector
 .text._FAT_cache_writeSectors
                0x00000000020096f8       0x80 C:/devkitPro/libnds/lib\libfat.a(cache.o)
                0x00000000020096f8                _FAT_cache_writeSectors
 .text._FAT_cache_flush
                0x0000000002009778       0x40 C:/devkitPro/libnds/lib\libfat.a(cache.o)
                0x0000000002009778                _FAT_cache_flush
 .text._FAT_stat_r
                0x00000000020097b8       0x90 C:/devkitPro/libnds/lib\libfat.a(fatdir.o)
                0x00000000020097b8                _FAT_stat_r
 .text._FAT_link_r
                0x0000000002009848        0xc C:/devkitPro/libnds/lib\libfat.a(fatdir.o)
                0x0000000002009848                _FAT_link_r
 .text._FAT_unlink_r
                0x0000000002009854      0x184 C:/devkitPro/libnds/lib\libfat.a(fatdir.o)
                0x0000000002009854                _FAT_unlink_r
 .text._FAT_chdir_r
                0x00000000020099d8       0x70 C:/devkitPro/libnds/lib\libfat.a(fatdir.o)
                0x00000000020099d8                _FAT_chdir_r
 .text._FAT_rename_r
                0x0000000002009a48      0x1c4 C:/devkitPro/libnds/lib\libfat.a(fatdir.o)
                0x0000000002009a48                _FAT_rename_r
 .text._FAT_mkdir_r
                0x0000000002009c0c      0x244 C:/devkitPro/libnds/lib\libfat.a(fatdir.o)
                0x0000000002009c0c                _FAT_mkdir_r
 .text._FAT_statvfs_r
                0x0000000002009e50       0x78 C:/devkitPro/libnds/lib\libfat.a(fatdir.o)
                0x0000000002009e50                _FAT_statvfs_r
 .text._FAT_diropen_r
                0x0000000002009ec8       0xb0 C:/devkitPro/libnds/lib\libfat.a(fatdir.o)
                0x0000000002009ec8                _FAT_diropen_r
 .text._FAT_dirreset_r
                0x0000000002009f78       0x4c C:/devkitPro/libnds/lib\libfat.a(fatdir.o)
                0x0000000002009f78                _FAT_dirreset_r
 .text._FAT_dirnext_r
                0x0000000002009fc4       0x7c C:/devkitPro/libnds/lib\libfat.a(fatdir.o)
                0x0000000002009fc4                _FAT_dirnext_r
 .text._FAT_dirclose_r
                0x000000000200a040       0x20 C:/devkitPro/libnds/lib\libfat.a(fatdir.o)
                0x000000000200a040                _FAT_dirclose_r
 .text._FAT_directory_entryGetAlias
                0x000000000200a060       0xc8 C:/devkitPro/libnds/lib\libfat.a(directory.o)
 .text._FAT_directory_incrementDirEntryPosition
                0x000000000200a128       0x80 C:/devkitPro/libnds/lib\libfat.a(directory.o)
 .text._FAT_directory_mbsncasecmp
                0x000000000200a1a8       0xa8 C:/devkitPro/libnds/lib\libfat.a(directory.o)
 .text._FAT_directory_ucs2tombs.constprop.0
                0x000000000200a250       0x90 C:/devkitPro/libnds/lib\libfat.a(directory.o)
 .text._FAT_directory_entryGetCluster
                0x000000000200a2e0       0x20 C:/devkitPro/libnds/lib\libfat.a(directory.o)
                0x000000000200a2e0                _FAT_directory_entryGetCluster
 .text._FAT_directory_getNextEntry
                0x000000000200a300      0x23c C:/devkitPro/libnds/lib\libfat.a(directory.o)
                0x000000000200a300                _FAT_directory_getNextEntry
 .text._FAT_directory_entryExists
                0x000000000200a53c       0x80 C:/devkitPro/libnds/lib\libfat.a(directory.o)
 .text._FAT_directory_getFirstEntry
                0x000000000200a5bc       0x20 C:/devkitPro/libnds/lib\libfat.a(directory.o)
                0x000000000200a5bc                _FAT_directory_getFirstEntry
 .text._FAT_directory_getRootEntry
                0x000000000200a5dc       0x60 C:/devkitPro/libnds/lib\libfat.a(directory.o)
                0x000000000200a5dc                _FAT_directory_getRootEntry
 .text._FAT_directory_entryFromPosition
                0x000000000200a63c      0x150 C:/devkitPro/libnds/lib\libfat.a(directory.o)
                0x000000000200a63c                _FAT_directory_entryFromPosition
 .text._FAT_directory_entryFromPath
                0x000000000200a78c      0x248 C:/devkitPro/libnds/lib\libfat.a(directory.o)
                0x000000000200a78c                _FAT_directory_entryFromPath
 .text._FAT_directory_removeEntry
                0x000000000200a9d4       0xd8 C:/devkitPro/libnds/lib\libfat.a(directory.o)
                0x000000000200a9d4                _FAT_directory_removeEntry
 .text._FAT_directory_addEntry
                0x000000000200aaac      0x808 C:/devkitPro/libnds/lib\libfat.a(directory.o)
                0x000000000200aaac                _FAT_directory_addEntry
 .text._FAT_directory_chdir
                0x000000000200b2b4       0x3c C:/devkitPro/libnds/lib\libfat.a(directory.o)
                0x000000000200b2b4                _FAT_directory_chdir
 .text._FAT_directory_entryStat
                0x000000000200b2f0       0xe4 C:/devkitPro/libnds/lib\libfat.a(directory.o)
                0x000000000200b2f0                _FAT_directory_entryStat
 .text.isValidMBR
                0x000000000200b3d4       0x5c C:/devkitPro/libnds/lib\libfat.a(partition.o)
 .text._FAT_updateFS_INFO
                0x000000000200b430       0x54 C:/devkitPro/libnds/lib\libfat.a(partition.o)
 .text.FindFirstValidPartition_buf.part.0
                0x000000000200b484      0x11c C:/devkitPro/libnds/lib\libfat.a(partition.o)
 .text._FAT_partition_getPartitionFromPath
                0x000000000200b5a0       0x10 C:/devkitPro/libnds/lib\libfat.a(partition.o)
                0x000000000200b5a0                _FAT_partition_getPartitionFromPath
 .text._FAT_partition_createFSinfo
                0x000000000200b5b0       0x50 C:/devkitPro/libnds/lib\libfat.a(partition.o)
                0x000000000200b5b0                _FAT_partition_createFSinfo
 .text._FAT_partition_readFSinfo.part.0
                0x000000000200b600       0x74 C:/devkitPro/libnds/lib\libfat.a(partition.o)
 .text._FAT_partition_constructor_buf
                0x000000000200b674      0x2e8 C:/devkitPro/libnds/lib\libfat.a(partition.o)
                0x000000000200b674                _FAT_partition_constructor_buf
 .text._FAT_partition_constructor
                0x000000000200b95c       0x40 C:/devkitPro/libnds/lib\libfat.a(partition.o)
                0x000000000200b95c                _FAT_partition_constructor
 .text._FAT_partition_readFSinfo
                0x000000000200b99c       0x10 C:/devkitPro/libnds/lib\libfat.a(partition.o)
                0x000000000200b99c                _FAT_partition_readFSinfo
 .text._FAT_lock_init
                0x000000000200b9ac        0x4 C:/devkitPro/libnds/lib\libfat.a(lock.o)
                0x000000000200b9ac                _FAT_lock_init
 .text._FAT_lock
                0x000000000200b9b0        0x4 C:/devkitPro/libnds/lib\libfat.a(lock.o)
                0x000000000200b9b0                _FAT_lock
 .text._FAT_unlock
                0x000000000200b9b4        0x4 C:/devkitPro/libnds/lib\libfat.a(lock.o)
                0x000000000200b9b4                _FAT_unlock
 .text._FAT_filetime_getTimeFromRTC
                0x000000000200b9b8       0x44 C:/devkitPro/libnds/lib\libfat.a(filetime.o)
                0x000000000200b9b8                _FAT_filetime_getTimeFromRTC
 .text._FAT_filetime_getDateFromRTC
                0x000000000200b9fc       0x44 C:/devkitPro/libnds/lib\libfat.a(filetime.o)
                0x000000000200b9fc                _FAT_filetime_getDateFromRTC
 .text._FAT_filetime_to_time_t
                0x000000000200ba40       0x38 C:/devkitPro/libnds/lib\libfat.a(filetime.o)
                0x000000000200ba40                _FAT_filetime_to_time_t
 .text._FAT_fat_writeFatEntry.part.0.isra.0
                0x000000000200ba78      0x12c C:/devkitPro/libnds/lib\libfat.a(file_allocation_table.o)
 .text._FAT_fat_nextCluster
                0x000000000200bba4      0x108 C:/devkitPro/libnds/lib\libfat.a(file_allocation_table.o)
                0x000000000200bba4                _FAT_fat_nextCluster
 .text._FAT_fat_linkFreeCluster
                0x000000000200bcac       0xac C:/devkitPro/libnds/lib\libfat.a(file_allocation_table.o)
                0x000000000200bcac                _FAT_fat_linkFreeCluster
 .text._FAT_fat_linkFreeClusterCleared
                0x000000000200bd58       0x68 C:/devkitPro/libnds/lib\libfat.a(file_allocation_table.o)
                0x000000000200bd58                _FAT_fat_linkFreeClusterCleared
 .text._FAT_fat_clearLinks
                0x000000000200bdc0       0x7c C:/devkitPro/libnds/lib\libfat.a(file_allocation_table.o)
                0x000000000200bdc0                _FAT_fat_clearLinks
 .text._FAT_fat_trimChain
                0x000000000200be3c       0x80 C:/devkitPro/libnds/lib\libfat.a(file_allocation_table.o)
                0x000000000200be3c                _FAT_fat_trimChain
 .text._FAT_fat_lastCluster
                0x000000000200bebc       0x34 C:/devkitPro/libnds/lib\libfat.a(file_allocation_table.o)
                0x000000000200bebc                _FAT_fat_lastCluster
 .text._FAT_fat_freeClusterCount
                0x000000000200bef0       0x2c C:/devkitPro/libnds/lib\libfat.a(file_allocation_table.o)
                0x000000000200bef0                _FAT_fat_freeClusterCount
 .text.newRow   0x000000000200bf1c       0xb0 C:/devkitPro/libnds/lib\libnds9.a(console.o)
 .text.consolePrintChar
                0x000000000200bfcc       0xec C:/devkitPro/libnds/lib\libnds9.a(console.o)
                0x000000000200bfcc                consolePrintChar
 .text.con_write
                0x000000000200c0b8      0x374 C:/devkitPro/libnds/lib\libnds9.a(console.o)
                0x000000000200c0b8                con_write
 .text.consoleLoadFont
                0x000000000200c42c      0x2a8 C:/devkitPro/libnds/lib\libnds9.a(console.o)
                0x000000000200c42c                consoleLoadFont
 .text.consoleInit
                0x000000000200c6d4      0x194 C:/devkitPro/libnds/lib\libnds9.a(console.o)
                0x000000000200c6d4                consoleInit
 .text.consoleDemoInit
                0x000000000200c868       0x40 C:/devkitPro/libnds/lib\libnds9.a(console.o)
                0x000000000200c868                consoleDemoInit
 .text.consoleClear
                0x000000000200c8a8       0x10 C:/devkitPro/libnds/lib\libnds9.a(console.o)
                0x000000000200c8a8                consoleClear
 .text.sinLutLookup
                0x000000000200c8b8       0x38 C:/devkitPro/libnds/lib\libnds9.a(trig.o)
                0x000000000200c8b8                sinLutLookup
 .text.sinLerp  0x000000000200c8f0       0x40 C:/devkitPro/libnds/lib\libnds9.a(trig.o)
                0x000000000200c8f0                sinLerp
 .text.cosLerp  0x000000000200c930       0x4c C:/devkitPro/libnds/lib\libnds9.a(trig.o)
                0x000000000200c930                cosLerp
 .text.tanLerp  0x000000000200c97c       0xa4 C:/devkitPro/libnds/lib\libnds9.a(trig.o)
                0x000000000200c97c                tanLerp
 .text.vramBlock__deallocateBlock.part.0
                0x000000000200ca20      0x184 C:/devkitPro/libnds/lib\libnds9.a(videoGL.o)
 .text.glMaterialf
                0x000000000200cba4       0x7c C:/devkitPro/libnds/lib\libnds9.a(videoGL.o)
                0x000000000200cba4                glMaterialf
 .text.vramBlock_init
                0x000000000200cc20       0x5c C:/devkitPro/libnds/lib\libnds9.a(videoGL.o)
                0x000000000200cc20                vramBlock_init
 .text.vramBlock__allocateBlock
                0x000000000200cc7c      0x178 C:/devkitPro/libnds/lib\libnds9.a(videoGL.o)
                0x000000000200cc7c                vramBlock__allocateBlock
 .text.vramBlock_examineSpecial
                0x000000000200cdf4      0x244 C:/devkitPro/libnds/lib\libnds9.a(videoGL.o)
                0x000000000200cdf4                vramBlock_examineSpecial
 .text.vramBlock_allocateSpecial
                0x000000000200d038       0x6c C:/devkitPro/libnds/lib\libnds9.a(videoGL.o)
                0x000000000200d038                vramBlock_allocateSpecial
 .text.vramBlock_allocateBlock
                0x000000000200d0a4       0x30 C:/devkitPro/libnds/lib\libnds9.a(videoGL.o)
                0x000000000200d0a4                vramBlock_allocateBlock
 .text.vramBlock_deallocateBlock
                0x000000000200d0d4       0x48 C:/devkitPro/libnds/lib\libnds9.a(videoGL.o)
                0x000000000200d0d4                vramBlock_deallocateBlock
 .text.removePaletteFromTexture.part.0
                0x000000000200d11c       0x68 C:/devkitPro/libnds/lib\libnds9.a(videoGL.o)
 .text.glInit_C
                0x000000000200d184      0x1cc C:/devkitPro/libnds/lib\libnds9.a(videoGL.o)
                0x000000000200d184                glInit_C
 .text.glGenTextures
                0x000000000200d350       0x80 C:/devkitPro/libnds/lib\libnds9.a(videoGL.o)
                0x000000000200d350                glGenTextures
 .text.vramGetBank
                0x000000000200d3d0       0xb8 C:/devkitPro/libnds/lib\libnds9.a(videoGL.o)
                0x000000000200d3d0                vramGetBank
 .text.glBindTexture
                0x000000000200d488       0x60 C:/devkitPro/libnds/lib\libnds9.a(videoGL.o)
                0x000000000200d488                glBindTexture
 .text.glColorTableEXT
                0x000000000200d4e8      0x1d8 C:/devkitPro/libnds/lib\libnds9.a(videoGL.o)
                0x000000000200d4e8                glColorTableEXT
 .text.glTexImage2D
                0x000000000200d6c0      0x414 C:/devkitPro/libnds/lib\libnds9.a(videoGL.o)
                0x000000000200d6c0                glTexImage2D
 .text.scanKeys
                0x000000000200dad4       0x8c C:/devkitPro/libnds/lib\libnds9.a(keys.o)
                0x000000000200dad4                scanKeys
 .text.keysDown
                0x000000000200db60       0x14 C:/devkitPro/libnds/lib\libnds9.a(keys.o)
                0x000000000200db60                keysDown
 .text.dldiGetInternal
                0x000000000200db74       0x34 C:/devkitPro/libnds/lib\libnds9.a(dldi.o)
                0x000000000200db74                dldiGetInternal
 .text.get_io_dsisd
                0x000000000200dba8       0x24 C:/devkitPro/libnds/lib\libnds9.a(dldi.o)
                0x000000000200dba8                get_io_dsisd
 .text.initSystem
                0x000000000200dbcc      0x198 C:/devkitPro/libnds/lib\libnds9.a(initSystem.o)
                0x000000000200dbcc                initSystem
 .text.__libnds_gtod
                0x000000000200dd64       0x28 C:/devkitPro/libnds/lib\libnds9.a(timeSupport.o)
                0x000000000200dd64                __libnds_gtod
 .text.irqDummy
                0x000000000200dd8c        0x4 C:/devkitPro/libnds/lib\libnds9.a(interrupts.o)
                0x000000000200dd8c                irqDummy
 .text.irqSet   0x000000000200dd90       0x6c C:/devkitPro/libnds/lib\libnds9.a(interrupts.o)
                0x000000000200dd90                irqSet
 .text.irqInit  0x000000000200ddfc       0x50 C:/devkitPro/libnds/lib\libnds9.a(interrupts.o)
                0x000000000200ddfc                irqInit
 .text.irqEnable
                0x000000000200de4c       0x64 C:/devkitPro/libnds/lib\libnds9.a(interrupts.o)
                0x000000000200de4c                irqEnable
 .text.systemErrorExit
                0x000000000200deb0        0x4 C:/devkitPro/libnds/lib\libnds9.a(libnds_exit.arm.o)
                0x000000000200deb0                systemErrorExit
 .text.__libnds_exit
                0x000000000200deb4       0x5c C:/devkitPro/libnds/lib\libnds9.a(libnds_exit.arm.o)
                0x000000000200deb4                __libnds_exit
 .text.fifo_queueBlock
                0x000000000200df10       0x44 C:/devkitPro/libnds/lib\libnds9.a(fifosystem.o)
 .text.fifo_waitBlock
                0x000000000200df54       0x80 C:/devkitPro/libnds/lib\libnds9.a(fifosystem.o)
 .text.fifoInternalSend.part.0
                0x000000000200dfd4       0xd4 C:/devkitPro/libnds/lib\libnds9.a(fifosystem.o)
 .text.fifoInternalSendInterrupt
                0x000000000200e0a8       0xa8 C:/devkitPro/libnds/lib\libnds9.a(fifosystem.o)
 .text.fifoSetValue32Handler
                0x000000000200e150       0xd8 C:/devkitPro/libnds/lib\libnds9.a(fifosystem.o)
                0x000000000200e150                fifoSetValue32Handler
 .text.fifoSendValue32
                0x000000000200e228       0x4c C:/devkitPro/libnds/lib\libnds9.a(fifosystem.o)
                0x000000000200e228                fifoSendValue32
 .text.fifoSendDatamsg
                0x000000000200e274       0x90 C:/devkitPro/libnds/lib\libnds9.a(fifosystem.o)
                0x000000000200e274                fifoSendDatamsg
 .text.fifoGetValue32
                0x000000000200e304       0x70 C:/devkitPro/libnds/lib\libnds9.a(fifosystem.o)
                0x000000000200e304                fifoGetValue32
 .text.fifoGetDatamsg
                0x000000000200e374       0xf4 C:/devkitPro/libnds/lib\libnds9.a(fifosystem.o)
                0x000000000200e374                fifoGetDatamsg
 .text.fifoInternalRecvInterrupt
                0x000000000200e468      0x380 C:/devkitPro/libnds/lib\libnds9.a(fifosystem.o)
 .text.fifoSetDatamsgHandler
                0x000000000200e7e8       0x9c C:/devkitPro/libnds/lib\libnds9.a(fifosystem.o)
                0x000000000200e7e8                fifoSetDatamsgHandler
 .text.fifoCheckValue32
                0x000000000200e884       0x24 C:/devkitPro/libnds/lib\libnds9.a(fifosystem.o)
                0x000000000200e884                fifoCheckValue32
 .text.fifoInit
                0x000000000200e8a8       0xf8 C:/devkitPro/libnds/lib\libnds9.a(fifosystem.o)
                0x000000000200e8a8                fifoInit
 .text.__libnds_mpu_setup
                0x000000000200e9a0      0x174 C:/devkitPro/libnds/lib\libnds9.a(mpu_setup.o)
                0x000000000200e9a0                __libnds_mpu_setup
 .text.memUncached
                0x000000000200eb14       0x20 C:/devkitPro/libnds/lib\libnds9.a(mpu_setup.o)
                0x000000000200eb14                memUncached
 .text.swiWaitForVBlank
                0x000000000200eb34        0x8 C:/devkitPro/libnds/lib\libnds9.a(IntrWait.o)
                0x000000000200eb34                swiWaitForVBlank
 .text.swiIntrWait
                0x000000000200eb3c       0x70 C:/devkitPro/libnds/lib\libnds9.a(IntrWait.o)
                0x000000000200eb3c                swiIntrWait
 .text.setCpuClock
                0x000000000200ebac       0x50 C:/devkitPro/libnds/lib\libnds9.a(cpu_clock.o)
                0x000000000200ebac                setCpuClock
 .text.swiSoftReset
                0x000000000200ebfc       0x2c C:/devkitPro/libnds/lib\libnds9.a(swiSoftReset.o)
                0x000000000200ebfc                swiSoftReset
 .text.swiDelay
                0x000000000200ec28        0x4 C:/devkitPro/libnds/lib\libnds9.a(biosCalls.o)
                0x000000000200ec28                swiDelay
 .text.swiCopy  0x000000000200ec2c        0x4 C:/devkitPro/libnds/lib\libnds9.a(biosCalls.o)
                0x000000000200ec2c                swiCopy
 .text.checkIfText
                0x000000000200ec30       0x5c C:/devkitPro/libnds/lib\libnds9.a(background.o)
                0x000000000200ec30                checkIfText
 .text.bgUpdate
                0x000000000200ec8c       0xf4 C:/devkitPro/libnds/lib\libnds9.a(background.o)
                0x000000000200ec8c                bgUpdate
 .text.bgInit_call
                0x000000000200ed80       0xc4 C:/devkitPro/libnds/lib\libnds9.a(background.o)
                0x000000000200ed80                bgInit_call
 .text.bgInitSub_call
                0x000000000200ee44       0xcc C:/devkitPro/libnds/lib\libnds9.a(background.o)
                0x000000000200ee44                bgInitSub_call
 .text.DynamicArrayInit
                0x000000000200ef10       0x18 C:/devkitPro/libnds/lib\libnds9.a(dynamicArray.o)
                0x000000000200ef10                DynamicArrayInit
 .text.DynamicArrayGet
                0x000000000200ef28       0x18 C:/devkitPro/libnds/lib\libnds9.a(dynamicArray.o)
                0x000000000200ef28                DynamicArrayGet
 .text.DynamicArraySet
                0x000000000200ef40       0x48 C:/devkitPro/libnds/lib\libnds9.a(dynamicArray.o)
                0x000000000200ef40                DynamicArraySet
 .text.vramRestorePrimaryBanks
                0x000000000200ef88        0xc C:/devkitPro/libnds/lib\libnds9.a(video.o)
                0x000000000200ef88                vramRestorePrimaryBanks
 .text.vramRestoreBanks_EFG
                0x000000000200ef94        0xc C:/devkitPro/libnds/lib\libnds9.a(video.o)
                0x000000000200ef94                vramRestoreBanks_EFG
 .text.vramDefault
                0x000000000200efa0       0xd0 C:/devkitPro/libnds/lib\libnds9.a(video.o)
                0x000000000200efa0                vramDefault
 .text.systemValueHandler
                0x000000000200f070       0x48 C:/devkitPro/libnds/lib\libnds9.a(system.o)
                0x000000000200f070                systemValueHandler
 .text.systemMsgHandler
                0x000000000200f0b8       0x60 C:/devkitPro/libnds/lib\libnds9.a(system.o)
                0x000000000200f0b8                systemMsgHandler
 .text.powerOn  0x000000000200f118       0x2c C:/devkitPro/libnds/lib\libnds9.a(system.o)
                0x000000000200f118                powerOn
 .text.DC_FlushRange
                0x000000000200f144       0x24 C:/devkitPro/libnds/lib\libnds9.a(dcache.o)
                0x000000000200f144                DC_FlushRange
 .text.__muldi3
                0x000000000200f168       0x54 c:/devkitpro/devkitarm/bin/../lib/gcc/arm-none-eabi/10.2.0/thumb\libgcc.a(_muldi3.o)
                0x000000000200f168                __muldi3
                0x000000000200f168                __aeabi_lmul
 .text.__udivmoddi4
                0x000000000200f1bc      0x19c c:/devkitpro/devkitarm/bin/../lib/gcc/arm-none-eabi/10.2.0/thumb\libgcc.a(_udivmoddi4.o)
                0x000000000200f1bc                __udivmoddi4
 .text.calloc   0x000000000200f358       0x18 c:/devkitpro/devkitarm/bin/../lib/gcc/arm-none-eabi/10.2.0/../../../../arm-none-eabi/lib/thumb\libg.a(lib_a-calloc.o)
                0x000000000200f358                calloc
 .text._calloc_r
                0x000000000200f370       0x60 c:/devkitpro/devkitarm/bin/../lib/gcc/arm-none-eabi/10.2.0/../../../../arm-none-eabi/lib/thumb\libg.a(lib_a-callocr.o)
                0x000000000200f370                _calloc_r
 .text._fclose_r
                0x000000000200f3d0       0xe8 c:/devkitpro/devkitarm/bin/../lib/gcc/arm-none-eabi/10.2.0/../../../../arm-none-eabi/lib/thumb\libg.a(lib_a-fclose.o)
                0x000000000200f3d0                _fclose_r
 .text.fclose   0x000000000200f4b8       0x14 c:/devkitpro/devkitarm/bin/../lib/gcc/arm-none-eabi/10.2.0/../../../../arm-none-eabi/lib/thumb\libg.a(lib_a-fclose.o)
                0x000000000200f4b8                fclose
 .text.__sflush_r
                0x000000000200f4cc      0x1c0 c:/devkitpro/devkitarm/bin/../lib/gcc/arm-none-eabi/10.2.0/../../../../arm-none-eabi/lib/thumb\libg.a(lib_a-fflush.o)
                0x000000000200f4cc                __sflush_r
 .text._fflush_r
                0x000000000200f68c       0x70 c:/devkitpro/devkitarm/bin/../lib/gcc/arm-none-eabi/10.2.0/../../../../arm-none-eabi/lib/thumb\libg.a(lib_a-fflush.o)
                0x000000000200f68c                _fflush_r
 .text.fflush   0x000000000200f6fc       0x2c c:/devkitpro/devkitarm/bin/../lib/gcc/arm-none-eabi/10.2.0/../../../../arm-none-eabi/lib/thumb\libg.a(lib_a-fflush.o)
                0x000000000200f6fc                fflush
 .text._cleanup_r
                0x000000000200f728       0x14 c:/devkitpro/devkitarm/bin/../lib/gcc/arm-none-eabi/10.2.0/../../../../arm-none-eabi/lib/thumb\libg.a(lib_a-findfp.o)
                0x000000000200f728                _cleanup_r
 .text.__sinit  0x000000000200f73c      0x124 c:/devkitpro/devkitarm/bin/../lib/gcc/arm-none-eabi/10.2.0/../../../../arm-none-eabi/lib/thumb\libg.a(lib_a-findfp.o)
                0x000000000200f73c                __sinit
 .text.__sfp    0x000000000200f860       0xdc c:/devkitpro/devkitarm/bin/../lib/gcc/arm-none-eabi/10.2.0/../../../../arm-none-eabi/lib/thumb\libg.a(lib_a-findfp.o)
                0x000000000200f860                __sfp
 .text.__sfp_lock_acquire
                0x000000000200f93c       0x14 c:/devkitpro/devkitarm/bin/../lib/gcc/arm-none-eabi/10.2.0/../../../../arm-none-eabi/lib/thumb\libg.a(lib_a-findfp.o)
                0x000000000200f93c                __sfp_lock_acquire
 .text.__sfp_lock_release
                0x000000000200f950       0x14 c:/devkitpro/devkitarm/bin/../lib/gcc/arm-none-eabi/10.2.0/../../../../arm-none-eabi/lib/thumb\libg.a(lib_a-findfp.o)
                0x000000000200f950                __sfp_lock_release
 .text._fopen_r
                0x000000000200f964       0xb8 c:/devkitpro/devkitarm/bin/../lib/gcc/arm-none-eabi/10.2.0/../../../../arm-none-eabi/lib/thumb\libg.a(lib_a-fopen.o)
                0x000000000200f964                _fopen_r
 .text.fopen    0x000000000200fa1c       0x18 c:/devkitpro/devkitarm/bin/../lib/gcc/arm-none-eabi/10.2.0/../../../../arm-none-eabi/lib/thumb\libg.a(lib_a-fopen.o)
                0x000000000200fa1c                fopen
 .text._fread_r
                0x000000000200fa34      0x1f0 c:/devkitpro/devkitarm/bin/../lib/gcc/arm-none-eabi/10.2.0/../../../../arm-none-eabi/lib/thumb\libg.a(lib_a-fread.o)
                0x000000000200fa34                _fread_r
 .text.fread    0x000000000200fc24       0x24 c:/devkitpro/devkitarm/bin/../lib/gcc/arm-none-eabi/10.2.0/../../../../arm-none-eabi/lib/thumb\libg.a(lib_a-fread.o)
                0x000000000200fc24                fread
 .text._malloc_trim_r
                0x000000000200fc48       0xa0 c:/devkitpro/devkitarm/bin/../lib/gcc/arm-none-eabi/10.2.0/../../../../arm-none-eabi/lib/thumb\libg.a(lib_a-freer.o)
                0x000000000200fc48                _malloc_trim_r
 .text._free_r  0x000000000200fce8      0x1e0 c:/devkitpro/devkitarm/bin/../lib/gcc/arm-none-eabi/10.2.0/../../../../arm-none-eabi/lib/thumb\libg.a(lib_a-freer.o)
                0x000000000200fce8                _free_r
 .text._fseek_r
                0x000000000200fec8       0x18 c:/devkitpro/devkitarm/bin/../lib/gcc/arm-none-eabi/10.2.0/../../../../arm-none-eabi/lib/thumb\libg.a(lib_a-fseek.o)
                0x000000000200fec8                _fseek_r
 .text._fseeko_r
                0x000000000200fee0      0x39c c:/devkitpro/devkitarm/bin/../lib/gcc/arm-none-eabi/10.2.0/../../../../arm-none-eabi/lib/thumb\libg.a(lib_a-fseeko.o)
                0x000000000200fee0                _fseeko_r
 .text._ftello_r
                0x000000000201027c      0x118 c:/devkitpro/devkitarm/bin/../lib/gcc/arm-none-eabi/10.2.0/../../../../arm-none-eabi/lib/thumb\libg.a(lib_a-ftello.o)
                0x000000000201027c                _ftello_r
 .text._fwalk   0x0000000002010394       0x48 c:/devkitpro/devkitarm/bin/../lib/gcc/arm-none-eabi/10.2.0/../../../../arm-none-eabi/lib/thumb\libg.a(lib_a-fwalk.o)
                0x0000000002010394                _fwalk
 .text._fwalk_reent
                0x00000000020103dc       0x50 c:/devkitpro/devkitarm/bin/../lib/gcc/arm-none-eabi/10.2.0/../../../../arm-none-eabi/lib/thumb\libg.a(lib_a-fwalk.o)
                0x00000000020103dc                _fwalk_reent
 .text._fwrite_r
                0x000000000201042c       0x94 c:/devkitpro/devkitarm/bin/../lib/gcc/arm-none-eabi/10.2.0/../../../../arm-none-eabi/lib/thumb\libg.a(lib_a-fwrite.o)
                0x000000000201042c                _fwrite_r
 .text.fwrite   0x00000000020104c0       0x24 c:/devkitpro/devkitarm/bin/../lib/gcc/arm-none-eabi/10.2.0/../../../../arm-none-eabi/lib/thumb\libg.a(lib_a-fwrite.o)
                0x00000000020104c0                fwrite
 .text.__libc_init_array
                0x00000000020104e4       0x50 c:/devkitpro/devkitarm/bin/../lib/gcc/arm-none-eabi/10.2.0/../../../../arm-none-eabi/lib/thumb\libg.a(lib_a-init.o)
                0x00000000020104e4                __libc_init_array
 .text.iprintf  0x0000000002010534       0x24 c:/devkitpro/devkitarm/bin/../lib/gcc/arm-none-eabi/10.2.0/../../../../arm-none-eabi/lib/thumb\libg.a(lib_a-iprintf.o)
                0x0000000002010534                iprintf
 .text.localtime_r
                0x0000000002010558      0x244 c:/devkitpro/devkitarm/bin/../lib/gcc/arm-none-eabi/10.2.0/../../../../arm-none-eabi/lib/thumb\libg.a(lib_a-lcltime_r.o)
                0x0000000002010558                localtime_r
 .text.__locale_mb_cur_max
                0x000000000201079c       0x10 c:/devkitpro/devkitarm/bin/../lib/gcc/arm-none-eabi/10.2.0/../../../../arm-none-eabi/lib/thumb\libg.a(lib_a-locale.o)
                0x000000000201079c                __locale_mb_cur_max
 .text.__smakebuf_r
                0x00000000020107ac       0xec c:/devkitpro/devkitarm/bin/../lib/gcc/arm-none-eabi/10.2.0/../../../../arm-none-eabi/lib/thumb\libg.a(lib_a-makebuf.o)
                0x00000000020107ac                __smakebuf_r
 .text.__swhatbuf_r
                0x0000000002010898       0x64 c:/devkitpro/devkitarm/bin/../lib/gcc/arm-none-eabi/10.2.0/../../../../arm-none-eabi/lib/thumb\libg.a(lib_a-makebuf.o)
                0x0000000002010898                __swhatbuf_r
 .text.malloc   0x00000000020108fc       0x14 c:/devkitpro/devkitarm/bin/../lib/gcc/arm-none-eabi/10.2.0/../../../../arm-none-eabi/lib/thumb\libg.a(lib_a-malloc.o)
                0x00000000020108fc                malloc
 .text.free     0x0000000002010910       0x14 c:/devkitpro/devkitarm/bin/../lib/gcc/arm-none-eabi/10.2.0/../../../../arm-none-eabi/lib/thumb\libg.a(lib_a-malloc.o)
                0x0000000002010910                free
 .text._malloc_r
                0x0000000002010924      0x59c c:/devkitpro/devkitarm/bin/../lib/gcc/arm-none-eabi/10.2.0/../../../../arm-none-eabi/lib/thumb\libg.a(lib_a-mallocr.o)
                0x0000000002010924                _malloc_r
 .text._mbrtowc_r
                0x0000000002010ec0       0x60 c:/devkitpro/devkitarm/bin/../lib/gcc/arm-none-eabi/10.2.0/../../../../arm-none-eabi/lib/thumb\libg.a(lib_a-mbrtowc.o)
                0x0000000002010ec0                _mbrtowc_r
 .text.mbrtowc  0x0000000002010f20       0x80 c:/devkitpro/devkitarm/bin/../lib/gcc/arm-none-eabi/10.2.0/../../../../arm-none-eabi/lib/thumb\libg.a(lib_a-mbrtowc.o)
                0x0000000002010f20                mbrtowc
 .text.mbsrtowcs
                0x0000000002010fa0       0x28 c:/devkitpro/devkitarm/bin/../lib/gcc/arm-none-eabi/10.2.0/../../../../arm-none-eabi/lib/thumb\libg.a(lib_a-mbsrtowcs.o)
                0x0000000002010fa0                mbsrtowcs
 .text.__utf8_mbtowc
                0x0000000002010fc8      0x280 c:/devkitpro/devkitarm/bin/../lib/gcc/arm-none-eabi/10.2.0/../../../../arm-none-eabi/lib/thumb\libg.a(lib_a-mbtowc_r.o)
                0x0000000002010fc8                __utf8_mbtowc
 .text.memcmp   0x0000000002011248       0x4c c:/devkitpro/devkitarm/bin/../lib/gcc/arm-none-eabi/10.2.0/../../../../arm-none-eabi/lib/thumb\libg.a(lib_a-memcmp.o)
                0x0000000002011248                memcmp
 .text.memcpy   0x0000000002011294       0xa8 c:/devkitpro/devkitarm/bin/../lib/gcc/arm-none-eabi/10.2.0/../../../../arm-none-eabi/lib/thumb\libg.a(lib_a-memcpy-stub.o)
                0x0000000002011294                memcpy
 .text.memmove  0x000000000201133c       0xbc c:/devkitpro/devkitarm/bin/../lib/gcc/arm-none-eabi/10.2.0/../../../../arm-none-eabi/lib/thumb\libg.a(lib_a-memmove.o)
                0x000000000201133c                memmove
 .text.memset   0x00000000020113f8       0xb0 c:/devkitpro/devkitarm/bin/../lib/gcc/arm-none-eabi/10.2.0/../../../../arm-none-eabi/lib/thumb\libg.a(lib_a-memset.o)
                0x00000000020113f8                memset
 .text.validate_structure
                0x00000000020114a8      0x1e8 c:/devkitpro/devkitarm/bin/../lib/gcc/arm-none-eabi/10.2.0/../../../../arm-none-eabi/lib/thumb\libg.a(lib_a-mktime.o)
 .text.mktime   0x0000000002011690      0x450 c:/devkitpro/devkitarm/bin/../lib/gcc/arm-none-eabi/10.2.0/../../../../arm-none-eabi/lib/thumb\libg.a(lib_a-mktime.o)
                0x0000000002011690                mktime
 .text.__malloc_lock
                0x0000000002011ae0       0x14 c:/devkitpro/devkitarm/bin/../lib/gcc/arm-none-eabi/10.2.0/../../../../arm-none-eabi/lib/thumb\libg.a(lib_a-mlock.o)
                0x0000000002011ae0                __malloc_lock
 .text.__malloc_unlock
                0x0000000002011af4       0x14 c:/devkitpro/devkitarm/bin/../lib/gcc/arm-none-eabi/10.2.0/../../../../arm-none-eabi/lib/thumb\libg.a(lib_a-mlock.o)
                0x0000000002011af4                __malloc_unlock
 .text.rand     0x0000000002011b08       0x34 c:/devkitpro/devkitarm/bin/../lib/gcc/arm-none-eabi/10.2.0/../../../../arm-none-eabi/lib/thumb\libg.a(lib_a-rand.o)
                0x0000000002011b08                rand
 .text.realloc  0x0000000002011b3c       0x18 c:/devkitpro/devkitarm/bin/../lib/gcc/arm-none-eabi/10.2.0/../../../../arm-none-eabi/lib/thumb\libg.a(lib_a-realloc.o)
                0x0000000002011b3c                realloc
 .text._realloc_r
                0x0000000002011b54      0x38c c:/devkitpro/devkitarm/bin/../lib/gcc/arm-none-eabi/10.2.0/../../../../arm-none-eabi/lib/thumb\libg.a(lib_a-reallocr.o)
                0x0000000002011b54                _realloc_r
 .text.lflush   0x0000000002011ee0       0x20 c:/devkitpro/devkitarm/bin/../lib/gcc/arm-none-eabi/10.2.0/../../../../arm-none-eabi/lib/thumb\libg.a(lib_a-refill.o)
 .text.__srefill_r
                0x0000000002011f00      0x118 c:/devkitpro/devkitarm/bin/../lib/gcc/arm-none-eabi/10.2.0/../../../../arm-none-eabi/lib/thumb\libg.a(lib_a-refill.o)
                0x0000000002011f00                __srefill_r
 .text.setvbuf  0x0000000002012018      0x1ac c:/devkitpro/devkitarm/bin/../lib/gcc/arm-none-eabi/10.2.0/../../../../arm-none-eabi/lib/thumb\libg.a(lib_a-setvbuf.o)
                0x0000000002012018                setvbuf
 .text.siscanf  0x00000000020121c4       0x4c c:/devkitpro/devkitarm/bin/../lib/gcc/arm-none-eabi/10.2.0/../../../../arm-none-eabi/lib/thumb\libg.a(lib_a-siscanf.o)
                0x00000000020121c4                siscanf
 .text.__sread  0x0000000002012210       0x34 c:/devkitpro/devkitarm/bin/../lib/gcc/arm-none-eabi/10.2.0/../../../../arm-none-eabi/lib/thumb\libg.a(lib_a-stdio.o)
                0x0000000002012210                __sread
 .text.__seofread
                0x0000000002012244        0x4 c:/devkitpro/devkitarm/bin/../lib/gcc/arm-none-eabi/10.2.0/../../../../arm-none-eabi/lib/thumb\libg.a(lib_a-stdio.o)
                0x0000000002012244                __seofread
 .text.__swrite
                0x0000000002012248       0x54 c:/devkitpro/devkitarm/bin/../lib/gcc/arm-none-eabi/10.2.0/../../../../arm-none-eabi/lib/thumb\libg.a(lib_a-stdio.o)
                0x0000000002012248                __swrite
 .text.__sseek  0x000000000201229c       0x40 c:/devkitpro/devkitarm/bin/../lib/gcc/arm-none-eabi/10.2.0/../../../../arm-none-eabi/lib/thumb\libg.a(lib_a-stdio.o)
                0x000000000201229c                __sseek
 .text.__sclose
                0x00000000020122dc       0x10 c:/devkitpro/devkitarm/bin/../lib/gcc/arm-none-eabi/10.2.0/../../../../arm-none-eabi/lib/thumb\libg.a(lib_a-stdio.o)
                0x00000000020122dc                __sclose
 .text.stpcpy   0x00000000020122ec       0x50 c:/devkitpro/devkitarm/bin/../lib/gcc/arm-none-eabi/10.2.0/../../../../arm-none-eabi/lib/thumb\libg.a(lib_a-stpcpy.o)
                0x00000000020122ec                stpcpy
 .text.strchr   0x000000000201233c       0xc8 c:/devkitpro/devkitarm/bin/../lib/gcc/arm-none-eabi/10.2.0/../../../../arm-none-eabi/lib/thumb\libg.a(lib_a-strchr.o)
                0x000000000201233c                strchr
 .text.strcpy   0x0000000002012404       0x10 c:/devkitpro/devkitarm/bin/../lib/gcc/arm-none-eabi/10.2.0/../../../../arm-none-eabi/lib/thumb\libg.a(lib_a-strcpy.o)
                0x0000000002012404                strcpy
 .text.strlen   0x0000000002012414       0x60 c:/devkitpro/devkitarm/bin/../lib/gcc/arm-none-eabi/10.2.0/../../../../arm-none-eabi/lib/thumb\libg.a(lib_a-strlen-stub.o)
                0x0000000002012414                strlen
 .text.strncasecmp
                0x0000000002012474       0x54 c:/devkitpro/devkitarm/bin/../lib/gcc/arm-none-eabi/10.2.0/../../../../arm-none-eabi/lib/thumb\libg.a(lib_a-strncasecmp.o)
                0x0000000002012474                strncasecmp
 .text.strncmp  0x00000000020124c8       0x78 c:/devkitpro/devkitarm/bin/../lib/gcc/arm-none-eabi/10.2.0/../../../../arm-none-eabi/lib/thumb\libg.a(lib_a-strncmp.o)
                0x00000000020124c8                strncmp
 .text.strncpy  0x0000000002012540       0x74 c:/devkitpro/devkitarm/bin/../lib/gcc/arm-none-eabi/10.2.0/../../../../arm-none-eabi/lib/thumb\libg.a(lib_a-strncpy.o)
                0x0000000002012540                strncpy
 .text.strnlen  0x00000000020125b4       0x28 c:/devkitpro/devkitarm/bin/../lib/gcc/arm-none-eabi/10.2.0/../../../../arm-none-eabi/lib/thumb\libg.a(lib_a-strnlen.o)
                0x00000000020125b4                strnlen
 .text.strpbrk  0x00000000020125dc       0x40 c:/devkitpro/devkitarm/bin/../lib/gcc/arm-none-eabi/10.2.0/../../../../arm-none-eabi/lib/thumb\libg.a(lib_a-strpbrk.o)
                0x00000000020125dc                strpbrk
 .text.strrchr  0x000000000201261c       0x2c c:/devkitpro/devkitarm/bin/../lib/gcc/arm-none-eabi/10.2.0/../../../../arm-none-eabi/lib/thumb\libg.a(lib_a-strrchr.o)
                0x000000000201261c                strrchr
 .text._strtol_l.part.0
                0x0000000002012648      0x150 c:/devkitpro/devkitarm/bin/../lib/gcc/arm-none-eabi/10.2.0/../../../../arm-none-eabi/lib/thumb\libg.a(lib_a-strtol.o)
 .text._strtol_r
                0x0000000002012798       0x20 c:/devkitpro/devkitarm/bin/../lib/gcc/arm-none-eabi/10.2.0/../../../../arm-none-eabi/lib/thumb\libg.a(lib_a-strtol.o)
                0x0000000002012798                _strtol_r
 .text.get_arg  0x00000000020127b8       0x32 c:/devkitpro/devkitarm/bin/../lib/gcc/arm-none-eabi/10.2.0/../../../../arm-none-eabi/lib/thumb\libg.a(lib_a-svfiscanf.o)
 .text._sungetc_r
                0x00000000020127ea       0x7e c:/devkitpro/devkitarm/bin/../lib/gcc/arm-none-eabi/10.2.0/../../../../arm-none-eabi/lib/thumb\libg.a(lib_a-svfiscanf.o)
                0x00000000020127ea                _sungetc_r
 .text.__ssrefill_r
                0x0000000002012868       0x42 c:/devkitpro/devkitarm/bin/../lib/gcc/arm-none-eabi/10.2.0/../../../../arm-none-eabi/lib/thumb\libg.a(lib_a-svfiscanf.o)
                0x0000000002012868                __ssrefill_r
 .text._sfread_r
                0x00000000020128aa       0x8a c:/devkitpro/devkitarm/bin/../lib/gcc/arm-none-eabi/10.2.0/../../../../arm-none-eabi/lib/thumb\libg.a(lib_a-svfiscanf.o)
                0x00000000020128aa                _sfread_r
 .text.__ssvfiscanf_r
                0x0000000002012934     0x1b6c c:/devkitpro/devkitarm/bin/../lib/gcc/arm-none-eabi/10.2.0/../../../../arm-none-eabi/lib/thumb\libg.a(lib_a-svfiscanf.o)
                0x0000000002012934                __ssvfiscanf_r
 .text.time     0x00000000020144a0       0x34 c:/devkitpro/devkitarm/bin/../lib/gcc/arm-none-eabi/10.2.0/../../../../arm-none-eabi/lib/thumb\libg.a(lib_a-time.o)
                0x00000000020144a0                time
 .text.towlower
                0x00000000020144d4       0x10 c:/devkitpro/devkitarm/bin/../lib/gcc/arm-none-eabi/10.2.0/../../../../arm-none-eabi/lib/thumb\libg.a(lib_a-towlower.o)
                0x00000000020144d4                towlower
 .text.towupper
                0x00000000020144e4       0x10 c:/devkitpro/devkitarm/bin/../lib/gcc/arm-none-eabi/10.2.0/../../../../arm-none-eabi/lib/thumb\libg.a(lib_a-towupper.o)
                0x00000000020144e4                towupper
 .text.__tzcalc_limits
                0x00000000020144f4      0x1a8 c:/devkitpro/devkitarm/bin/../lib/gcc/arm-none-eabi/10.2.0/../../../../arm-none-eabi/lib/thumb\libg.a(lib_a-tzcalc_limits.o)
                0x00000000020144f4                __tzcalc_limits
 .text.__tz_lock
                0x000000000201469c       0x14 c:/devkitpro/devkitarm/bin/../lib/gcc/arm-none-eabi/10.2.0/../../../../arm-none-eabi/lib/thumb\libg.a(lib_a-tzlock.o)
                0x000000000201469c                __tz_lock
 .text.__tz_unlock
                0x00000000020146b0       0x14 c:/devkitpro/devkitarm/bin/../lib/gcc/arm-none-eabi/10.2.0/../../../../arm-none-eabi/lib/thumb\libg.a(lib_a-tzlock.o)
                0x00000000020146b0                __tz_unlock
 .text._tzset_unlocked
                0x00000000020146c4       0x10 c:/devkitpro/devkitarm/bin/../lib/gcc/arm-none-eabi/10.2.0/../../../../arm-none-eabi/lib/thumb\libg.a(lib_a-tzset.o)
                0x00000000020146c4                _tzset_unlocked
 .text._tzset_unlocked_r
                0x00000000020146d4      0x360 c:/devkitpro/devkitarm/bin/../lib/gcc/arm-none-eabi/10.2.0/../../../../arm-none-eabi/lib/thumb\libg.a(lib_a-tzset_r.o)
                0x00000000020146d4                _tzset_unlocked_r
 .text.__submore
                0x0000000002014a34       0x88 c:/devkitpro/devkitarm/bin/../lib/gcc/arm-none-eabi/10.2.0/../../../../arm-none-eabi/lib/thumb\libg.a(lib_a-ungetc.o)
                0x0000000002014a34                __submore
 .text.get_arg  0x0000000002014abc      0x3f0 c:/devkitpro/devkitarm/bin/../lib/gcc/arm-none-eabi/10.2.0/../../../../arm-none-eabi/lib/thumb\libg.a(lib_a-vfiprintf.o)
 .text.__sprint_r
                0x0000000002014eac       0x20 c:/devkitpro/devkitarm/bin/../lib/gcc/arm-none-eabi/10.2.0/../../../../arm-none-eabi/lib/thumb\libg.a(lib_a-vfiprintf.o)
                0x0000000002014eac                __sprint_r
 .text._vfiprintf_r
                0x0000000002014ecc     0x1800 c:/devkitpro/devkitarm/bin/../lib/gcc/arm-none-eabi/10.2.0/../../../../arm-none-eabi/lib/thumb\libg.a(lib_a-vfiprintf.o)
                0x0000000002014ecc                _vfiprintf_r
 .text.__sbprintf
                0x00000000020166cc       0x8c c:/devkitpro/devkitarm/bin/../lib/gcc/arm-none-eabi/10.2.0/../../../../arm-none-eabi/lib/thumb\libg.a(lib_a-vfiprintf.o)
 .text._wcrtomb_r
                0x0000000002016758       0x5c c:/devkitpro/devkitarm/bin/../lib/gcc/arm-none-eabi/10.2.0/../../../../arm-none-eabi/lib/thumb\libg.a(lib_a-wcrtomb.o)
                0x0000000002016758                _wcrtomb_r
 .text.wcrtomb  0x00000000020167b4       0x74 c:/devkitpro/devkitarm/bin/../lib/gcc/arm-none-eabi/10.2.0/../../../../arm-none-eabi/lib/thumb\libg.a(lib_a-wcrtomb.o)
                0x00000000020167b4                wcrtomb
 .text._wcsrtombs_r
                0x0000000002016828       0x1c c:/devkitpro/devkitarm/bin/../lib/gcc/arm-none-eabi/10.2.0/../../../../arm-none-eabi/lib/thumb\libg.a(lib_a-wcsrtombs.o)
                0x0000000002016828                _wcsrtombs_r
 .text.wctob    0x0000000002016844       0x48 c:/devkitpro/devkitarm/bin/../lib/gcc/arm-none-eabi/10.2.0/../../../../arm-none-eabi/lib/thumb\libg.a(lib_a-wctob.o)
                0x0000000002016844                wctob
 .text.__utf8_wctomb
                0x000000000201688c       0xb4 c:/devkitpro/devkitarm/bin/../lib/gcc/arm-none-eabi/10.2.0/../../../../arm-none-eabi/lib/thumb\libg.a(lib_a-wctomb_r.o)
                0x000000000201688c                __utf8_wctomb
 .text.__swsetup_r
                0x0000000002016940       0xe4 c:/devkitpro/devkitarm/bin/../lib/gcc/arm-none-eabi/10.2.0/../../../../arm-none-eabi/lib/thumb\libg.a(lib_a-wsetup.o)
                0x0000000002016940                __swsetup_r
 .text.div      0x0000000002016a24       0x34 c:/devkitpro/devkitarm/bin/../lib/gcc/arm-none-eabi/10.2.0/../../../../arm-none-eabi/lib/thumb\libg.a(lib_a-div.o)
                0x0000000002016a24                div
 .text.__errno  0x0000000002016a58        0xc c:/devkitpro/devkitarm/bin/../lib/gcc/arm-none-eabi/10.2.0/../../../../arm-none-eabi/lib/thumb\libg.a(lib_a-errno.o)
                0x0000000002016a58                __errno
 .text.__sflags
                0x0000000002016a64       0xa4 c:/devkitpro/devkitarm/bin/../lib/gcc/arm-none-eabi/10.2.0/../../../../arm-none-eabi/lib/thumb\libg.a(lib_a-flags.o)
                0x0000000002016a64                __sflags
 .text.__sfvwrite_r
                0x0000000002016b08      0x324 c:/devkitpro/devkitarm/bin/../lib/gcc/arm-none-eabi/10.2.0/../../../../arm-none-eabi/lib/thumb\libg.a(lib_a-fvwrite.o)
                0x0000000002016b08                __sfvwrite_r
 .text._findenv_r
                0x0000000002016e2c       0x94 c:/devkitpro/devkitarm/bin/../lib/gcc/arm-none-eabi/10.2.0/../../../../arm-none-eabi/lib/thumb\libg.a(lib_a-getenv_r.o)
                0x0000000002016e2c                _findenv_r
 .text._getenv_r
                0x0000000002016ec0       0x10 c:/devkitpro/devkitarm/bin/../lib/gcc/arm-none-eabi/10.2.0/../../../../arm-none-eabi/lib/thumb\libg.a(lib_a-getenv_r.o)
                0x0000000002016ec0                _getenv_r
 .text.__gettzinfo
                0x0000000002016ed0        0x8 c:/devkitpro/devkitarm/bin/../lib/gcc/arm-none-eabi/10.2.0/../../../../arm-none-eabi/lib/thumb\libg.a(lib_a-gettzinfo.o)
                0x0000000002016ed0                __gettzinfo
 .text.gmtime_r
                0x0000000002016ed8      0x1d8 c:/devkitpro/devkitarm/bin/../lib/gcc/arm-none-eabi/10.2.0/../../../../arm-none-eabi/lib/thumb\libg.a(lib_a-gmtime_r.o)
                0x0000000002016ed8                gmtime_r
 .text.iswspace
                0x00000000020170b0       0x10 c:/devkitpro/devkitarm/bin/../lib/gcc/arm-none-eabi/10.2.0/../../../../arm-none-eabi/lib/thumb\libg.a(lib_a-iswspace.o)
                0x00000000020170b0                iswspace
 .text._localeconv_r
                0x00000000020170c0        0x8 c:/devkitpro/devkitarm/bin/../lib/gcc/arm-none-eabi/10.2.0/../../../../arm-none-eabi/lib/thumb\libg.a(lib_a-localeconv.o)
                0x00000000020170c0                _localeconv_r
 .text._mbsnrtowcs_r
                0x00000000020170c8       0xc0 c:/devkitpro/devkitarm/bin/../lib/gcc/arm-none-eabi/10.2.0/../../../../arm-none-eabi/lib/thumb\libg.a(lib_a-mbsnrtowcs.o)
                0x00000000020170c8                _mbsnrtowcs_r
 .text.memchr   0x0000000002017188       0x78 c:/devkitpro/devkitarm/bin/../lib/gcc/arm-none-eabi/10.2.0/../../../../arm-none-eabi/lib/thumb\libg.a(lib_a-memchr-stub.o)
                0x0000000002017188                memchr
 .text.__sccl   0x0000000002017200       0x90 c:/devkitpro/devkitarm/bin/../lib/gcc/arm-none-eabi/10.2.0/../../../../arm-none-eabi/lib/thumb\libg.a(lib_a-sccl.o)
                0x0000000002017200                __sccl
 .text._strtoll_l.constprop.0
                0x0000000002017290      0x1ac c:/devkitpro/devkitarm/bin/../lib/gcc/arm-none-eabi/10.2.0/../../../../arm-none-eabi/lib/thumb\libg.a(lib_a-strtoll.o)
 .text._strtoll_r
                0x000000000201743c        0xc c:/devkitpro/devkitarm/bin/../lib/gcc/arm-none-eabi/10.2.0/../../../../arm-none-eabi/lib/thumb\libg.a(lib_a-strtoll.o)
                0x000000000201743c                _strtoll_r
 .text._strtoull_l.constprop.0
                0x0000000002017448      0x1c8 c:/devkitpro/devkitarm/bin/../lib/gcc/arm-none-eabi/10.2.0/../../../../arm-none-eabi/lib/thumb\libg.a(lib_a-strtoull.o)
 .text._strtoull_r
                0x0000000002017610        0xc c:/devkitpro/devkitarm/bin/../lib/gcc/arm-none-eabi/10.2.0/../../../../arm-none-eabi/lib/thumb\libg.a(lib_a-strtoull.o)
                0x0000000002017610                _strtoull_r
 .text._strtoul_l.constprop.0
                0x000000000201761c      0x148 c:/devkitpro/devkitarm/bin/../lib/gcc/arm-none-eabi/10.2.0/../../../../arm-none-eabi/lib/thumb\libg.a(lib_a-strtoul.o)
 .text._strtoul_r
                0x0000000002017764        0xc c:/devkitpro/devkitarm/bin/../lib/gcc/arm-none-eabi/10.2.0/../../../../arm-none-eabi/lib/thumb\libg.a(lib_a-strtoul.o)
                0x0000000002017764                _strtoul_r
 .text.strtoul  0x0000000002017770       0x1c c:/devkitpro/devkitarm/bin/../lib/gcc/arm-none-eabi/10.2.0/../../../../arm-none-eabi/lib/thumb\libg.a(lib_a-strtoul.o)
                0x0000000002017770                strtoul
 .text.towctrans
                0x000000000201778c       0x28 c:/devkitpro/devkitarm/bin/../lib/gcc/arm-none-eabi/10.2.0/../../../../arm-none-eabi/lib/thumb\libg.a(lib_a-towctrans.o)
                0x000000000201778c                towctrans
 .text._wcsnrtombs_l
                0x00000000020177b4      0x138 c:/devkitpro/devkitarm/bin/../lib/gcc/arm-none-eabi/10.2.0/../../../../arm-none-eabi/lib/thumb\libg.a(lib_a-wcsnrtombs.o)
                0x00000000020177b4                _wcsnrtombs_l
 .text._wcsnrtombs_r
                0x00000000020178ec       0x30 c:/devkitpro/devkitarm/bin/../lib/gcc/arm-none-eabi/10.2.0/../../../../arm-none-eabi/lib/thumb\libg.a(lib_a-wcsnrtombs.o)
                0x00000000020178ec                _wcsnrtombs_r
 .text.__env_lock
                0x000000000201791c       0x14 c:/devkitpro/devkitarm/bin/../lib/gcc/arm-none-eabi/10.2.0/../../../../arm-none-eabi/lib/thumb\libg.a(lib_a-envlock.o)
                0x000000000201791c                __env_lock
 .text.__env_unlock
                0x0000000002017930       0x14 c:/devkitpro/devkitarm/bin/../lib/gcc/arm-none-eabi/10.2.0/../../../../arm-none-eabi/lib/thumb\libg.a(lib_a-envlock.o)
                0x0000000002017930                __env_unlock
 .text.iswspace_l
                0x0000000002017944       0x2c c:/devkitpro/devkitarm/bin/../lib/gcc/arm-none-eabi/10.2.0/../../../../arm-none-eabi/lib/thumb\libg.a(lib_a-iswspace_l.o)
                0x0000000002017944                iswspace_l
 .text.__jp2uc  0x0000000002017970      0x164 c:/devkitpro/devkitarm/bin/../lib/gcc/arm-none-eabi/10.2.0/../../../../arm-none-eabi/lib/thumb\libg.a(lib_a-jp2uc.o)
 .text._jp2uc_l
                0x0000000002017ad4       0x6c c:/devkitpro/devkitarm/bin/../lib/gcc/arm-none-eabi/10.2.0/../../../../arm-none-eabi/lib/thumb\libg.a(lib_a-jp2uc.o)
                0x0000000002017ad4                _jp2uc_l
 .text._uc2jp_l
                0x0000000002017b40       0x4c c:/devkitpro/devkitarm/bin/../lib/gcc/arm-none-eabi/10.2.0/../../../../arm-none-eabi/lib/thumb\libg.a(lib_a-jp2uc.o)
                0x0000000002017b40                _uc2jp_l
 .text.towctrans_l
                0x0000000002017b8c      0x1b4 c:/devkitpro/devkitarm/bin/../lib/gcc/arm-none-eabi/10.2.0/../../../../arm-none-eabi/lib/thumb\libg.a(lib_a-towctrans_l.o)
                0x0000000002017b8c                towctrans_l
 .text.category
                0x0000000002017d40       0x54 c:/devkitpro/devkitarm/bin/../lib/gcc/arm-none-eabi/10.2.0/../../../../arm-none-eabi/lib/thumb\libg.a(lib_a-categories.o)
                0x0000000002017d40                category
 .text.null_write
                0x0000000002017d94        0x4 c:/devkitpro/devkitarm/bin/../lib/gcc/arm-none-eabi/10.2.0/../../../../arm-none-eabi/lib/thumb\libsysbase.a(iosupport.o)
 .text.setDefaultDevice
                0x0000000002017d98       0x10 c:/devkitpro/devkitarm/bin/../lib/gcc/arm-none-eabi/10.2.0/../../../../arm-none-eabi/lib/thumb\libsysbase.a(iosupport.o)
                0x0000000002017d98                setDefaultDevice
 .text.FindDevice
                0x0000000002017da8       0x98 c:/devkitpro/devkitarm/bin/../lib/gcc/arm-none-eabi/10.2.0/../../../../arm-none-eabi/lib/thumb\libsysbase.a(iosupport.o)
                0x0000000002017da8                FindDevice
 .text.AddDevice
                0x0000000002017e40       0x78 c:/devkitpro/devkitarm/bin/../lib/gcc/arm-none-eabi/10.2.0/../../../../arm-none-eabi/lib/thumb\libsysbase.a(iosupport.o)
                0x0000000002017e40                AddDevice
 .text.GetDeviceOpTab
                0x0000000002017eb8       0x20 c:/devkitpro/devkitarm/bin/../lib/gcc/arm-none-eabi/10.2.0/../../../../arm-none-eabi/lib/thumb\libsysbase.a(iosupport.o)
                0x0000000002017eb8                GetDeviceOpTab
 .text._fstat_r
                0x0000000002017ed8       0x4c c:/devkitpro/devkitarm/bin/../lib/gcc/arm-none-eabi/10.2.0/../../../../arm-none-eabi/lib/thumb\libsysbase.a(fstat.o)
                0x0000000002017ed8                _fstat_r
 .text._gettimeofday_r
                0x0000000002017f24       0x28 c:/devkitpro/devkitarm/bin/../lib/gcc/arm-none-eabi/10.2.0/../../../../arm-none-eabi/lib/thumb\libsysbase.a(gettod.o)
                0x0000000002017f24                _gettimeofday_r
 .text._isatty_r
                0x0000000002017f4c        0x4 c:/devkitpro/devkitarm/bin/../lib/gcc/arm-none-eabi/10.2.0/../../../../arm-none-eabi/lib/thumb\libsysbase.a(isatty.o)
                0x0000000002017f4c                _isatty_r
 .text._lseek_r
                0x0000000002017f50       0x5c c:/devkitpro/devkitarm/bin/../lib/gcc/arm-none-eabi/10.2.0/../../../../arm-none-eabi/lib/thumb\libsysbase.a(lseek.o)
                0x0000000002017f50                _lseek_r
 .text._open_r  0x0000000002017fac       0x9c c:/devkitpro/devkitarm/bin/../lib/gcc/arm-none-eabi/10.2.0/../../../../arm-none-eabi/lib/thumb\libsysbase.a(open.o)
                0x0000000002017fac                _open_r
 .text._read_r  0x0000000002018048       0x50 c:/devkitpro/devkitarm/bin/../lib/gcc/arm-none-eabi/10.2.0/../../../../arm-none-eabi/lib/thumb\libsysbase.a(read.o)
                0x0000000002018048                _read_r
 .text._sbrk_r  0x0000000002018098       0x54 c:/devkitpro/devkitarm/bin/../lib/gcc/arm-none-eabi/10.2.0/../../../../arm-none-eabi/lib/thumb\libsysbase.a(sbrk.o)
                0x0000000002018098                _sbrk_r
 .text._write_r
                0x00000000020180ec       0x50 c:/devkitpro/devkitarm/bin/../lib/gcc/arm-none-eabi/10.2.0/../../../../arm-none-eabi/lib/thumb\libsysbase.a(write.o)
                0x00000000020180ec                _write_r
 .text._concatenate_path
                0x000000000201813c      0x128 c:/devkitpro/devkitarm/bin/../lib/gcc/arm-none-eabi/10.2.0/../../../../arm-none-eabi/lib/thumb\libsysbase.a(chdir.o)
                0x000000000201813c                _concatenate_path
 .text.chdir    0x0000000002018264       0xec c:/devkitpro/devkitarm/bin/../lib/gcc/arm-none-eabi/10.2.0/../../../../arm-none-eabi/lib/thumb\libsysbase.a(chdir.o)
                0x0000000002018264                chdir
 .text.build_argv
                0x0000000002018350       0x4c c:/devkitpro/devkitarm/bin/../lib/gcc/arm-none-eabi/10.2.0/../../../../arm-none-eabi/lib/thumb\libsysbase.a(build_argv.o)
                0x0000000002018350                build_argv
 .text.__flockfile
                0x000000000201839c       0x10 c:/devkitpro/devkitarm/bin/../lib/gcc/arm-none-eabi/10.2.0/../../../../arm-none-eabi/lib/thumb\libsysbase.a(flock.o)
                0x000000000201839c                __flockfile
 .text.__funlockfile
                0x00000000020183ac       0x10 c:/devkitpro/devkitarm/bin/../lib/gcc/arm-none-eabi/10.2.0/../../../../arm-none-eabi/lib/thumb\libsysbase.a(flock.o)
                0x00000000020183ac                __funlockfile
 .text.__libc_lock_acquire
                0x00000000020183bc       0x1c c:/devkitpro/devkitarm/bin/../lib/gcc/arm-none-eabi/10.2.0/../../../../arm-none-eabi/lib/thumb\libsysbase.a(syscall_support.o)
                0x00000000020183bc                __libc_lock_acquire
 .text.__libc_lock_release
                0x00000000020183d8       0x1c c:/devkitpro/devkitarm/bin/../lib/gcc/arm-none-eabi/10.2.0/../../../../arm-none-eabi/lib/thumb\libsysbase.a(syscall_support.o)
                0x00000000020183d8                __libc_lock_release
 .text.__libc_lock_init_recursive
                0x00000000020183f4       0x1c c:/devkitpro/devkitarm/bin/../lib/gcc/arm-none-eabi/10.2.0/../../../../arm-none-eabi/lib/thumb\libsysbase.a(syscall_support.o)
                0x00000000020183f4                __libc_lock_init_recursive
 .text.__libc_lock_acquire_recursive
                0x0000000002018410       0x1c c:/devkitpro/devkitarm/bin/../lib/gcc/arm-none-eabi/10.2.0/../../../../arm-none-eabi/lib/thumb\libsysbase.a(syscall_support.o)
                0x0000000002018410                __libc_lock_acquire_recursive
 .text.__libc_lock_release_recursive
                0x000000000201842c       0x1c c:/devkitpro/devkitarm/bin/../lib/gcc/arm-none-eabi/10.2.0/../../../../arm-none-eabi/lib/thumb\libsysbase.a(syscall_support.o)
                0x000000000201842c                __libc_lock_release_recursive
 .text.__libc_lock_close_recursive
                0x0000000002018448       0x1c c:/devkitpro/devkitarm/bin/../lib/gcc/arm-none-eabi/10.2.0/../../../../arm-none-eabi/lib/thumb\libsysbase.a(syscall_support.o)
                0x0000000002018448                __libc_lock_close_recursive
 .text.__release_handle
                0x0000000002018464       0x68 c:/devkitpro/devkitarm/bin/../lib/gcc/arm-none-eabi/10.2.0/../../../../arm-none-eabi/lib/thumb\libsysbase.a(handle_manager.o)
                0x0000000002018464                __release_handle
 .text.__alloc_handle
                0x00000000020184cc       0x80 c:/devkitpro/devkitarm/bin/../lib/gcc/arm-none-eabi/10.2.0/../../../../arm-none-eabi/lib/thumb\libsysbase.a(handle_manager.o)
                0x00000000020184cc                __alloc_handle
 .text.__get_handle
                0x000000000201854c       0x34 c:/devkitpro/devkitarm/bin/../lib/gcc/arm-none-eabi/10.2.0/../../../../arm-none-eabi/lib/thumb\libsysbase.a(handle_manager.o)
                0x000000000201854c                __get_handle
 .text._close_r
                0x0000000002018580       0xb8 c:/devkitpro/devkitarm/bin/../lib/gcc/arm-none-eabi/10.2.0/../../../../arm-none-eabi/lib/thumb\libsysbase.a(handle_manager.o)
                0x0000000002018580                _close_r
 .text.__getreent
                0x0000000002018638       0x28 c:/devkitpro/devkitarm/bin/../lib/gcc/arm-none-eabi/10.2.0/../../../../arm-none-eabi/lib/thumb\libsysbase.a(getreent.o)
                0x0000000002018638                __getreent
 .text.__getreent.__stub
                0x0000000002018660       0x98 linker stubs
 *(EXCLUDE_FILE(*.twl*) .gnu.warning)
 *(EXCLUDE_FILE(*.twl*) .gnu.linkonce.t*)
 *(.glue_7)
 .glue_7        0x0000000002018708        0x0 linker stubs
 *(.glue_7t)
 .glue_7t       0x0000000002018708        0x0 linker stubs
                0x0000000002018708                . = ALIGN (0x4)

.vfp11_veneer   0x0000000002018708        0x0
 .vfp11_veneer  0x0000000002018708        0x0 linker stubs

.v4_bx          0x0000000002018708        0x0
 .v4_bx         0x0000000002018708        0x0 linker stubs

.iplt           0x0000000002018708        0x0
 .iplt          0x0000000002018708        0x0 c:/devkitpro/devkitarm/bin/../lib/gcc/arm-none-eabi/10.2.0/../../../../arm-none-eabi/lib/thumb/ds_arm9_crt0.o

.fini           0x0000000002018708        0xc
 *(.fini)
 .fini          0x0000000002018708        0x4 c:/devkitpro/devkitarm/bin/../lib/gcc/arm-none-eabi/10.2.0/thumb/crti.o
                0x0000000002018708                _fini
 .fini          0x000000000201870c        0x8 c:/devkitpro/devkitarm/bin/../lib/gcc/arm-none-eabi/10.2.0/thumb/crtn.o
                0x0000000002018714                __text_end = .

.rodata         0x0000000002018720     0x92c8
 *(EXCLUDE_FILE(*.twl*) .rodata)
 .rodata        0x0000000002018720       0x24 C:/devkitPro/libnds/lib\libnds9.a(videoGL.o)
 *all.rodata*(*)
 *(EXCLUDE_FILE(*.twl*) .roda)
 *(EXCLUDE_FILE(*.twl*) .rodata.*)
 .rodata.str1.4
                0x0000000002018744       0xaf main.o
 *fill*         0x00000000020187f3        0x1 ff
 .rodata.fatMount.part.0.str1.4
                0x00000000020187f4        0x2 C:/devkitPro/libnds/lib\libfat.a(libfat.o)
 *fill*         0x00000000020187f6        0x2 ff
 .rodata.fatInit.str1.4
                0x00000000020187f8        0x3 C:/devkitPro/libnds/lib\libfat.a(libfat.o)
 *fill*         0x00000000020187fb        0x1 ff
 .rodata.str1.4
                0x00000000020187fc        0x4 C:/devkitPro/libnds/lib\libfat.a(libfat.o)
 .rodata.dotab_fat
                0x0000000002018800       0x70 C:/devkitPro/libnds/lib\libfat.a(libfat.o)
 .rodata.str1.4
                0x0000000002018870        0x3 C:/devkitPro/libnds/lib\libfat.a(disc.o)
                                          0x8 (size before relaxing)
 *fill*         0x0000000002018873        0x1 ff
 .rodata._FAT_disc_interfaces
                0x0000000002018874       0x18 C:/devkitPro/libnds/lib\libfat.a(disc.o)
                0x0000000002018874                _FAT_disc_interfaces
 .rodata._FAT_directory_entryFromPath.str1.4
                0x000000000201888c        0x7 C:/devkitPro/libnds/lib\libfat.a(directory.o)
 *fill*         0x0000000002018893        0x1 ff
 .rodata.ILLEGAL_ALIAS_CHARACTERS
                0x0000000002018894       0x12 C:/devkitPro/libnds/lib\libfat.a(directory.o)
 *fill*         0x00000000020188a6        0x2 ff
 .rodata.ILLEGAL_LFN_CHARACTERS
                0x00000000020188a8        0xa C:/devkitPro/libnds/lib\libfat.a(directory.o)
 *fill*         0x00000000020188b2        0x2 ff
 .rodata.LFN_offset_table
                0x00000000020188b4       0x34 C:/devkitPro/libnds/lib\libfat.a(directory.o)
 .rodata.FAT_SIG
                0x00000000020188e8        0x3 C:/devkitPro/libnds/lib\libfat.a(partition.o)
 *fill*         0x00000000020188eb        0x1 ff
 .rodata.FS_TWL_SIG
                0x00000000020188ec        0x8 C:/devkitPro/libnds/lib\libfat.a(partition.o)
 .rodata.con_write.str1.4
                0x00000000020188f4       0x30 C:/devkitPro/libnds/lib\libnds9.a(console.o)
 .rodata.con_write
                0x0000000002018924       0xd4 C:/devkitPro/libnds/lib\libnds9.a(console.o)
 .rodata.consoleClear.str1.4
                0x00000000020189f8        0x5 C:/devkitPro/libnds/lib\libnds9.a(console.o)
 *fill*         0x00000000020189fd        0x3 ff
 .rodata.str1.4
                0x0000000002018a00       0x14 C:/devkitPro/libnds/lib\libnds9.a(console.o)
 .rodata.dotab_stdout
                0x0000000002018a14       0x70 C:/devkitPro/libnds/lib\libnds9.a(console.o)
 .rodata.SIN_LUT
                0x0000000002018a84      0x102 C:/devkitPro/libnds/lib\libnds9.a(trig.o)
                0x0000000002018a84                SIN_LUT
 *fill*         0x0000000002018b86        0x2 ff
 .rodata.TAN_LUT
                0x0000000002018b88      0x204 C:/devkitPro/libnds/lib\libnds9.a(trig.o)
                0x0000000002018b88                TAN_LUT
 .rodata.glMaterialf
                0x0000000002018d8c       0x44 C:/devkitPro/libnds/lib\libnds9.a(videoGL.o)
 *fill*         0x0000000002018dd0       0x10 ff
 .rodata.default_font_bin
                0x0000000002018de0     0x2000 C:/devkitPro/libnds/lib\libnds9.a(default_font.bin.o)
                0x0000000002018de0                default_font_bin
                0x000000000201ade0                default_font_bin_end
 .rodata._ctype_
                0x000000000201ade0      0x101 c:/devkitpro/devkitarm/bin/../lib/gcc/arm-none-eabi/10.2.0/../../../../arm-none-eabi/lib/thumb\libg.a(lib_a-ctype_.o)
                0x000000000201ade0                _ctype_
 *fill*         0x000000000201aee1        0x3 ff
 .rodata._global_impure_ptr
                0x000000000201aee4        0x4 c:/devkitpro/devkitarm/bin/../lib/gcc/arm-none-eabi/10.2.0/../../../../arm-none-eabi/lib/thumb\libg.a(lib_a-impure.o)
                0x000000000201aee4                _global_impure_ptr
 .rodata.str1.4
                0x000000000201aee8       0x44 c:/devkitpro/devkitarm/bin/../lib/gcc/arm-none-eabi/10.2.0/../../../../arm-none-eabi/lib/thumb\libg.a(lib_a-locale.o)
                                         0x4c (size before relaxing)
 .rodata._mbrtowc_r.str1.4
                0x000000000201af2c        0x1 c:/devkitpro/devkitarm/bin/../lib/gcc/arm-none-eabi/10.2.0/../../../../arm-none-eabi/lib/thumb\libg.a(lib_a-mbrtowc.o)
 .rodata.DAYS_IN_MONTH
                0x000000000201af2c       0x30 c:/devkitpro/devkitarm/bin/../lib/gcc/arm-none-eabi/10.2.0/../../../../arm-none-eabi/lib/thumb\libg.a(lib_a-mktime.o)
 .rodata._DAYS_BEFORE_MONTH
                0x000000000201af5c       0x30 c:/devkitpro/devkitarm/bin/../lib/gcc/arm-none-eabi/10.2.0/../../../../arm-none-eabi/lib/thumb\libg.a(lib_a-mktime.o)
 .rodata.__month_lengths
                0x000000000201af8c       0x60 c:/devkitpro/devkitarm/bin/../lib/gcc/arm-none-eabi/10.2.0/../../../../arm-none-eabi/lib/thumb\libg.a(lib_a-month_lengths.o)
                0x000000000201af8c                __month_lengths
 .rodata.basefix.0
                0x000000000201afec       0x22 c:/devkitpro/devkitarm/bin/../lib/gcc/arm-none-eabi/10.2.0/../../../../arm-none-eabi/lib/thumb\libg.a(lib_a-svfiscanf.o)
 *fill*         0x000000000201b00e        0x2 ff
 .rodata._tzset_unlocked_r.str1.4
                0x000000000201b010       0x53 c:/devkitpro/devkitarm/bin/../lib/gcc/arm-none-eabi/10.2.0/../../../../arm-none-eabi/lib/thumb\libg.a(lib_a-tzset_r.o)
 .rodata.str1.4
                0x000000000201b063        0x4 c:/devkitpro/devkitarm/bin/../lib/gcc/arm-none-eabi/10.2.0/../../../../arm-none-eabi/lib/thumb\libg.a(lib_a-tzvars.o)
 .rodata._vfiprintf_r.str1.1
                0x000000000201b063       0x29 c:/devkitpro/devkitarm/bin/../lib/gcc/arm-none-eabi/10.2.0/../../../../arm-none-eabi/lib/thumb\libg.a(lib_a-vfiprintf.o)
 .rodata.blanks.1
                0x000000000201b08c       0x10 c:/devkitpro/devkitarm/bin/../lib/gcc/arm-none-eabi/10.2.0/../../../../arm-none-eabi/lib/thumb\libg.a(lib_a-vfiprintf.o)
 .rodata.zeroes.0
                0x000000000201b09c       0x10 c:/devkitpro/devkitarm/bin/../lib/gcc/arm-none-eabi/10.2.0/../../../../arm-none-eabi/lib/thumb\libg.a(lib_a-vfiprintf.o)
 .rodata.__action_table
                0x000000000201b0ac       0x6c c:/devkitpro/devkitarm/bin/../lib/gcc/arm-none-eabi/10.2.0/../../../../arm-none-eabi/lib/thumb\libg.a(lib_a-svfiprintf.o)
                0x000000000201b0ac                __action_table
 .rodata.__chclass
                0x000000000201b118      0x100 c:/devkitpro/devkitarm/bin/../lib/gcc/arm-none-eabi/10.2.0/../../../../arm-none-eabi/lib/thumb\libg.a(lib_a-svfiprintf.o)
                0x000000000201b118                __chclass
 .rodata.__state_table
                0x000000000201b218       0x6c c:/devkitpro/devkitarm/bin/../lib/gcc/arm-none-eabi/10.2.0/../../../../arm-none-eabi/lib/thumb\libg.a(lib_a-svfiprintf.o)
                0x000000000201b218                __state_table
 .rodata.__jp2uc
                0x000000000201b284       0x20 c:/devkitpro/devkitarm/bin/../lib/gcc/arm-none-eabi/10.2.0/../../../../arm-none-eabi/lib/thumb\libg.a(lib_a-jp2uc.o)
 .rodata._jp2uc_l.str1.4
                0x000000000201b2a4       0x12 c:/devkitpro/devkitarm/bin/../lib/gcc/arm-none-eabi/10.2.0/../../../../arm-none-eabi/lib/thumb\libg.a(lib_a-jp2uc.o)
 *fill*         0x000000000201b2b6        0x2 ff
 .rodata.a1     0x000000000201b2b8       0xbc c:/devkitpro/devkitarm/bin/../lib/gcc/arm-none-eabi/10.2.0/../../../../arm-none-eabi/lib/thumb\libg.a(lib_a-jp2uc.o)
 .rodata.a2     0x000000000201b374       0xbc c:/devkitpro/devkitarm/bin/../lib/gcc/arm-none-eabi/10.2.0/../../../../arm-none-eabi/lib/thumb\libg.a(lib_a-jp2uc.o)
 .rodata.a3     0x000000000201b430       0x5b c:/devkitpro/devkitarm/bin/../lib/gcc/arm-none-eabi/10.2.0/../../../../arm-none-eabi/lib/thumb\libg.a(lib_a-jp2uc.o)
 *fill*         0x000000000201b48b        0x1 ff
 .rodata.a6     0x000000000201b48c       0x70 c:/devkitpro/devkitarm/bin/../lib/gcc/arm-none-eabi/10.2.0/../../../../arm-none-eabi/lib/thumb\libg.a(lib_a-jp2uc.o)
 .rodata.a7     0x000000000201b4fc       0xa2 c:/devkitpro/devkitarm/bin/../lib/gcc/arm-none-eabi/10.2.0/../../../../arm-none-eabi/lib/thumb\libg.a(lib_a-jp2uc.o)
 *fill*         0x000000000201b59e        0x2 ff
 .rodata.a8     0x000000000201b5a0       0x40 c:/devkitpro/devkitarm/bin/../lib/gcc/arm-none-eabi/10.2.0/../../../../arm-none-eabi/lib/thumb\libg.a(lib_a-jp2uc.o)
 .rodata.b02cf  0x000000000201b5e0     0x172a c:/devkitpro/devkitarm/bin/../lib/gcc/arm-none-eabi/10.2.0/../../../../arm-none-eabi/lib/thumb\libg.a(lib_a-jp2uc.o)
 *fill*         0x000000000201cd0a        0x2 ff
 .rodata.d02f4  0x000000000201cd0c     0x1a7c c:/devkitpro/devkitarm/bin/../lib/gcc/arm-none-eabi/10.2.0/../../../../arm-none-eabi/lib/thumb\libg.a(lib_a-jp2uc.o)
 .rodata.categories
                0x000000000201e788     0x31e6 c:/devkitpro/devkitarm/bin/../lib/gcc/arm-none-eabi/10.2.0/../../../../arm-none-eabi/lib/thumb\libg.a(lib_a-categories.o)
 *fill*         0x000000000202196e        0x2 ff
 .rodata.AddDevice.str1.4
                0x0000000002021970        0x8 c:/devkitpro/devkitarm/bin/../lib/gcc/arm-none-eabi/10.2.0/../../../../arm-none-eabi/lib/thumb\libsysbase.a(iosupport.o)
 .rodata.dotab_stdnull
                0x0000000002021978       0x70 c:/devkitpro/devkitarm/bin/../lib/gcc/arm-none-eabi/10.2.0/../../../../arm-none-eabi/lib/thumb\libsysbase.a(iosupport.o)
                0x0000000002021978                dotab_stdnull
 *(EXCLUDE_FILE(*.twl*) .gnu.linkonce.r*)
                0x00000000020219e8                . = ALIGN (0x4)

.ARM.extab
 *(.ARM.extab* .gnu.linkonce.armextab.*)
                0x00000000020219e8                __exidx_start = .

ARM.exidx
 *(.ARM.exidx* .gnu.linkonce.armexidx.*)
                0x00000000020219e8                __exidx_end = .
                0x00000000020219e8                . = ALIGN (0x4)
                0x00000000020219e8                PROVIDE (__preinit_array_start = .)

.preinit_array
 *(.preinit_array)
                0x00000000020219e8                PROVIDE (__preinit_array_end = .)
                0x00000000020219e8                PROVIDE (__init_array_start = .)

.init_array     0x00000000020219e8        0x8
 *(SORT_BY_NAME(.init_array.*))
 *(.init_array)
 .init_array    0x00000000020219e8        0x4 c:/devkitpro/devkitarm/bin/../lib/gcc/arm-none-eabi/10.2.0/thumb/crtbegin.o
 .init_array    0x00000000020219ec        0x4 main.o
                0x00000000020219f0                PROVIDE (__init_array_end = .)
                [!provide]                        PROVIDE (__fini_array_start = .)

.fini_array     0x00000000020219f0        0x4
 *(.fini_array)
 .fini_array    0x00000000020219f0        0x4 c:/devkitpro/devkitarm/bin/../lib/gcc/arm-none-eabi/10.2.0/thumb/crtbegin.o
 *(SORT_BY_NAME(.fini_array.*))
                [!provide]                        PROVIDE (__fini_array_end = .)

.ctors          0x00000000020219f4        0x0
 *crtbegin.o(.ctors)
 *(EXCLUDE_FILE(*crtend.o) .ctors)
 *(SORT_BY_NAME(.ctors.*))
 *(.ctors)
                0x00000000020219f4                . = ALIGN (0x4)

.dtors          0x00000000020219f4        0x0
 *crtbegin.o(.dtors)
 *(EXCLUDE_FILE(*crtend.o) .dtors)
 *(SORT_BY_NAME(.dtors.*))
 *(.dtors)
                0x00000000020219f4                . = ALIGN (0x4)

.eh_frame       0x00000000020219f4        0x4
 *(.eh_frame)
 .eh_frame      0x00000000020219f4        0x0 c:/devkitpro/devkitarm/bin/../lib/gcc/arm-none-eabi/10.2.0/thumb/crtbegin.o
 .eh_frame      0x00000000020219f4        0x4 c:/devkitpro/devkitarm/bin/../lib/gcc/arm-none-eabi/10.2.0/thumb/crtend.o
                0x00000000020219f8                . = ALIGN (0x4)

.gcc_except_table
                0x00000000020219f8        0x0
 *(.gcc_except_table)
                0x00000000020219f8                . = ALIGN (0x4)

.jcr
 *(.jcr)

.got
 *(.got.plt)
 *(.got)
 *(.rel.got)

.ewram          0x00000000020219f8        0x0
                0x00000000020219f8                __ewram_start = ABSOLUTE (.)
 *(.ewram)
 *ewram.*(.text)
                0x00000000020219f8                . = ALIGN (0x4)

.data           0x00000000020219f8     0x2784
                0x00000000020219f8                __data_start = ABSOLUTE (.)
 *(EXCLUDE_FILE(*.twl*) .data)
 .data          0x00000000020219f8        0x8 main.o
                0x00000000020219f8                boxSize
                0x00000000020219f9                xVelocity
                0x00000000020219fa                initXPos
                0x00000000020219fc                initYPos
                0x00000000020219fe                highScore
 .data          0x0000000002021a00       0x28 C:/devkitPro/libnds/lib\libnds9.a(mpu_setup.o)
 *(EXCLUDE_FILE(*.twl*) .data.*)
 .data.currentConsole
                0x0000000002021a28        0x4 C:/devkitPro/libnds/lib\libnds9.a(console.o)
                0x0000000002021a28                currentConsole
 .data.defaultConsole
                0x0000000002021a2c       0x5c C:/devkitPro/libnds/lib\libnds9.a(console.o)
                0x0000000002021a2c                defaultConsole
 .data.firstConsoleInit.0
                0x0000000002021a88        0x1 C:/devkitPro/libnds/lib\libnds9.a(console.o)
 *fill*         0x0000000002021a89        0x3 ff
 .data.glGlob   0x0000000002021a8c        0x4 C:/devkitPro/libnds/lib\libnds9.a(videoGL.o)
 .data.count    0x0000000002021a90        0x1 C:/devkitPro/libnds/lib\libnds9.a(keys.o)
 .data.delay    0x0000000002021a91        0x1 C:/devkitPro/libnds/lib\libnds9.a(keys.o)
 .data.repeat   0x0000000002021a92        0x1 C:/devkitPro/libnds/lib\libnds9.a(keys.o)
 *fill*         0x0000000002021a93        0x1 ff
 .data.fifo_buffer_free
                0x0000000002021a94        0x4 C:/devkitPro/libnds/lib\libnds9.a(fifosystem.o)
                0x0000000002021a94                fifo_buffer_free
 .data.fifo_freewords
                0x0000000002021a98        0x4 C:/devkitPro/libnds/lib\libnds9.a(fifosystem.o)
                0x0000000002021a98                fifo_freewords
 .data.fifo_receive_queue
                0x0000000002021a9c        0x4 C:/devkitPro/libnds/lib\libnds9.a(fifosystem.o)
                0x0000000002021a9c                fifo_receive_queue
 .data.fifo_send_queue
                0x0000000002021aa0        0x4 C:/devkitPro/libnds/lib\libnds9.a(fifosystem.o)
                0x0000000002021aa0                fifo_send_queue
 .data.bgControl
                0x0000000002021aa4       0x20 C:/devkitPro/libnds/lib\libnds9.a(background.o)
                0x0000000002021aa4                bgControl
 .data.bgScrollTable
                0x0000000002021ac4       0x20 C:/devkitPro/libnds/lib\libnds9.a(background.o)
                0x0000000002021ac4                bgScrollTable
 .data.bgTransform
                0x0000000002021ae4       0x20 C:/devkitPro/libnds/lib\libnds9.a(background.o)
                0x0000000002021ae4                bgTransform
 .data.__sfp_recursive_mutex
                0x0000000002021b04        0xc c:/devkitpro/devkitarm/bin/../lib/gcc/arm-none-eabi/10.2.0/../../../../arm-none-eabi/lib/thumb\libg.a(lib_a-findfp.o)
 .data.__sinit_recursive_mutex
                0x0000000002021b10        0xc c:/devkitpro/devkitarm/bin/../lib/gcc/arm-none-eabi/10.2.0/../../../../arm-none-eabi/lib/thumb\libg.a(lib_a-findfp.o)
 .data._impure_ptr
                0x0000000002021b1c        0x4 c:/devkitpro/devkitarm/bin/../lib/gcc/arm-none-eabi/10.2.0/../../../../arm-none-eabi/lib/thumb\libg.a(lib_a-impure.o)
                0x0000000002021b1c                _impure_ptr
 .data.impure_data
                0x0000000002021b20      0x460 c:/devkitpro/devkitarm/bin/../lib/gcc/arm-none-eabi/10.2.0/../../../../arm-none-eabi/lib/thumb\libg.a(lib_a-impure.o)
 .data.__global_locale
                0x0000000002021f80      0x16c c:/devkitpro/devkitarm/bin/../lib/gcc/arm-none-eabi/10.2.0/../../../../arm-none-eabi/lib/thumb\libg.a(lib_a-locale.o)
                0x0000000002021f80                __global_locale
 .data.__malloc_av_
                0x00000000020220ec      0x408 c:/devkitpro/devkitarm/bin/../lib/gcc/arm-none-eabi/10.2.0/../../../../arm-none-eabi/lib/thumb\libg.a(lib_a-mallocr.o)
                0x00000000020220ec                __malloc_av_
 .data.__malloc_sbrk_base
                0x00000000020224f4        0x4 c:/devkitpro/devkitarm/bin/../lib/gcc/arm-none-eabi/10.2.0/../../../../arm-none-eabi/lib/thumb\libg.a(lib_a-mallocr.o)
                0x00000000020224f4                __malloc_sbrk_base
 .data.__malloc_trim_threshold
                0x00000000020224f8        0x4 c:/devkitpro/devkitarm/bin/../lib/gcc/arm-none-eabi/10.2.0/../../../../arm-none-eabi/lib/thumb\libg.a(lib_a-mallocr.o)
                0x00000000020224f8                __malloc_trim_threshold
 .data.__malloc_recursive_mutex
                0x00000000020224fc        0xc c:/devkitpro/devkitarm/bin/../lib/gcc/arm-none-eabi/10.2.0/../../../../arm-none-eabi/lib/thumb\libg.a(lib_a-mlock.o)
 .data.__tz_mutex
                0x0000000002022508        0x4 c:/devkitpro/devkitarm/bin/../lib/gcc/arm-none-eabi/10.2.0/../../../../arm-none-eabi/lib/thumb\libg.a(lib_a-tzlock.o)
 .data._tzname  0x000000000202250c        0x8 c:/devkitpro/devkitarm/bin/../lib/gcc/arm-none-eabi/10.2.0/../../../../arm-none-eabi/lib/thumb\libg.a(lib_a-tzvars.o)
                0x000000000202250c                _tzname
 *fill*         0x0000000002022514        0x4 ff
 .data.tzinfo   0x0000000002022518       0x58 c:/devkitpro/devkitarm/bin/../lib/gcc/arm-none-eabi/10.2.0/../../../../arm-none-eabi/lib/thumb\libg.a(lib_a-gettzinfo.o)
 .data.environ  0x0000000002022570        0x4 c:/devkitpro/devkitarm/bin/../lib/gcc/arm-none-eabi/10.2.0/../../../../arm-none-eabi/lib/thumb\libg.a(lib_a-environ.o)
                0x0000000002022570                environ
 .data.__env_recursive_mutex
                0x0000000002022574        0xc c:/devkitpro/devkitarm/bin/../lib/gcc/arm-none-eabi/10.2.0/../../../../arm-none-eabi/lib/thumb\libg.a(lib_a-envlock.o)
 .data.caseconv_table
                0x0000000002022580      0x744 c:/devkitpro/devkitarm/bin/../lib/gcc/arm-none-eabi/10.2.0/../../../../arm-none-eabi/lib/thumb\libg.a(lib_a-towctrans_l.o)
 .data.defaultDevice
                0x0000000002022cc4        0x4 c:/devkitpro/devkitarm/bin/../lib/gcc/arm-none-eabi/10.2.0/../../../../arm-none-eabi/lib/thumb\libsysbase.a(iosupport.o)
 .data.devoptab_list
                0x0000000002022cc8       0x8c c:/devkitpro/devkitarm/bin/../lib/gcc/arm-none-eabi/10.2.0/../../../../arm-none-eabi/lib/thumb\libsysbase.a(iosupport.o)
                0x0000000002022cc8                devoptab_list
 .data._current_working_directory
                0x0000000002022d54      0x400 c:/devkitpro/devkitarm/bin/../lib/gcc/arm-none-eabi/10.2.0/../../../../arm-none-eabi/lib/thumb\libsysbase.a(chdir.o)
 .data.__hndl_lock
                0x0000000002023154        0x4 c:/devkitpro/devkitarm/bin/../lib/gcc/arm-none-eabi/10.2.0/../../../../arm-none-eabi/lib/thumb\libsysbase.a(handle_manager.o)
 .data.__stderr_handle
                0x0000000002023158        0xc c:/devkitpro/devkitarm/bin/../lib/gcc/arm-none-eabi/10.2.0/../../../../arm-none-eabi/lib/thumb\libsysbase.a(handle_manager.o)
 .data.__stdin_handle
                0x0000000002023164        0xc c:/devkitpro/devkitarm/bin/../lib/gcc/arm-none-eabi/10.2.0/../../../../arm-none-eabi/lib/thumb\libsysbase.a(handle_manager.o)
 .data.__stdout_handle
                0x0000000002023170        0xc c:/devkitpro/devkitarm/bin/../lib/gcc/arm-none-eabi/10.2.0/../../../../arm-none-eabi/lib/thumb\libsysbase.a(handle_manager.o)
 .data.handles  0x000000000202317c     0x1000 c:/devkitpro/devkitarm/bin/../lib/gcc/arm-none-eabi/10.2.0/../../../../arm-none-eabi/lib/thumb\libsysbase.a(handle_manager.o)
 *(EXCLUDE_FILE(*.twl*) .gnu.linkonce.d*)
                0x000000000202417c                . = ALIGN (0x4)
                0x000000000202417c                __data_end = ABSOLUTE (.)
                0x000000000202417c                __bss_vma = .

.igot.plt       0x000000000202417c        0x0
 .igot.plt      0x000000000202417c        0x0 c:/devkitpro/devkitarm/bin/../lib/gcc/arm-none-eabi/10.2.0/../../../../arm-none-eabi/lib/thumb/ds_arm9_crt0.o

.dtcm           0x0000000002ff0000        0x0 load address 0x000000000202417c
                0x000000000202417c                __dtcm_lma = LOADADDR (.dtcm)
                0x0000000002ff0000                __dtcm_start = ABSOLUTE (.)
 *(.dtcm)
 *(.dtcm.*)
                0x0000000002ff0000                . = ALIGN (0x4)
                0x0000000002ff0000                __dtcm_end = ABSOLUTE (.)

.itcm           0x0000000001000100      0x194 load address 0x000000000202417c
                0x000000000202417c                __itcm_lma = LOADADDR (.itcm)
                0x0000000001000100                __itcm_start = ABSOLUTE (.)
 *(.itcm)
 .itcm          0x0000000001000100       0xc8 C:/devkitPro/libnds/lib\libnds9.a(interrupts.o)
                0x0000000001000100                irqTable
 .itcm          0x00000000010001c8       0xcc C:/devkitPro/libnds/lib\libnds9.a(interruptDispatcher.o)
                0x00000000010001c8                IntrMain
 *.itcm*(.text .stub .text.*)
                0x0000000001000294                . = ALIGN (0x4)
                0x0000000001000294                __itcm_end = ABSOLUTE (.)

.vectors        0x0000000001000000        0x0 load address 0x0000000002024310
                0x0000000002024310                __vectors_lma = LOADADDR (.vectors)
                0x0000000001000000                __vectors_start = ABSOLUTE (.)
 *(.vectors .vectors.*)
                0x0000000001000000                . = ALIGN (0x4)
                0x0000000001000000                __vectors_end = ABSOLUTE (.)

.sbss           0x0000000002ff0000        0x0
                0x0000000002ff0000                __sbss_start = ABSOLUTE (.)
                0x0000000002ff0000                __sbss_start__ = ABSOLUTE (.)
 *(.sbss)
                0x0000000002ff0000                . = ALIGN (0x4)
                0x0000000002ff0000                __sbss_end = ABSOLUTE (.)

.bss            0x000000000202417c     0x195c
                0x000000000202417c                __bss_start = ABSOLUTE (.)
                0x000000000202417c                __bss_start__ = ABSOLUTE (.)
 *(EXCLUDE_FILE(*.twl*) .dynbss)
 *(EXCLUDE_FILE(*.twl*) .gnu.linkonce.b*)
 *(EXCLUDE_FILE(*.twl*) .bss*)
 .bss.completed.1
                0x000000000202417c        0x1 c:/devkitpro/devkitarm/bin/../lib/gcc/arm-none-eabi/10.2.0/thumb/crtbegin.o
 *fill*         0x000000000202417d        0x3 
 .bss.object.0  0x0000000002024180       0x18 c:/devkitpro/devkitarm/bin/../lib/gcc/arm-none-eabi/10.2.0/thumb/crtbegin.o
 .bss           0x0000000002024198      0x82e main.o
                0x0000000002024198                frameCounter
                0x000000000202419a                bigFoodFrameCounter
                0x000000000202419c                playerScore