Archive member included to satisfy reference by file (symbol)

C:/devkitPro/libnds/lib\libfat.a(libfat.o)
                              main.o (fatInitDefault)
C:/devkitPro/libnds/lib\libfat.a(disc.o)
                              C:/devkitPro/libnds/lib\libfat.a(libfat.o) (_FAT_disc_interfaces)
C:/devkitPro/libnds/lib\libfat.a(fatfile.o)
                              C:/devkitPro/libnds/lib\libfat.a(libfat.o) (_FAT_open_r)
C:/devkitPro/libnds/lib\libfat.a(cache.o)
                              C:/devkitPro/libnds/lib\libfat.a(fatfile.o) (_FAT_cache_readSectors)
C:/devkitPro/libnds/lib\libfat.a(fatdir.o)
                              C:/devkitPro/libnds/lib\libfat.a(libfat.o) (_FAT_stat_r)
C:/devkitPro/libnds/lib\libfat.a(directory.o)
                              C:/devkitPro/libnds/lib\libfat.a(fatfile.o) (_FAT_directory_entryGetCluster)
C:/devkitPro/libnds/lib\libfat.a(partition.o)
                              C:/devkitPro/libnds/lib\libfat.a(libfat.o) (_FAT_partition_destructor)
C:/devkitPro/libnds/lib\libfat.a(lock.o)
                              C:/devkitPro/libnds/lib\libfat.a(partition.o) (_FAT_lock_init)
C:/devkitPro/libnds/lib\libfat.a(filetime.o)
                              C:/devkitPro/libnds/lib\libfat.a(fatfile.o) (_FAT_filetime_getTimeFromRTC)
C:/devkitPro/libnds/lib\libfat.a(file_allocation_table.o)
                              C:/devkitPro/libnds/lib\libfat.a(fatfile.o) (_FAT_fat_nextCluster)
C:/devkitPro/libnds/lib\libgl2d.a(gl2d.o)
                              main.o (glScreen2D)
C:/devkitPro/libnds/lib\libnds9.a(console.o)
                              main.o (consoleDemoInit)
C:/devkitPro/libnds/lib\libnds9.a(trig.o)
                              C:/devkitPro/libnds/lib\libgl2d.a(gl2d.o) (sinLerp)
C:/devkitPro/libnds/lib\libnds9.a(videoGL.o)
                              C:/devkitPro/libnds/lib\libgl2d.a(gl2d.o) (glMaterialf)
C:/devkitPro/libnds/lib\libnds9.a(keys.o)
                              main.o (scanKeys)
C:/devkitPro/libnds/lib\libnds9.a(dldi.o)
                              C:/devkitPro/libnds/lib\libfat.a(disc.o) (dldiGetInternal)
C:/devkitPro/libnds/lib\libnds9.a(initSystem.o)
                              c:/devkitpro/devkitarm/bin/../lib/gcc/arm-none-eabi/10.2.0/../../../../arm-none-eabi/lib/thumb/ds_arm9_crt0.o (initSystem)
C:/devkitPro/libnds/lib\libnds9.a(timeSupport.o)
                              C:/devkitPro/libnds/lib\libnds9.a(initSystem.o) (__libnds_gtod)
C:/devkitPro/libnds/lib\libnds9.a(securearea.o)
                              c:/devkitpro/devkitarm/bin/../lib/gcc/arm-none-eabi/10.2.0/../../../../arm-none-eabi/lib/thumb/ds_arm9_crt0.o (__secure_area__)
C:/devkitPro/libnds/lib\libnds9.a(interrupts.o)
                              C:/devkitPro/libnds/lib\libnds9.a(initSystem.o) (irqInit)
C:/devkitPro/libnds/lib\libnds9.a(libnds_exit.arm.o)
                              c:/devkitpro/devkitarm/bin/../lib/gcc/arm-none-eabi/10.2.0/../../../../arm-none-eabi/lib/thumb/ds_arm9_crt0.o (__libnds_exit)
C:/devkitPro/libnds/lib\libnds9.a(fifosystem.o)
                              C:/devkitPro/libnds/lib\libnds9.a(initSystem.o) (fifoSetValue32Handler)
C:/devkitPro/libnds/lib\libnds9.a(dldi_stub.o)
                              C:/devkitPro/libnds/lib\libnds9.a(dldi.o) (_io_dldi_stub)
C:/devkitPro/libnds/lib\libnds9.a(mpu_setup.o)
                              c:/devkitpro/devkitarm/bin/../lib/gcc/arm-none-eabi/10.2.0/../../../../arm-none-eabi/lib/thumb/ds_arm9_crt0.o (__libnds_mpu_setup)
C:/devkitPro/libnds/lib\libnds9.a(IntrWait.o)
                              main.o (swiWaitForVBlank)
C:/devkitPro/libnds/lib\libnds9.a(cpu_clock.o)
                              C:/devkitPro/libnds/lib\libnds9.a(initSystem.o) (setCpuClock)
C:/devkitPro/libnds/lib\libnds9.a(interruptDispatcher.o)
                              C:/devkitPro/libnds/lib\libnds9.a(interrupts.o) (IntrMain)
C:/devkitPro/libnds/lib\libnds9.a(debugprint.o)
                              C:/devkitPro/libnds/lib\libnds9.a(console.o) (nocashWrite)
C:/devkitPro/libnds/lib\libnds9.a(swiSoftReset.o)
                              C:/devkitPro/libnds/lib\libnds9.a(fifosystem.o) (swiSoftReset)
C:/devkitPro/libnds/lib\libnds9.a(biosCalls.o)
                              C:/devkitPro/libnds/lib\libnds9.a(videoGL.o) (swiCopy)
C:/devkitPro/libnds/lib\libnds9.a(default_font.bin.o)
                              C:/devkitPro/libnds/lib\libnds9.a(console.o) (default_font_bin)
C:/devkitPro/libnds/lib\libnds9.a(background.o)
                              C:/devkitPro/libnds/lib\libnds9.a(console.o) (bgState)
C:/devkitPro/libnds/lib\libnds9.a(dynamicArray.o)
                              C:/devkitPro/libnds/lib\libnds9.a(videoGL.o) (DynamicArrayInit)
C:/devkitPro/libnds/lib\libnds9.a(video.o)
                              C:/devkitPro/libnds/lib\libnds9.a(videoGL.o) (vramSetBanks_EFG)
C:/devkitPro/libnds/lib\libnds9.a(system.o)
                              C:/devkitPro/libnds/lib\libnds9.a(initSystem.o) (systemValueHandler)
[...]
Memory Configuration

Name             Origin             Length             Attributes
ewram            0x0000000002000000 0x0000000000380000
dtcm             0x0000000002ff0000 0x0000000000004000
vectors          0x0000000001000000 0x0000000000000100
itcm             0x0000000001000100 0x0000000000007f00
*default*        0x0000000000000000 0xffffffffffffffff

Linker script and memory map

                0x0000000002380000                __ewram_end = (ORIGIN (ewram) + LENGTH (ewram))
                0x0000000002380000                __eheap_end = (ORIGIN (ewram) + LENGTH (ewram))
                0x0000000002ff4000                __dtcm_top = (ORIGIN (dtcm) + LENGTH (dtcm))
                0x0000000002ff3ff8                __irq_flags = (__dtcm_top - 0x8)
                0x0000000002ff3ffc                __irq_vector = (__dtcm_top - 0x4)
                0x0000000002ff3f00                __sp_svc = (__dtcm_top - 0x100)
                0x0000000002ff3e00                __sp_irq = (__sp_svc - 0x100)
                0x0000000002ff3d00                __sp_usr = (__sp_irq - 0x100)

.secure         0x0000000002000000      0x800
 *(.secure)
 .secure        0x0000000002000000      0x800 C:/devkitPro/libnds/lib\libnds9.a(securearea.o)
                0x0000000002000000                __secure_area__

.crt0           0x0000000002000800      0x300
                0x0000000002000800                __text_start = .
 *(.crt0)
 .crt0          0x0000000002000800      0x300 c:/devkitpro/devkitarm/bin/../lib/gcc/arm-none-eabi/10.2.0/../../../../arm-none-eabi/lib/thumb/ds_arm9_crt0.o
                0x0000000002000800                _start
                0x0000000002000b00                . = ALIGN (0x4)

.plt
 *(.plt)

.init           0x0000000002000b00        0xc
 *(SORT_NONE(.init))
 .init          0x0000000002000b00        0x4 c:/devkitpro/devkitarm/bin/../lib/gcc/arm-none-eabi/10.2.0/thumb/crti.o
                0x0000000002000b00                _init
 .init          0x0000000002000b04        0x8 c:/devkitpro/devkitarm/bin/../lib/gcc/arm-none-eabi/10.2.0/thumb/crtn.o

.text           0x0000000002000b40    0x17b20
 *(EXCLUDE_FILE(*.twl* *.vectors* *.itcm*) .text)
 .text          0x0000000002000b40      0x724 main.o
                0x0000000002000b40                DrawBox(short, short, unsigned char, unsigned char, unsigned char, unsigned char, unsigned char)
                0x0000000002000b70                SetDefaults()
                0x0000000002000be8                ShowMenu()
                0x0000000002000c18                SetHighScore()
                0x0000000002000c30                CreateNewSaveFile()
                0x0000000002000c6c                LoadSaveFile()
                0x0000000002000cc4                SaveHighScore()
                0x0000000002000d08                topScreenInfo(unsigned short, unsigned short)
                0x0000000002000d68                IsCollided(short, short, short, short, signed char, signed char)
                0x0000000002000dbc                PlayGameLoop()
                0x0000000002001248                RandomU16(unsigned short, unsigned short)
 *fill*         0x0000000002001264        0x4 ff
 .text          0x0000000002001268     0x1768 C:/devkitPro/libnds/lib\libgl2d.a(gl2d.o)
                0x0000000002001268                SetOrtho
                0x000000000200140c                glScreen2D
                0x0000000002001980                glBegin2D
                0x0000000002001a00                glEnd2D
                0x0000000002001a1c                glPutPixel
                0x0000000002001a78                glLine
                0x0000000002001ae8                glBox
                0x0000000002001b98                glBoxFilled
                0x0000000002001c20                glBoxFilledGradient
                0x0000000002001cc0                glTriangle
                0x0000000002001d40                glTriangleFilled
                0x0000000002001db8                glTriangleFilledGradient
                0x0000000002001e40                glSprite
                0x0000000002001f34                glSpriteScale
                0x0000000002002048                glSpriteScaleXY
                0x0000000002002154                glSpriteRotate
                0x00000000020022cc                glSpriteRotateScale
                0x0000000002002454                glSpriteRotateScaleXY
                0x00000000020025e0                glSpriteStretchHorizontal
                0x000000000200274c                glSpriteOnQuad
                0x0000000002002874                glLoadSpriteSet
                0x0000000002002904                glLoadTileSet
 *fill*         0x00000000020029d0       0x30 ff
 .text          0x0000000002002a00     0x4000 C:/devkitPro/libnds/lib\libnds9.a(dldi_stub.o)
                0x0000000002002a00                _io_dldi_stub
 .text          0x0000000002006a00      0x11c c:/devkitpro/devkitarm/bin/../lib/gcc/arm-none-eabi/10.2.0/thumb\libgcc.a(_udivsi3.o)
                0x0000000002006a00                __aeabi_uidiv
                0x0000000002006a00                __udivsi3
                0x0000000002006afc                __aeabi_uidivmod
 .text          0x0000000002006b1c      0x150 c:/devkitpro/devkitarm/bin/../lib/gcc/arm-none-eabi/10.2.0/thumb\libgcc.a(_divsi3.o)
                0x0000000002006b1c                __divsi3
                0x0000000002006b1c                __aeabi_idiv
                0x0000000002006c4c                __aeabi_idivmod
 .text          0x0000000002006c6c        0x4 c:/devkitpro/devkitarm/bin/../lib/gcc/arm-none-eabi/10.2.0/thumb\libgcc.a(_dvmd_tls.o)
                0x0000000002006c6c                __aeabi_idiv0
                0x0000000002006c6c                __aeabi_ldiv0
 .text          0x0000000002006c70       0xd4 c:/devkitpro/devkitarm/bin/../lib/gcc/arm-none-eabi/10.2.0/thumb\libgcc.a(_aeabi_ldivmod.o)
                0x0000000002006c70                __aeabi_ldivmod
 .text          0x0000000002006d44       0x28 c:/devkitpro/devkitarm/bin/../lib/gcc/arm-none-eabi/10.2.0/thumb\libgcc.a(_clzdi2.o)
                0x0000000002006d44                __clzdi2
 .text          0x0000000002006d6c       0x48 c:/devkitpro/devkitarm/bin/../lib/gcc/arm-none-eabi/10.2.0/thumb\libgcc.a(_clzsi2.o)
                0x0000000002006d6c                __clzsi2
 .text          0x0000000002006db4      0x224 c:/devkitpro/devkitarm/bin/../lib/gcc/arm-none-eabi/10.2.0/../../../../arm-none-eabi/lib/thumb\libg.a(lib_a-strcmp.o)
                0x0000000002006db4                strcmp
 .text          0x0000000002006fd8       0x14 c:/devkitpro/devkitarm/bin/../lib/gcc/arm-none-eabi/10.2.0/thumb\libgcc.a(_thumb1_case_uqi.o)
                0x0000000002006fd8                __gnu_thumb1_case_uqi
 .text          0x0000000002006fec       0x14 c:/devkitpro/devkitarm/bin/../lib/gcc/arm-none-eabi/10.2.0/thumb\libgcc.a(_thumb1_case_uhi.o)
                0x0000000002006fec                __gnu_thumb1_case_uhi
 .text          0x0000000002007000       0x3c c:/devkitpro/devkitarm/bin/../lib/gcc/arm-none-eabi/10.2.0/thumb\libgcc.a(_aeabi_uldivmod.o)
                0x0000000002007000                __aeabi_uldivmod
 *(EXCLUDE_FILE(*.twl* *.vectors* *.itcm*) .stub)
 *(EXCLUDE_FILE(*.twl* *.vectors* *.itcm*) .text.*)
 .text.__do_global_dtors_aux
                0x000000000200703c       0x2c c:/devkitpro/devkitarm/bin/../lib/gcc/arm-none-eabi/10.2.0/thumb/crtbegin.o
 .text.frame_dummy
                0x0000000002007068       0x24 c:/devkitpro/devkitarm/bin/../lib/gcc/arm-none-eabi/10.2.0/thumb/crtbegin.o
 .text._ZN4Food10setFoodPosE5Snake
                0x000000000200708c      0xb6c main.o
                0x000000000200708c                Food::setFoodPos(Snake)
 .text.startup  0x0000000002007bf8      0x14c main.o
                0x0000000002007bf8                main
 .text.fatMount.part.0
                0x0000000002007d44       0xa0 C:/devkitPro/libnds/lib\libfat.a(libfat.o)
 .text.fatMount
                0x0000000002007de4       0x3c C:/devkitPro/libnds/lib\libfat.a(libfat.o)
                0x0000000002007de4                fatMount
 .text.fatInit  0x0000000002007e20      0x130 C:/devkitPro/libnds/lib\libfat.a(libfat.o)
                0x0000000002007e20                fatInit
 .text.fatInitDefault
                0x0000000002007f50        0xc C:/devkitPro/libnds/lib\libfat.a(libfat.o)
                0x0000000002007f50                fatInitDefault
 .text._FAT_check_position_for_next_cluster.part.0
                0x0000000002007f5c       0x68 C:/devkitPro/libnds/lib\libfat.a(fatfile.o)
 .text._FAT_syncToDisc.part.0
                0x0000000002007fc4       0xd4 C:/devkitPro/libnds/lib\libfat.a(fatfile.o)
 .text._FAT_file_extend_r
                0x0000000002008098      0x208 C:/devkitPro/libnds/lib\libfat.a(fatfile.o)
 .text._FAT_open_r
                0x00000000020082a0      0x2d4 C:/devkitPro/libnds/lib\libfat.a(fatfile.o)
                0x00000000020082a0                _FAT_open_r
 .text._FAT_close_r
                0x0000000002008574       0x74 C:/devkitPro/libnds/lib\libfat.a(fatfile.o)
                0x0000000002008574                _FAT_close_r
 .text._FAT_read_r
                0x00000000020085e8      0x398 C:/devkitPro/libnds/lib\libfat.a(fatfile.o)
                0x00000000020085e8                _FAT_read_r
 .text._FAT_write_r
                0x0000000002008980      0x53c C:/devkitPro/libnds/lib\libfat.a(fatfile.o)
                0x0000000002008980                _FAT_write_r
 .text._FAT_seek_r
                0x0000000002008ebc      0x194 C:/devkitPro/libnds/lib\libfat.a(fatfile.o)
                0x0000000002008ebc                _FAT_seek_r
 .text._FAT_fstat_r
                0x0000000002009050       0x8c C:/devkitPro/libnds/lib\libfat.a(fatfile.o)
                0x0000000002009050                _FAT_fstat_r
 .text._FAT_ftruncate_r
                0x00000000020090dc      0x16c C:/devkitPro/libnds/lib\libfat.a(fatfile.o)
                0x00000000020090dc                _FAT_ftruncate_r
 .text._FAT_fsync_r
                0x0000000002009248       0x44 C:/devkitPro/libnds/lib\libfat.a(fatfile.o)
                0x0000000002009248                _FAT_fsync_r
 .text._FAT_cache_getPage
                0x000000000200928c       0xf0 C:/devkitPro/libnds/lib\libfat.a(cache.o)
 .text._FAT_cache_constructor
                0x000000000200937c       0x90 C:/devkitPro/libnds/lib\libfat.a(cache.o)
                0x000000000200937c                _FAT_cache_constructor
 .text._FAT_cache_readSectors
                0x000000000200940c       0x60 C:/devkitPro/libnds/lib\libfat.a(cache.o)
                0x000000000200940c                _FAT_cache_readSectors
 .text._FAT_cache_readPartialSector
                0x000000000200946c       0x3c C:/devkitPro/libnds/lib\libfat.a(cache.o)
                0x000000000200946c                _FAT_cache_readPartialSector
 .text._FAT_cache_readLittleEndianValue
                0x00000000020094a8       0x70 C:/devkitPro/libnds/lib\libfat.a(cache.o)
                0x00000000020094a8                _FAT_cache_readLittleEndianValue
 .text._FAT_cache_writePartialSector
                0x0000000002009518       0x4c C:/devkitPro/libnds/lib\libfat.a(cache.o)
                0x0000000002009518                _FAT_cache_writePartialSector
 .text._FAT_cache_writeLittleEndianValue
                0x0000000002009564       0x8c C:/devkitPro/libnds/lib\libfat.a(cache.o)
                0x0000000002009564                _FAT_cache_writeLittleEndianValue
 .text._FAT_cache_eraseWritePartialSector
                0x00000000020095f0       0x60 C:/devkitPro/libnds/lib\libfat.a(cache.o)
                0x00000000020095f0                _FAT_cache_eraseWritePartialSector
 .text._FAT_cache_writeSectors
                0x0000000002009650       0x80 C:/devkitPro/libnds/lib\libfat.a(cache.o)
                0x0000000002009650                _FAT_cache_writeSectors
 .text._FAT_cache_flush
                0x00000000020096d0       0x40 C:/devkitPro/libnds/lib\libfat.a(cache.o)
                0x00000000020096d0                _FAT_cache_flush
 .text._FAT_stat_r
                0x0000000002009710       0x90 C:/devkitPro/libnds/lib\libfat.a(fatdir.o)
                0x0000000002009710                _FAT_stat_r
 .text._FAT_link_r
                0x00000000020097a0        0xc C:/devkitPro/libnds/lib\libfat.a(fatdir.o)
                0x00000000020097a0                _FAT_link_r
 .text._FAT_unlink_r
                0x00000000020097ac      0x184 C:/devkitPro/libnds/lib\libfat.a(fatdir.o)
                0x00000000020097ac                _FAT_unlink_r
 .text._FAT_chdir_r
                0x0000000002009930       0x70 C:/devkitPro/libnds/lib\libfat.a(fatdir.o)
                0x0000000002009930                _FAT_chdir_r
 .text._FAT_rename_r
                0x00000000020099a0      0x1c4 C:/devkitPro/libnds/lib\libfat.a(fatdir.o)
                0x00000000020099a0                _FAT_rename_r
 .text._FAT_mkdir_r
                0x0000000002009b64      0x244 C:/devkitPro/libnds/lib\libfat.a(fatdir.o)
                0x0000000002009b64                _FAT_mkdir_r
 .text._FAT_statvfs_r
                0x0000000002009da8       0x78 C:/devkitPro/libnds/lib\libfat.a(fatdir.o)
                0x0000000002009da8                _FAT_statvfs_r
 .text._FAT_diropen_r
                0x0000000002009e20       0xb0 C:/devkitPro/libnds/lib\libfat.a(fatdir.o)
                0x0000000002009e20                _FAT_diropen_r
 .text._FAT_dirreset_r
                0x0000000002009ed0       0x4c C:/devkitPro/libnds/lib\libfat.a(fatdir.o)
                0x0000000002009ed0                _FAT_dirreset_r
 .text._FAT_dirnext_r
                0x0000000002009f1c       0x7c C:/devkitPro/libnds/lib\libfat.a(fatdir.o)
                0x0000000002009f1c                _FAT_dirnext_r
 .text._FAT_dirclose_r
                0x0000000002009f98       0x20 C:/devkitPro/libnds/lib\libfat.a(fatdir.o)
                0x0000000002009f98                _FAT_dirclose_r
 .text._FAT_directory_entryGetAlias
                0x0000000002009fb8       0xc8 C:/devkitPro/libnds/lib\libfat.a(directory.o)
 .text._FAT_directory_incrementDirEntryPosition
                0x000000000200a080       0x80 C:/devkitPro/libnds/lib\libfat.a(directory.o)
 .text._FAT_directory_mbsncasecmp
                0x000000000200a100       0xa8 C:/devkitPro/libnds/lib\libfat.a(directory.o)
 .text._FAT_directory_ucs2tombs.constprop.0
                0x000000000200a1a8       0x90 C:/devkitPro/libnds/lib\libfat.a(directory.o)
 .text._FAT_directory_entryGetCluster
                0x000000000200a238       0x20 C:/devkitPro/libnds/lib\libfat.a(directory.o)
                0x000000000200a238                _FAT_directory_entryGetCluster
 .text._FAT_directory_getNextEntry
                0x000000000200a258      0x23c C:/devkitPro/libnds/lib\libfat.a(directory.o)
                0x000000000200a258                _FAT_directory_getNextEntry
 .text._FAT_directory_entryExists
                0x000000000200a494       0x80 C:/devkitPro/libnds/lib\libfat.a(directory.o)
 .text._FAT_directory_getFirstEntry
                0x000000000200a514       0x20 C:/devkitPro/libnds/lib\libfat.a(directory.o)
                0x000000000200a514                _FAT_directory_getFirstEntry
 .text._FAT_directory_getRootEntry
                0x000000000200a534       0x60 C:/devkitPro/libnds/lib\libfat.a(directory.o)
                0x000000000200a534                _FAT_directory_getRootEntry
 .text._FAT_directory_entryFromPosition
                0x000000000200a594      0x150 C:/devkitPro/libnds/lib\libfat.a(directory.o)
                0x000000000200a594                _FAT_directory_entryFromPosition
 .text._FAT_directory_entryFromPath
                0x000000000200a6e4      0x248 C:/devkitPro/libnds/lib\libfat.a(directory.o)
                0x000000000200a6e4                _FAT_directory_entryFromPath
 .text._FAT_directory_removeEntry
                0x000000000200a92c       0xd8 C:/devkitPro/libnds/lib\libfat.a(directory.o)
                0x000000000200a92c                _FAT_directory_removeEntry
 .text._FAT_directory_addEntry
                0x000000000200aa04      0x808 C:/devkitPro/libnds/lib\libfat.a(directory.o)
                0x000000000200aa04                _FAT_directory_addEntry
 .text._FAT_directory_chdir
                0x000000000200b20c       0x3c C:/devkitPro/libnds/lib\libfat.a(directory.o)
                0x000000000200b20c                _FAT_directory_chdir
 .text._FAT_directory_entryStat
                0x000000000200b248       0xe4 C:/devkitPro/libnds/lib\libfat.a(directory.o)
                0x000000000200b248                _FAT_directory_entryStat
 .text.isValidMBR
                0x000000000200b32c       0x5c C:/devkitPro/libnds/lib\libfat.a(partition.o)
 .text._FAT_updateFS_INFO
                0x000000000200b388       0x54 C:/devkitPro/libnds/lib\libfat.a(partition.o)
 .text.FindFirstValidPartition_buf.part.0
                0x000000000200b3dc      0x11c C:/devkitPro/libnds/lib\libfat.a(partition.o)
 .text._FAT_partition_getPartitionFromPath
                0x000000000200b4f8       0x10 C:/devkitPro/libnds/lib\libfat.a(partition.o)
                0x000000000200b4f8                _FAT_partition_getPartitionFromPath
 .text._FAT_partition_createFSinfo
                0x000000000200b508       0x50 C:/devkitPro/libnds/lib\libfat.a(partition.o)
                0x000000000200b508                _FAT_partition_createFSinfo
 .text._FAT_partition_readFSinfo.part.0
                0x000000000200b558       0x74 C:/devkitPro/libnds/lib\libfat.a(partition.o)
 .text._FAT_partition_constructor_buf
                0x000000000200b5cc      0x2e8 C:/devkitPro/libnds/lib\libfat.a(partition.o)
                0x000000000200b5cc                _FAT_partition_constructor_buf
 .text._FAT_partition_constructor
                0x000000000200b8b4       0x40 C:/devkitPro/libnds/lib\libfat.a(partition.o)
                0x000000000200b8b4                _FAT_partition_constructor
 .text._FAT_partition_readFSinfo
                0x000000000200b8f4       0x10 C:/devkitPro/libnds/lib\libfat.a(partition.o)
                0x000000000200b8f4                _FAT_partition_readFSinfo
 .text._FAT_lock_init
                0x000000000200b904        0x4 C:/devkitPro/libnds/lib\libfat.a(lock.o)
                0x000000000200b904                _FAT_lock_init
 .text._FAT_lock
                0x000000000200b908        0x4 C:/devkitPro/libnds/lib\libfat.a(lock.o)
                0x000000000200b908                _FAT_lock
 .text._FAT_unlock
                0x000000000200b90c        0x4 C:/devkitPro/libnds/lib\libfat.a(lock.o)
                0x000000000200b90c                _FAT_unlock
 .text._FAT_filetime_getTimeFromRTC
                0x000000000200b910       0x44 C:/devkitPro/libnds/lib\libfat.a(filetime.o)
                0x000000000200b910                _FAT_filetime_getTimeFromRTC
 .text._FAT_filetime_getDateFromRTC
                0x000000000200b954       0x44 C:/devkitPro/libnds/lib\libfat.a(filetime.o)
                0x000000000200b954                _FAT_filetime_getDateFromRTC
 .text._FAT_filetime_to_time_t
                0x000000000200b998       0x38 C:/devkitPro/libnds/lib\libfat.a(filetime.o)
                0x000000000200b998                _FAT_filetime_to_time_t
 .text._FAT_fat_writeFatEntry.part.0.isra.0
                0x000000000200b9d0      0x12c C:/devkitPro/libnds/lib\libfat.a(file_allocation_table.o)
 .text._FAT_fat_nextCluster
                0x000000000200bafc      0x108 C:/devkitPro/libnds/lib\libfat.a(file_allocation_table.o)
                0x000000000200bafc                _FAT_fat_nextCluster
 .text._FAT_fat_linkFreeCluster
                0x000000000200bc04       0xac C:/devkitPro/libnds/lib\libfat.a(file_allocation_table.o)
                0x000000000200bc04                _FAT_fat_linkFreeCluster
 .text._FAT_fat_linkFreeClusterCleared
                0x000000000200bcb0       0x68 C:/devkitPro/libnds/lib\libfat.a(file_allocation_table.o)
                0x000000000200bcb0                _FAT_fat_linkFreeClusterCleared
 .text._FAT_fat_clearLinks
                0x000000000200bd18       0x7c C:/devkitPro/libnds/lib\libfat.a(file_allocation_table.o)
                0x000000000200bd18                _FAT_fat_clearLinks
 .text._FAT_fat_trimChain
                0x000000000200bd94       0x80 C:/devkitPro/libnds/lib\libfat.a(file_allocation_table.o)
                0x000000000200bd94                _FAT_fat_trimChain
 .text._FAT_fat_lastCluster
                0x000000000200be14       0x34 C:/devkitPro/libnds/lib\libfat.a(file_allocation_table.o)
                0x000000000200be14                _FAT_fat_lastCluster
 .text._FAT_fat_freeClusterCount
                0x000000000200be48       0x2c C:/devkitPro/libnds/lib\libfat.a(file_allocation_table.o)
                0x000000000200be48                _FAT_fat_freeClusterCount
 .text.newRow   0x000000000200be74       0xb0 C:/devkitPro/libnds/lib\libnds9.a(console.o)
 .text.consolePrintChar
                0x000000000200bf24       0xec C:/devkitPro/libnds/lib\libnds9.a(console.o)
                0x000000000200bf24                consolePrintChar
 .text.con_write
                0x000000000200c010      0x374 C:/devkitPro/libnds/lib\libnds9.a(console.o)
                0x000000000200c010                con_write
 .text.consoleLoadFont
                0x000000000200c384      0x2a8 C:/devkitPro/libnds/lib\libnds9.a(console.o)
                0x000000000200c384                consoleLoadFont
 .text.consoleInit
                0x000000000200c62c      0x194 C:/devkitPro/libnds/lib\libnds9.a(console.o)
                0x000000000200c62c                consoleInit
 .text.consoleDemoInit
                0x000000000200c7c0       0x40 C:/devkitPro/libnds/lib\libnds9.a(console.o)
                0x000000000200c7c0                consoleDemoInit
 .text.consoleClear
                0x000000000200c800       0x10 C:/devkitPro/libnds/lib\libnds9.a(console.o)
                0x000000000200c800                consoleClear
 .text.sinLutLookup
                0x000000000200c810       0x38 C:/devkitPro/libnds/lib\libnds9.a(trig.o)
                0x000000000200c810                sinLutLookup
 .text.sinLerp  0x000000000200c848       0x40 C:/devkitPro/libnds/lib\libnds9.a(trig.o)
                0x000000000200c848                sinLerp
 .text.cosLerp  0x000000000200c888       0x4c C:/devkitPro/libnds/lib\libnds9.a(trig.o)
                0x000000000200c888                cosLerp
 .text.tanLerp  0x000000000200c8d4       0xa4 C:/devkitPro/libnds/lib\libnds9.a(trig.o)
                0x000000000200c8d4                tanLerp
 .text.vramBlock__deallocateBlock.part.0
                0x000000000200c978      0x184 C:/devkitPro/libnds/lib\libnds9.a(videoGL.o)
 .text.glMaterialf
                0x000000000200cafc       0x7c C:/devkitPro/libnds/lib\libnds9.a(videoGL.o)
                0x000000000200cafc                glMaterialf
 .text.vramBlock_init
                0x000000000200cb78       0x5c C:/devkitPro/libnds/lib\libnds9.a(videoGL.o)
                0x000000000200cb78                vramBlock_init
 .text.vramBlock__allocateBlock
                0x000000000200cbd4      0x178 C:/devkitPro/libnds/lib\libnds9.a(videoGL.o)
                0x000000000200cbd4                vramBlock__allocateBlock
 .text.vramBlock_examineSpecial
                0x000000000200cd4c      0x244 C:/devkitPro/libnds/lib\libnds9.a(videoGL.o)
                0x000000000200cd4c                vramBlock_examineSpecial
 .text.vramBlock_allocateSpecial
                0x000000000200cf90       0x6c C:/devkitPro/libnds/lib\libnds9.a(videoGL.o)
                0x000000000200cf90                vramBlock_allocateSpecial
 .text.vramBlock_allocateBlock
                0x000000000200cffc       0x30 C:/devkitPro/libnds/lib\libnds9.a(videoGL.o)
                0x000000000200cffc                vramBlock_allocateBlock
 .text.vramBlock_deallocateBlock
                0x000000000200d02c       0x48 C:/devkitPro/libnds/lib\libnds9.a(videoGL.o)
                0x000000000200d02c                vramBlock_deallocateBlock
 .text.removePaletteFromTexture.part.0
                0x000000000200d074       0x68 C:/devkitPro/libnds/lib\libnds9.a(videoGL.o)
 .text.glInit_C
                0x000000000200d0dc      0x1cc C:/devkitPro/libnds/lib\libnds9.a(videoGL.o)
                0x000000000200d0dc                glInit_C
 .text.glGenTextures
                0x000000000200d2a8       0x80 C:/devkitPro/libnds/lib\libnds9.a(videoGL.o)
                0x000000000200d2a8                glGenTextures
 .text.vramGetBank
                0x000000000200d328       0xb8 C:/devkitPro/libnds/lib\libnds9.a(videoGL.o)
                0x000000000200d328                vramGetBank
 .text.glBindTexture
                0x000000000200d3e0       0x60 C:/devkitPro/libnds/lib\libnds9.a(videoGL.o)
                0x000000000200d3e0                glBindTexture
 .text.glColorTableEXT
                0x000000000200d440      0x1d8 C:/devkitPro/libnds/lib\libnds9.a(videoGL.o)
                0x000000000200d440                glColorTableEXT
 .text.glTexImage2D
                0x000000000200d618      0x414 C:/devkitPro/libnds/lib\libnds9.a(videoGL.o)
                0x000000000200d618                glTexImage2D
 .text.scanKeys
                0x000000000200da2c       0x8c C:/devkitPro/libnds/lib\libnds9.a(keys.o)
                0x000000000200da2c                scanKeys
 .text.keysDown
                0x000000000200dab8       0x14 C:/devkitPro/libnds/lib\libnds9.a(keys.o)
                0x000000000200dab8                keysDown
 .text.dldiGetInternal
                0x000000000200dacc       0x34 C:/devkitPro/libnds/lib\libnds9.a(dldi.o)
                0x000000000200dacc                dldiGetInternal
 .text.get_io_dsisd
                0x000000000200db00       0x24 C:/devkitPro/libnds/lib\libnds9.a(dldi.o)
                0x000000000200db00                get_io_dsisd
 .text.initSystem
                0x000000000200db24      0x198 C:/devkitPro/libnds/lib\libnds9.a(initSystem.o)
                0x000000000200db24                initSystem
 .text.__libnds_gtod
                0x000000000200dcbc       0x28 C:/devkitPro/libnds/lib\libnds9.a(timeSupport.o)
                0x000000000200dcbc                __libnds_gtod
 .text.irqDummy
                0x000000000200dce4        0x4 C:/devkitPro/libnds/lib\libnds9.a(interrupts.o)
                0x000000000200dce4                irqDummy
 .text.irqSet   0x000000000200dce8       0x6c C:/devkitPro/libnds/lib\libnds9.a(interrupts.o)
                0x000000000200dce8                irqSet
 .text.irqInit  0x000000000200dd54       0x50 C:/devkitPro/libnds/lib\libnds9.a(interrupts.o)
                0x000000000200dd54                irqInit
 .text.irqEnable
                0x000000000200dda4       0x64 C:/devkitPro/libnds/lib\libnds9.a(interrupts.o)
                0x000000000200dda4                irqEnable
 .text.systemErrorExit
                0x000000000200de08        0x4 C:/devkitPro/libnds/lib\libnds9.a(libnds_exit.arm.o)
                0x000000000200de08                systemErrorExit
 .text.__libnds_exit
                0x000000000200de0c       0x5c C:/devkitPro/libnds/lib\libnds9.a(libnds_exit.arm.o)
                0x000000000200de0c                __libnds_exit
 .text.fifo_queueBlock
                0x000000000200de68       0x44 C:/devkitPro/libnds/lib\libnds9.a(fifosystem.o)
 .text.fifo_waitBlock
                0x000000000200deac       0x80 C:/devkitPro/libnds/lib\libnds9.a(fifosystem.o)
 .text.fifoInternalSend.part.0
                0x000000000200df2c       0xd4 C:/devkitPro/libnds/lib\libnds9.a(fifosystem.o)
 .text.fifoInternalSendInterrupt
                0x000000000200e000       0xa8 C:/devkitPro/libnds/lib\libnds9.a(fifosystem.o)
 .text.fifoSetValue32Handler
                0x000000000200e0a8       0xd8 C:/devkitPro/libnds/lib\libnds9.a(fifosystem.o)
                0x000000000200e0a8                fifoSetValue32Handler
 .text.fifoSendValue32
                0x000000000200e180       0x4c C:/devkitPro/libnds/lib\libnds9.a(fifosystem.o)
                0x000000000200e180                fifoSendValue32
 .text.fifoSendDatamsg
                0x000000000200e1cc       0x90 C:/devkitPro/libnds/lib\libnds9.a(fifosystem.o)
                0x000000000200e1cc                fifoSendDatamsg
 .text.fifoGetValue32
                0x000000000200e25c       0x70 C:/devkitPro/libnds/lib\libnds9.a(fifosystem.o)
                0x000000000200e25c                fifoGetValue32
 .text.fifoGetDatamsg
                0x000000000200e2cc       0xf4 C:/devkitPro/libnds/lib\libnds9.a(fifosystem.o)
                0x000000000200e2cc                fifoGetDatamsg
 .text.fifoInternalRecvInterrupt
                0x000000000200e3c0      0x380 C:/devkitPro/libnds/lib\libnds9.a(fifosystem.o)
 .text.fifoSetDatamsgHandler
                0x000000000200e740       0x9c C:/devkitPro/libnds/lib\libnds9.a(fifosystem.o)
                0x000000000200e740                fifoSetDatamsgHandler
 .text.fifoCheckValue32
                0x000000000200e7dc       0x24 C:/devkitPro/libnds/lib\libnds9.a(fifosystem.o)
                0x000000000200e7dc                fifoCheckValue32
 .text.fifoInit
                0x000000000200e800       0xf8 C:/devkitPro/libnds/lib\libnds9.a(fifosystem.o)
                0x000000000200e800                fifoInit
 .text.__libnds_mpu_setup
                0x000000000200e8f8      0x174 C:/devkitPro/libnds/lib\libnds9.a(mpu_setup.o)
                0x000000000200e8f8                __libnds_mpu_setup
 .text.memUncached
                0x000000000200ea6c       0x20 C:/devkitPro/libnds/lib\libnds9.a(mpu_setup.o)
                0x000000000200ea6c                memUncached
 .text.swiWaitForVBlank
                0x000000000200ea8c        0x8 C:/devkitPro/libnds/lib\libnds9.a(IntrWait.o)
                0x000000000200ea8c                swiWaitForVBlank
 .text.swiIntrWait
                0x000000000200ea94       0x70 C:/devkitPro/libnds/lib\libnds9.a(IntrWait.o)
                0x000000000200ea94                swiIntrWait
 .text.setCpuClock
                0x000000000200eb04       0x50 C:/devkitPro/libnds/lib\libnds9.a(cpu_clock.o)
                0x000000000200eb04                setCpuClock
 .text.swiSoftReset
                0x000000000200eb54       0x2c C:/devkitPro/libnds/lib\libnds9.a(swiSoftReset.o)
                0x000000000200eb54                swiSoftReset
 .text.swiDelay
                0x000000000200eb80        0x4 C:/devkitPro/libnds/lib\libnds9.a(biosCalls.o)
                0x000000000200eb80                swiDelay
 .text.swiCopy  0x000000000200eb84        0x4 C:/devkitPro/libnds/lib\libnds9.a(biosCalls.o)
                0x000000000200eb84                swiCopy
 .text.checkIfText
                0x000000000200eb88       0x5c C:/devkitPro/libnds/lib\libnds9.a(background.o)
                0x000000000200eb88                checkIfText
 .text.bgUpdate
                0x000000000200ebe4       0xf4 C:/devkitPro/libnds/lib\libnds9.a(background.o)
                0x000000000200ebe4                bgUpdate
 .text.bgInit_call
                0x000000000200ecd8       0xc4 C:/devkitPro/libnds/lib\libnds9.a(background.o)
                0x000000000200ecd8                bgInit_call
 .text.bgInitSub_call
                0x000000000200ed9c       0xcc C:/devkitPro/libnds/lib\libnds9.a(background.o)
                0x000000000200ed9c                bgInitSub_call
 .text.DynamicArrayInit
                0x000000000200ee68       0x18 C:/devkitPro/libnds/lib\libnds9.a(dynamicArray.o)
                0x000000000200ee68                DynamicArrayInit
 .text.DynamicArrayGet
                0x000000000200ee80       0x18 C:/devkitPro/libnds/lib\libnds9.a(dynamicArray.o)
                0x000000000200ee80                DynamicArrayGet
 .text.DynamicArraySet
                0x000000000200ee98       0x48 C:/devkitPro/libnds/lib\libnds9.a(dynamicArray.o)
                0x000000000200ee98                DynamicArraySet
 .text.vramRestorePrimaryBanks
                0x000000000200eee0        0xc C:/devkitPro/libnds/lib\libnds9.a(video.o)
                0x000000000200eee0                vramRestorePrimaryBanks
 .text.vramRestoreBanks_EFG
                0x000000000200eeec        0xc C:/devkitPro/libnds/lib\libnds9.a(video.o)
                0x000000000200eeec                vramRestoreBanks_EFG
 .text.vramDefault
                0x000000000200eef8       0xd0 C:/devkitPro/libnds/lib\libnds9.a(video.o)
                0x000000000200eef8                vramDefault
 .text.systemValueHandler
                0x000000000200efc8       0x48 C:/devkitPro/libnds/lib\libnds9.a(system.o)
                0x000000000200efc8                systemValueHandler
 .text.systemMsgHandler
                0x000000000200f010       0x60 C:/devkitPro/libnds/lib\libnds9.a(system.o)
                0x000000000200f010                systemMsgHandler
 .text.powerOn  0x000000000200f070       0x2c C:/devkitPro/libnds/lib\libnds9.a(system.o)
                0x000000000200f070                powerOn
 .text.DC_FlushRange
                0x000000000200f09c       0x24 C:/devkitPro/libnds/lib\libnds9.a(dcache.o)
                0x000000000200f09c                DC_FlushRange
 .text.__muldi3
                0x000000000200f0c0       0x54 c:/devkitpro/devkitarm/bin/../lib/gcc/arm-none-eabi/10.2.0/thumb\libgcc.a(_muldi3.o)
                0x000000000200f0c0                __muldi3
                0x000000000200f0c0                __aeabi_lmul
 .text.__udivmoddi4
                0x000000000200f114      0x19c c:/devkitpro/devkitarm/bin/../lib/gcc/arm-none-eabi/10.2.0/thumb\libgcc.a(_udivmoddi4.o)
                0x000000000200f114                __udivmoddi4
 .text.calloc   0x000000000200f2b0       0x18 c:/devkitpro/devkitarm/bin/../lib/gcc/arm-none-eabi/10.2.0/../../../../arm-none-eabi/lib/thumb\libg.a(lib_a-calloc.o)
                0x000000000200f2b0                calloc
 .text._calloc_r
                0x000000000200f2c8       0x60 c:/devkitpro/devkitarm/bin/../lib/gcc/arm-none-eabi/10.2.0/../../../../arm-none-eabi/lib/thumb\libg.a(lib_a-callocr.o)
                0x000000000200f2c8                _calloc_r
 .text._fclose_r
                0x000000000200f328       0xe8 c:/devkitpro/devkitarm/bin/../lib/gcc/arm-none-eabi/10.2.0/../../../../arm-none-eabi/lib/thumb\libg.a(lib_a-fclose.o)
                0x000000000200f328                _fclose_r
 .text.fclose   0x000000000200f410       0x14 c:/devkitpro/devkitarm/bin/../lib/gcc/arm-none-eabi/10.2.0/../../../../arm-none-eabi/lib/thumb\libg.a(lib_a-fclose.o)
                0x000000000200f410                fclose
 .text.__sflush_r
                0x000000000200f424      0x1c0 c:/devkitpro/devkitarm/bin/../lib/gcc/arm-none-eabi/10.2.0/../../../../arm-none-eabi/lib/thumb\libg.a(lib_a-fflush.o)
                0x000000000200f424                __sflush_r
 .text._fflush_r
                0x000000000200f5e4       0x70 c:/devkitpro/devkitarm/bin/../lib/gcc/arm-none-eabi/10.2.0/../../../../arm-none-eabi/lib/thumb\libg.a(lib_a-fflush.o)
                0x000000000200f5e4                _fflush_r
 .text.fflush   0x000000000200f654       0x2c c:/devkitpro/devkitarm/bin/../lib/gcc/arm-none-eabi/10.2.0/../../../../arm-none-eabi/lib/thumb\libg.a(lib_a-fflush.o)
                0x000000000200f654                fflush
 .text._cleanup_r
                0x000000000200f680       0x14 c:/devkitpro/devkitarm/bin/../lib/gcc/arm-none-eabi/10.2.0/../../../../arm-none-eabi/lib/thumb\libg.a(lib_a-findfp.o)
                0x000000000200f680                _cleanup_r
 .text.__sinit  0x000000000200f694      0x124 c:/devkitpro/devkitarm/bin/../lib/gcc/arm-none-eabi/10.2.0/../../../../arm-none-eabi/lib/thumb\libg.a(lib_a-findfp.o)
                0x000000000200f694                __sinit
 .text.__sfp    0x000000000200f7b8       0xdc c:/devkitpro/devkitarm/bin/../lib/gcc/arm-none-eabi/10.2.0/../../../../arm-none-eabi/lib/thumb\libg.a(lib_a-findfp.o)
                0x000000000200f7b8                __sfp
 .text.__sfp_lock_acquire
                0x000000000200f894       0x14 c:/devkitpro/devkitarm/bin/../lib/gcc/arm-none-eabi/10.2.0/../../../../arm-none-eabi/lib/thumb\libg.a(lib_a-findfp.o)
                0x000000000200f894                __sfp_lock_acquire
 .text.__sfp_lock_release
                0x000000000200f8a8       0x14 c:/devkitpro/devkitarm/bin/../lib/gcc/arm-none-eabi/10.2.0/../../../../arm-none-eabi/lib/thumb\libg.a(lib_a-findfp.o)
                0x000000000200f8a8                __sfp_lock_release
 .text._fopen_r
                0x000000000200f8bc       0xb8 c:/devkitpro/devkitarm/bin/../lib/gcc/arm-none-eabi/10.2.0/../../../../arm-none-eabi/lib/thumb\libg.a(lib_a-fopen.o)
                0x000000000200f8bc                _fopen_r
 .text.fopen    0x000000000200f974       0x18 c:/devkitpro/devkitarm/bin/../lib/gcc/arm-none-eabi/10.2.0/../../../../arm-none-eabi/lib/thumb\libg.a(lib_a-fopen.o)
                0x000000000200f974                fopen
 .text._fread_r
                0x000000000200f98c      0x1f0 c:/devkitpro/devkitarm/bin/../lib/gcc/arm-none-eabi/10.2.0/../../../../arm-none-eabi/lib/thumb\libg.a(lib_a-fread.o)
                0x000000000200f98c                _fread_r
 .text.fread    0x000000000200fb7c       0x24 c:/devkitpro/devkitarm/bin/../lib/gcc/arm-none-eabi/10.2.0/../../../../arm-none-eabi/lib/thumb\libg.a(lib_a-fread.o)
                0x000000000200fb7c                fread
 .text._malloc_trim_r
                0x000000000200fba0       0xa0 c:/devkitpro/devkitarm/bin/../lib/gcc/arm-none-eabi/10.2.0/../../../../arm-none-eabi/lib/thumb\libg.a(lib_a-freer.o)
                0x000000000200fba0                _malloc_trim_r
 .text._free_r  0x000000000200fc40      0x1e0 c:/devkitpro/devkitarm/bin/../lib/gcc/arm-none-eabi/10.2.0/../../../../arm-none-eabi/lib/thumb\libg.a(lib_a-freer.o)
                0x000000000200fc40                _free_r
 .text._fseek_r
                0x000000000200fe20       0x18 c:/devkitpro/devkitarm/bin/../lib/gcc/arm-none-eabi/10.2.0/../../../../arm-none-eabi/lib/thumb\libg.a(lib_a-fseek.o)
                0x000000000200fe20                _fseek_r
 .text._fseeko_r
                0x000000000200fe38      0x39c c:/devkitpro/devkitarm/bin/../lib/gcc/arm-none-eabi/10.2.0/../../../../arm-none-eabi/lib/thumb\libg.a(lib_a-fseeko.o)
                0x000000000200fe38                _fseeko_r
 .text._ftello_r
                0x00000000020101d4      0x118 c:/devkitpro/devkitarm/bin/../lib/gcc/arm-none-eabi/10.2.0/../../../../arm-none-eabi/lib/thumb\libg.a(lib_a-ftello.o)
                0x00000000020101d4                _ftello_r
 .text._fwalk   0x00000000020102ec       0x48 c:/devkitpro/devkitarm/bin/../lib/gcc/arm-none-eabi/10.2.0/../../../../arm-none-eabi/lib/thumb\libg.a(lib_a-fwalk.o)
                0x00000000020102ec                _fwalk
 .text._fwalk_reent
                0x0000000002010334       0x50 c:/devkitpro/devkitarm/bin/../lib/gcc/arm-none-eabi/10.2.0/../../../../arm-none-eabi/lib/thumb\libg.a(lib_a-fwalk.o)
                0x0000000002010334                _fwalk_reent
 .text._fwrite_r
                0x0000000002010384       0x94 c:/devkitpro/devkitarm/bin/../lib/gcc/arm-none-eabi/10.2.0/../../../../arm-none-eabi/lib/thumb\libg.a(lib_a-fwrite.o)
                0x0000000002010384                _fwrite_r
 .text.fwrite   0x0000000002010418       0x24 c:/devkitpro/devkitarm/bin/../lib/gcc/arm-none-eabi/10.2.0/../../../../arm-none-eabi/lib/thumb\libg.a(lib_a-fwrite.o)
                0x0000000002010418                fwrite
 .text.__libc_init_array
                0x000000000201043c       0x50 c:/devkitpro/devkitarm/bin/../lib/gcc/arm-none-eabi/10.2.0/../../../../arm-none-eabi/lib/thumb\libg.a(lib_a-init.o)
                0x000000000201043c                __libc_init_array
 .text.iprintf  0x000000000201048c       0x24 c:/devkitpro/devkitarm/bin/../lib/gcc/arm-none-eabi/10.2.0/../../../../arm-none-eabi/lib/thumb\libg.a(lib_a-iprintf.o)
                0x000000000201048c                iprintf
 .text.localtime_r
                0x00000000020104b0      0x244 c:/devkitpro/devkitarm/bin/../lib/gcc/arm-none-eabi/10.2.0/../../../../arm-none-eabi/lib/thumb\libg.a(lib_a-lcltime_r.o)
                0x00000000020104b0                localtime_r
 .text.__locale_mb_cur_max
                0x00000000020106f4       0x10 c:/devkitpro/devkitarm/bin/../lib/gcc/arm-none-eabi/10.2.0/../../../../arm-none-eabi/lib/thumb\libg.a(lib_a-locale.o)
                0x00000000020106f4                __locale_mb_cur_max
 .text.__smakebuf_r
                0x0000000002010704       0xec c:/devkitpro/devkitarm/bin/../lib/gcc/arm-none-eabi/10.2.0/../../../../arm-none-eabi/lib/thumb\libg.a(lib_a-makebuf.o)
                0x0000000002010704                __smakebuf_r
 .text.__swhatbuf_r
                0x00000000020107f0       0x64 c:/devkitpro/devkitarm/bin/../lib/gcc/arm-none-eabi/10.2.0/../../../../arm-none-eabi/lib/thumb\libg.a(lib_a-makebuf.o)
                0x00000000020107f0                __swhatbuf_r
 .text.malloc   0x0000000002010854       0x14 c:/devkitpro/devkitarm/bin/../lib/gcc/arm-none-eabi/10.2.0/../../../../arm-none-eabi/lib/thumb\libg.a(lib_a-malloc.o)
                0x0000000002010854                malloc
 .text.free     0x0000000002010868       0x14 c:/devkitpro/devkitarm/bin/../lib/gcc/arm-none-eabi/10.2.0/../../../../arm-none-eabi/lib/thumb\libg.a(lib_a-malloc.o)
                0x0000000002010868                free
 .text._malloc_r
                0x000000000201087c      0x59c c:/devkitpro/devkitarm/bin/../lib/gcc/arm-none-eabi/10.2.0/../../../../arm-none-eabi/lib/thumb\libg.a(lib_a-mallocr.o)
                0x000000000201087c                _malloc_r
 .text._mbrtowc_r
                0x0000000002010e18       0x60 c:/devkitpro/devkitarm/bin/../lib/gcc/arm-none-eabi/10.2.0/../../../../arm-none-eabi/lib/thumb\libg.a(lib_a-mbrtowc.o)
                0x0000000002010e18                _mbrtowc_r
 .text.mbrtowc  0x0000000002010e78       0x80 c:/devkitpro/devkitarm/bin/../lib/gcc/arm-none-eabi/10.2.0/../../../../arm-none-eabi/lib/thumb\libg.a(lib_a-mbrtowc.o)
                0x0000000002010e78                mbrtowc
 .text.mbsrtowcs
                0x0000000002010ef8       0x28 c:/devkitpro/devkitarm/bin/../lib/gcc/arm-none-eabi/10.2.0/../../../../arm-none-eabi/lib/thumb\libg.a(lib_a-mbsrtowcs.o)
                0x0000000002010ef8                mbsrtowcs
 .text.__utf8_mbtowc
                0x0000000002010f20      0x280 c:/devkitpro/devkitarm/bin/../lib/gcc/arm-none-eabi/10.2.0/../../../../arm-none-eabi/lib/thumb\libg.a(lib_a-mbtowc_r.o)
                0x0000000002010f20                __utf8_mbtowc
 .text.memcmp   0x00000000020111a0       0x4c c:/devkitpro/devkitarm/bin/../lib/gcc/arm-none-eabi/10.2.0/../../../../arm-none-eabi/lib/thumb\libg.a(lib_a-memcmp.o)
                0x00000000020111a0                memcmp
 .text.memcpy   0x00000000020111ec       0xa8 c:/devkitpro/devkitarm/bin/../lib/gcc/arm-none-eabi/10.2.0/../../../../arm-none-eabi/lib/thumb\libg.a(lib_a-memcpy-stub.o)
                0x00000000020111ec                memcpy
 .text.memmove  0x0000000002011294       0xbc c:/devkitpro/devkitarm/bin/../lib/gcc/arm-none-eabi/10.2.0/../../../../arm-none-eabi/lib/thumb\libg.a(lib_a-memmove.o)
                0x0000000002011294                memmove
 .text.memset   0x0000000002011350       0xb0 c:/devkitpro/devkitarm/bin/../lib/gcc/arm-none-eabi/10.2.0/../../../../arm-none-eabi/lib/thumb\libg.a(lib_a-memset.o)
                0x0000000002011350                memset
 .text.validate_structure
                0x0000000002011400      0x1e8 c:/devkitpro/devkitarm/bin/../lib/gcc/arm-none-eabi/10.2.0/../../../../arm-none-eabi/lib/thumb\libg.a(lib_a-mktime.o)
 .text.mktime   0x00000000020115e8      0x450 c:/devkitpro/devkitarm/bin/../lib/gcc/arm-none-eabi/10.2.0/../../../../arm-none-eabi/lib/thumb\libg.a(lib_a-mktime.o)
                0x00000000020115e8                mktime
 .text.__malloc_lock
                0x0000000002011a38       0x14 c:/devkitpro/devkitarm/bin/../lib/gcc/arm-none-eabi/10.2.0/../../../../arm-none-eabi/lib/thumb\libg.a(lib_a-mlock.o)
                0x0000000002011a38                __malloc_lock
 .text.__malloc_unlock
                0x0000000002011a4c       0x14 c:/devkitpro/devkitarm/bin/../lib/gcc/arm-none-eabi/10.2.0/../../../../arm-none-eabi/lib/thumb\libg.a(lib_a-mlock.o)
                0x0000000002011a4c                __malloc_unlock
 .text.rand     0x0000000002011a60       0x34 c:/devkitpro/devkitarm/bin/../lib/gcc/arm-none-eabi/10.2.0/../../../../arm-none-eabi/lib/thumb\libg.a(lib_a-rand.o)
                0x0000000002011a60                rand
 .text.realloc  0x0000000002011a94       0x18 c:/devkitpro/devkitarm/bin/../lib/gcc/arm-none-eabi/10.2.0/../../../../arm-none-eabi/lib/thumb\libg.a(lib_a-realloc.o)
                0x0000000002011a94                realloc
 .text._realloc_r
                0x0000000002011aac      0x38c c:/devkitpro/devkitarm/bin/../lib/gcc/arm-none-eabi/10.2.0/../../../../arm-none-eabi/lib/thumb\libg.a(lib_a-reallocr.o)
                0x0000000002011aac                _realloc_r
 .text.lflush   0x0000000002011e38       0x20 c:/devkitpro/devkitarm/bin/../lib/gcc/arm-none-eabi/10.2.0/../../../../arm-none-eabi/lib/thumb\libg.a(lib_a-refill.o)
 .text.__srefill_r
                0x0000000002011e58      0x118 c:/devkitpro/devkitarm/bin/../lib/gcc/arm-none-eabi/10.2.0/../../../../arm-none-eabi/lib/thumb\libg.a(lib_a-refill.o)
                0x0000000002011e58                __srefill_r
 .text.setvbuf  0x0000000002011f70      0x1ac c:/devkitpro/devkitarm/bin/../lib/gcc/arm-none-eabi/10.2.0/../../../../arm-none-eabi/lib/thumb\libg.a(lib_a-setvbuf.o)
                0x0000000002011f70                setvbuf
 .text.siscanf  0x000000000201211c       0x4c c:/devkitpro/devkitarm/bin/../lib/gcc/arm-none-eabi/10.2.0/../../../../arm-none-eabi/lib/thumb\libg.a(lib_a-siscanf.o)
                0x000000000201211c                siscanf
 .text.__sread  0x0000000002012168       0x34 c:/devkitpro/devkitarm/bin/../lib/gcc/arm-none-eabi/10.2.0/../../../../arm-none-eabi/lib/thumb\libg.a(lib_a-stdio.o)
                0x0000000002012168                __sread
 .text.__seofread
                0x000000000201219c        0x4 c:/devkitpro/devkitarm/bin/../lib/gcc/arm-none-eabi/10.2.0/../../../../arm-none-eabi/lib/thumb\libg.a(lib_a-stdio.o)
                0x000000000201219c                __seofread
 .text.__swrite
                0x00000000020121a0       0x54 c:/devkitpro/devkitarm/bin/../lib/gcc/arm-none-eabi/10.2.0/../../../../arm-none-eabi/lib/thumb\libg.a(lib_a-stdio.o)
                0x00000000020121a0                __swrite
 .text.__sseek  0x00000000020121f4       0x40 c:/devkitpro/devkitarm/bin/../lib/gcc/arm-none-eabi/10.2.0/../../../../arm-none-eabi/lib/thumb\libg.a(lib_a-stdio.o)
                0x00000000020121f4                __sseek
 .text.__sclose
                0x0000000002012234       0x10 c:/devkitpro/devkitarm/bin/../lib/gcc/arm-none-eabi/10.2.0/../../../../arm-none-eabi/lib/thumb\libg.a(lib_a-stdio.o)
                0x0000000002012234                __sclose
 .text.stpcpy   0x0000000002012244       0x50 c:/devkitpro/devkitarm/bin/../lib/gcc/arm-none-eabi/10.2.0/../../../../arm-none-eabi/lib/thumb\libg.a(lib_a-stpcpy.o)
                0x0000000002012244                stpcpy
 .text.strchr   0x0000000002012294       0xc8 c:/devkitpro/devkitarm/bin/../lib/gcc/arm-none-eabi/10.2.0/../../../../arm-none-eabi/lib/thumb\libg.a(lib_a-strchr.o)
                0x0000000002012294                strchr
 .text.strcpy   0x000000000201235c       0x10 c:/devkitpro/devkitarm/bin/../lib/gcc/arm-none-eabi/10.2.0/../../../../arm-none-eabi/lib/thumb\libg.a(lib_a-strcpy.o)
                0x000000000201235c                strcpy
 .text.strlen   0x000000000201236c       0x60 c:/devkitpro/devkitarm/bin/../lib/gcc/arm-none-eabi/10.2.0/../../../../arm-none-eabi/lib/thumb\libg.a(lib_a-strlen-stub.o)
                0x000000000201236c                strlen
 .text.strncasecmp
                0x00000000020123cc       0x54 c:/devkitpro/devkitarm/bin/../lib/gcc/arm-none-eabi/10.2.0/../../../../arm-none-eabi/lib/thumb\libg.a(lib_a-strncasecmp.o)
                0x00000000020123cc                strncasecmp
 .text.strncmp  0x0000000002012420       0x78 c:/devkitpro/devkitarm/bin/../lib/gcc/arm-none-eabi/10.2.0/../../../../arm-none-eabi/lib/thumb\libg.a(lib_a-strncmp.o)
                0x0000000002012420                strncmp
 .text.strncpy  0x0000000002012498       0x74 c:/devkitpro/devkitarm/bin/../lib/gcc/arm-none-eabi/10.2.0/../../../../arm-none-eabi/lib/thumb\libg.a(lib_a-strncpy.o)
                0x0000000002012498                strncpy
 .text.strnlen  0x000000000201250c       0x28 c:/devkitpro/devkitarm/bin/../lib/gcc/arm-none-eabi/10.2.0/../../../../arm-none-eabi/lib/thumb\libg.a(lib_a-strnlen.o)
                0x000000000201250c                strnlen
 .text.strpbrk  0x0000000002012534       0x40 c:/devkitpro/devkitarm/bin/../lib/gcc/arm-none-eabi/10.2.0/../../../../arm-none-eabi/lib/thumb\libg.a(lib_a-strpbrk.o)
                0x0000000002012534                strpbrk
 .text.strrchr  0x0000000002012574       0x2c c:/devkitpro/devkitarm/bin/../lib/gcc/arm-none-eabi/10.2.0/../../../../arm-none-eabi/lib/thumb\libg.a(lib_a-strrchr.o)
                0x0000000002012574                strrchr
 .text._strtol_l.part.0
                0x00000000020125a0      0x150 c:/devkitpro/devkitarm/bin/../lib/gcc/arm-none-eabi/10.2.0/../../../../arm-none-eabi/lib/thumb\libg.a(lib_a-strtol.o)
 .text._strtol_r
                0x00000000020126f0       0x20 c:/devkitpro/devkitarm/bin/../lib/gcc/arm-none-eabi/10.2.0/../../../../arm-none-eabi/lib/thumb\libg.a(lib_a-strtol.o)
                0x00000000020126f0                _strtol_r
 .text.get_arg  0x0000000002012710       0x32 c:/devkitpro/devkitarm/bin/../lib/gcc/arm-none-eabi/10.2.0/../../../../arm-none-eabi/lib/thumb\libg.a(lib_a-svfiscanf.o)
 .text._sungetc_r
                0x0000000002012742       0x7e c:/devkitpro/devkitarm/bin/../lib/gcc/arm-none-eabi/10.2.0/../../../../arm-none-eabi/lib/thumb\libg.a(lib_a-svfiscanf.o)
                0x0000000002012742                _sungetc_r
 .text.__ssrefill_r
                0x00000000020127c0       0x42 c:/devkitpro/devkitarm/bin/../lib/gcc/arm-none-eabi/10.2.0/../../../../arm-none-eabi/lib/thumb\libg.a(lib_a-svfiscanf.o)
                0x00000000020127c0                __ssrefill_r
 .text._sfread_r
                0x0000000002012802       0x8a c:/devkitpro/devkitarm/bin/../lib/gcc/arm-none-eabi/10.2.0/../../../../arm-none-eabi/lib/thumb\libg.a(lib_a-svfiscanf.o)
                0x0000000002012802                _sfread_r
 .text.__ssvfiscanf_r
                0x000000000201288c     0x1b6c c:/devkitpro/devkitarm/bin/../lib/gcc/arm-none-eabi/10.2.0/../../../../arm-none-eabi/lib/thumb\libg.a(lib_a-svfiscanf.o)
                0x000000000201288c                __ssvfiscanf_r
 .text.time     0x00000000020143f8       0x34 c:/devkitpro/devkitarm/bin/../lib/gcc/arm-none-eabi/10.2.0/../../../../arm-none-eabi/lib/thumb\libg.a(lib_a-time.o)
                0x00000000020143f8                time
 .text.towlower
                0x000000000201442c       0x10 c:/devkitpro/devkitarm/bin/../lib/gcc/arm-none-eabi/10.2.0/../../../../arm-none-eabi/lib/thumb\libg.a(lib_a-towlower.o)
                0x000000000201442c                towlower
 .text.towupper
                0x000000000201443c       0x10 c:/devkitpro/devkitarm/bin/../lib/gcc/arm-none-eabi/10.2.0/../../../../arm-none-eabi/lib/thumb\libg.a(lib_a-towupper.o)
                0x000000000201443c                towupper
 .text.__tzcalc_limits
                0x000000000201444c      0x1a8 c:/devkitpro/devkitarm/bin/../lib/gcc/arm-none-eabi/10.2.0/../../../../arm-none-eabi/lib/thumb\libg.a(lib_a-tzcalc_limits.o)
                0x000000000201444c                __tzcalc_limits
 .text.__tz_lock
                0x00000000020145f4       0x14 c:/devkitpro/devkitarm/bin/../lib/gcc/arm-none-eabi/10.2.0/../../../../arm-none-eabi/lib/thumb\libg.a(lib_a-tzlock.o)
                0x00000000020145f4                __tz_lock
 .text.__tz_unlock
                0x0000000002014608       0x14 c:/devkitpro/devkitarm/bin/../lib/gcc/arm-none-eabi/10.2.0/../../../../arm-none-eabi/lib/thumb\libg.a(lib_a-tzlock.o)
                0x0000000002014608                __tz_unlock
 .text._tzset_unlocked
                0x000000000201461c       0x10 c:/devkitpro/devkitarm/bin/../lib/gcc/arm-none-eabi/10.2.0/../../../../arm-none-eabi/lib/thumb\libg.a(lib_a-tzset.o)
                0x000000000201461c                _tzset_unlocked
 .text._tzset_unlocked_r
                0x000000000201462c      0x360 c:/devkitpro/devkitarm/bin/../lib/gcc/arm-none-eabi/10.2.0/../../../../arm-none-eabi/lib/thumb\libg.a(lib_a-tzset_r.o)
                0x000000000201462c                _tzset_unlocked_r
 .text.__submore
                0x000000000201498c       0x88 c:/devkitpro/devkitarm/bin/../lib/gcc/arm-none-eabi/10.2.0/../../../../arm-none-eabi/lib/thumb\libg.a(lib_a-ungetc.o)
                0x000000000201498c                __submore
 .text.get_arg  0x0000000002014a14      0x3f0 c:/devkitpro/devkitarm/bin/../lib/gcc/arm-none-eabi/10.2.0/../../../../arm-none-eabi/lib/thumb\libg.a(lib_a-vfiprintf.o)
 .text.__sprint_r
                0x0000000002014e04       0x20 c:/devkitpro/devkitarm/bin/../lib/gcc/arm-none-eabi/10.2.0/../../../../arm-none-eabi/lib/thumb\libg.a(lib_a-vfiprintf.o)
                0x0000000002014e04                __sprint_r
 .text._vfiprintf_r
                0x0000000002014e24     0x1800 c:/devkitpro/devkitarm/bin/../lib/gcc/arm-none-eabi/10.2.0/../../../../arm-none-eabi/lib/thumb\libg.a(lib_a-vfiprintf.o)
                0x0000000002014e24                _vfiprintf_r
 .text.__sbprintf
                0x0000000002016624       0x8c c:/devkitpro/devkitarm/bin/../lib/gcc/arm-none-eabi/10.2.0/../../../../arm-none-eabi/lib/thumb\libg.a(lib_a-vfiprintf.o)
 .text._wcrtomb_r
                0x00000000020166b0       0x5c c:/devkitpro/devkitarm/bin/../lib/gcc/arm-none-eabi/10.2.0/../../../../arm-none-eabi/lib/thumb\libg.a(lib_a-wcrtomb.o)
                0x00000000020166b0                _wcrtomb_r
 .text.wcrtomb  0x000000000201670c       0x74 c:/devkitpro/devkitarm/bin/../lib/gcc/arm-none-eabi/10.2.0/../../../../arm-none-eabi/lib/thumb\libg.a(lib_a-wcrtomb.o)
                0x000000000201670c                wcrtomb
 .text._wcsrtombs_r
                0x0000000002016780       0x1c c:/devkitpro/devkitarm/bin/../lib/gcc/arm-none-eabi/10.2.0/../../../../arm-none-eabi/lib/thumb\libg.a(lib_a-wcsrtombs.o)
                0x0000000002016780                _wcsrtombs_r
 .text.wctob    0x000000000201679c       0x48 c:/devkitpro/devkitarm/bin/../lib/gcc/arm-none-eabi/10.2.0/../../../../arm-none-eabi/lib/thumb\libg.a(lib_a-wctob.o)
                0x000000000201679c                wctob
 .text.__utf8_wctomb
                0x00000000020167e4       0xb4 c:/devkitpro/devkitarm/bin/../lib/gcc/arm-none-eabi/10.2.0/../../../../arm-none-eabi/lib/thumb\libg.a(lib_a-wctomb_r.o)
                0x00000000020167e4                __utf8_wctomb
 .text.__swsetup_r
                0x0000000002016898       0xe4 c:/devkitpro/devkitarm/bin/../lib/gcc/arm-none-eabi/10.2.0/../../../../arm-none-eabi/lib/thumb\libg.a(lib_a-wsetup.o)
                0x0000000002016898                __swsetup_r
 .text.div      0x000000000201697c       0x34 c:/devkitpro/devkitarm/bin/../lib/gcc/arm-none-eabi/10.2.0/../../../../arm-none-eabi/lib/thumb\libg.a(lib_a-div.o)
                0x000000000201697c                div
 .text.__errno  0x00000000020169b0        0xc c:/devkitpro/devkitarm/bin/../lib/gcc/arm-none-eabi/10.2.0/../../../../arm-none-eabi/lib/thumb\libg.a(lib_a-errno.o)
                0x00000000020169b0                __errno
 .text.__sflags
                0x00000000020169bc       0xa4 c:/devkitpro/devkitarm/bin/../lib/gcc/arm-none-eabi/10.2.0/../../../../arm-none-eabi/lib/thumb\libg.a(lib_a-flags.o)
                0x00000000020169bc                __sflags
 .text.__sfvwrite_r
                0x0000000002016a60      0x324 c:/devkitpro/devkitarm/bin/../lib/gcc/arm-none-eabi/10.2.0/../../../../arm-none-eabi/lib/thumb\libg.a(lib_a-fvwrite.o)
                0x0000000002016a60                __sfvwrite_r
 .text._findenv_r
                0x0000000002016d84       0x94 c:/devkitpro/devkitarm/bin/../lib/gcc/arm-none-eabi/10.2.0/../../../../arm-none-eabi/lib/thumb\libg.a(lib_a-getenv_r.o)
                0x0000000002016d84                _findenv_r
 .text._getenv_r
                0x0000000002016e18       0x10 c:/devkitpro/devkitarm/bin/../lib/gcc/arm-none-eabi/10.2.0/../../../../arm-none-eabi/lib/thumb\libg.a(lib_a-getenv_r.o)
                0x0000000002016e18                _getenv_r
 .text.__gettzinfo
                0x0000000002016e28        0x8 c:/devkitpro/devkitarm/bin/../lib/gcc/arm-none-eabi/10.2.0/../../../../arm-none-eabi/lib/thumb\libg.a(lib_a-gettzinfo.o)
                0x0000000002016e28                __gettzinfo
 .text.gmtime_r
                0x0000000002016e30      0x1d8 c:/devkitpro/devkitarm/bin/../lib/gcc/arm-none-eabi/10.2.0/../../../../arm-none-eabi/lib/thumb\libg.a(lib_a-gmtime_r.o)
                0x0000000002016e30                gmtime_r
 .text.iswspace
                0x0000000002017008       0x10 c:/devkitpro/devkitarm/bin/../lib/gcc/arm-none-eabi/10.2.0/../../../../arm-none-eabi/lib/thumb\libg.a(lib_a-iswspace.o)
                0x0000000002017008                iswspace
 .text._localeconv_r
                0x0000000002017018        0x8 c:/devkitpro/devkitarm/bin/../lib/gcc/arm-none-eabi/10.2.0/../../../../arm-none-eabi/lib/thumb\libg.a(lib_a-localeconv.o)
                0x0000000002017018                _localeconv_r
 .text._mbsnrtowcs_r
                0x0000000002017020       0xc0 c:/devkitpro/devkitarm/bin/../lib/gcc/arm-none-eabi/10.2.0/../../../../arm-none-eabi/lib/thumb\libg.a(lib_a-mbsnrtowcs.o)
                0x0000000002017020                _mbsnrtowcs_r
 .text.memchr   0x00000000020170e0       0x78 c:/devkitpro/devkitarm/bin/../lib/gcc/arm-none-eabi/10.2.0/../../../../arm-none-eabi/lib/thumb\libg.a(lib_a-memchr-stub.o)
                0x00000000020170e0                memchr
 .text.__sccl   0x0000000002017158       0x90 c:/devkitpro/devkitarm/bin/../lib/gcc/arm-none-eabi/10.2.0/../../../../arm-none-eabi/lib/thumb\libg.a(lib_a-sccl.o)
                0x0000000002017158                __sccl
 .text._strtoll_l.constprop.0
                0x00000000020171e8      0x1ac c:/devkitpro/devkitarm/bin/../lib/gcc/arm-none-eabi/10.2.0/../../../../arm-none-eabi/lib/thumb\libg.a(lib_a-strtoll.o)
 .text._strtoll_r
                0x0000000002017394        0xc c:/devkitpro/devkitarm/bin/../lib/gcc/arm-none-eabi/10.2.0/../../../../arm-none-eabi/lib/thumb\libg.a(lib_a-strtoll.o)
                0x0000000002017394                _strtoll_r
 .text._strtoull_l.constprop.0
                0x00000000020173a0      0x1c8 c:/devkitpro/devkitarm/bin/../lib/gcc/arm-none-eabi/10.2.0/../../../../arm-none-eabi/lib/thumb\libg.a(lib_a-strtoull.o)
 .text._strtoull_r
                0x0000000002017568        0xc c:/devkitpro/devkitarm/bin/../lib/gcc/arm-none-eabi/10.2.0/../../../../arm-none-eabi/lib/thumb\libg.a(lib_a-strtoull.o)
                0x0000000002017568                _strtoull_r
 .text._strtoul_l.constprop.0
                0x0000000002017574      0x148 c:/devkitpro/devkitarm/bin/../lib/gcc/arm-none-eabi/10.2.0/../../../../arm-none-eabi/lib/thumb\libg.a(lib_a-strtoul.o)
 .text._strtoul_r
                0x00000000020176bc        0xc c:/devkitpro/devkitarm/bin/../lib/gcc/arm-none-eabi/10.2.0/../../../../arm-none-eabi/lib/thumb\libg.a(lib_a-strtoul.o)
                0x00000000020176bc                _strtoul_r
 .text.strtoul  0x00000000020176c8       0x1c c:/devkitpro/devkitarm/bin/../lib/gcc/arm-none-eabi/10.2.0/../../../../arm-none-eabi/lib/thumb\libg.a(lib_a-strtoul.o)
                0x00000000020176c8                strtoul
 .text.towctrans
                0x00000000020176e4       0x28 c:/devkitpro/devkitarm/bin/../lib/gcc/arm-none-eabi/10.2.0/../../../../arm-none-eabi/lib/thumb\libg.a(lib_a-towctrans.o)
                0x00000000020176e4                towctrans
 .text._wcsnrtombs_l
                0x000000000201770c      0x138 c:/devkitpro/devkitarm/bin/../lib/gcc/arm-none-eabi/10.2.0/../../../../arm-none-eabi/lib/thumb\libg.a(lib_a-wcsnrtombs.o)
                0x000000000201770c                _wcsnrtombs_l
 .text._wcsnrtombs_r
                0x0000000002017844       0x30 c:/devkitpro/devkitarm/bin/../lib/gcc/arm-none-eabi/10.2.0/../../../../arm-none-eabi/lib/thumb\libg.a(lib_a-wcsnrtombs.o)
                0x0000000002017844                _wcsnrtombs_r
 .text.__env_lock
                0x0000000002017874       0x14 c:/devkitpro/devkitarm/bin/../lib/gcc/arm-none-eabi/10.2.0/../../../../arm-none-eabi/lib/thumb\libg.a(lib_a-envlock.o)
                0x0000000002017874                __env_lock
 .text.__env_unlock
                0x0000000002017888       0x14 c:/devkitpro/devkitarm/bin/../lib/gcc/arm-none-eabi/10.2.0/../../../../arm-none-eabi/lib/thumb\libg.a(lib_a-envlock.o)
                0x0000000002017888                __env_unlock
 .text.iswspace_l
                0x000000000201789c       0x2c c:/devkitpro/devkitarm/bin/../lib/gcc/arm-none-eabi/10.2.0/../../../../arm-none-eabi/lib/thumb\libg.a(lib_a-iswspace_l.o)
                0x000000000201789c                iswspace_l
 .text.__jp2uc  0x00000000020178c8      0x164 c:/devkitpro/devkitarm/bin/../lib/gcc/arm-none-eabi/10.2.0/../../../../arm-none-eabi/lib/thumb\libg.a(lib_a-jp2uc.o)
 .text._jp2uc_l
                0x0000000002017a2c       0x6c c:/devkitpro/devkitarm/bin/../lib/gcc/arm-none-eabi/10.2.0/../../../../arm-none-eabi/lib/thumb\libg.a(lib_a-jp2uc.o)
                0x0000000002017a2c                _jp2uc_l
 .text._uc2jp_l
                0x0000000002017a98       0x4c c:/devkitpro/devkitarm/bin/../lib/gcc/arm-none-eabi/10.2.0/../../../../arm-none-eabi/lib/thumb\libg.a(lib_a-jp2uc.o)
                0x0000000002017a98                _uc2jp_l
 .text.towctrans_l
                0x0000000002017ae4      0x1b4 c:/devkitpro/devkitarm/bin/../lib/gcc/arm-none-eabi/10.2.0/../../../../arm-none-eabi/lib/thumb\libg.a(lib_a-towctrans_l.o)
                0x0000000002017ae4                towctrans_l
 .text.category
                0x0000000002017c98       0x54 c:/devkitpro/devkitarm/bin/../lib/gcc/arm-none-eabi/10.2.0/../../../../arm-none-eabi/lib/thumb\libg.a(lib_a-categories.o)
                0x0000000002017c98                category
 .text.null_write
                0x0000000002017cec        0x4 c:/devkitpro/devkitarm/bin/../lib/gcc/arm-none-eabi/10.2.0/../../../../arm-none-eabi/lib/thumb\libsysbase.a(iosupport.o)
 .text.setDefaultDevice
                0x0000000002017cf0       0x10 c:/devkitpro/devkitarm/bin/../lib/gcc/arm-none-eabi/10.2.0/../../../../arm-none-eabi/lib/thumb\libsysbase.a(iosupport.o)
                0x0000000002017cf0                setDefaultDevice
 .text.FindDevice
                0x0000000002017d00       0x98 c:/devkitpro/devkitarm/bin/../lib/gcc/arm-none-eabi/10.2.0/../../../../arm-none-eabi/lib/thumb\libsysbase.a(iosupport.o)
                0x0000000002017d00                FindDevice
 .text.AddDevice
                0x0000000002017d98       0x78 c:/devkitpro/devkitarm/bin/../lib/gcc/arm-none-eabi/10.2.0/../../../../arm-none-eabi/lib/thumb\libsysbase.a(iosupport.o)
                0x0000000002017d98                AddDevice
 .text.GetDeviceOpTab
                0x0000000002017e10       0x20 c:/devkitpro/devkitarm/bin/../lib/gcc/arm-none-eabi/10.2.0/../../../../arm-none-eabi/lib/thumb\libsysbase.a(iosupport.o)
                0x0000000002017e10                GetDeviceOpTab
 .text._fstat_r
                0x0000000002017e30       0x4c c:/devkitpro/devkitarm/bin/../lib/gcc/arm-none-eabi/10.2.0/../../../../arm-none-eabi/lib/thumb\libsysbase.a(fstat.o)
                0x0000000002017e30                _fstat_r
 .text._gettimeofday_r
                0x0000000002017e7c       0x28 c:/devkitpro/devkitarm/bin/../lib/gcc/arm-none-eabi/10.2.0/../../../../arm-none-eabi/lib/thumb\libsysbase.a(gettod.o)
                0x0000000002017e7c                _gettimeofday_r
 .text._isatty_r
                0x0000000002017ea4        0x4 c:/devkitpro/devkitarm/bin/../lib/gcc/arm-none-eabi/10.2.0/../../../../arm-none-eabi/lib/thumb\libsysbase.a(isatty.o)
                0x0000000002017ea4                _isatty_r
 .text._lseek_r
                0x0000000002017ea8       0x5c c:/devkitpro/devkitarm/bin/../lib/gcc/arm-none-eabi/10.2.0/../../../../arm-none-eabi/lib/thumb\libsysbase.a(lseek.o)
                0x0000000002017ea8                _lseek_r
 .text._open_r  0x0000000002017f04       0x9c c:/devkitpro/devkitarm/bin/../lib/gcc/arm-none-eabi/10.2.0/../../../../arm-none-eabi/lib/thumb\libsysbase.a(open.o)
                0x0000000002017f04                _open_r
 .text._read_r  0x0000000002017fa0       0x50 c:/devkitpro/devkitarm/bin/../lib/gcc/arm-none-eabi/10.2.0/../../../../arm-none-eabi/lib/thumb\libsysbase.a(read.o)
                0x0000000002017fa0                _read_r
 .text._sbrk_r  0x0000000002017ff0       0x54 c:/devkitpro/devkitarm/bin/../lib/gcc/arm-none-eabi/10.2.0/../../../../arm-none-eabi/lib/thumb\libsysbase.a(sbrk.o)
                0x0000000002017ff0                _sbrk_r
 .text._write_r
                0x0000000002018044       0x50 c:/devkitpro/devkitarm/bin/../lib/gcc/arm-none-eabi/10.2.0/../../../../arm-none-eabi/lib/thumb\libsysbase.a(write.o)
                0x0000000002018044                _write_r
 .text._concatenate_path
                0x0000000002018094      0x128 c:/devkitpro/devkitarm/bin/../lib/gcc/arm-none-eabi/10.2.0/../../../../arm-none-eabi/lib/thumb\libsysbase.a(chdir.o)
                0x0000000002018094                _concatenate_path
 .text.chdir    0x00000000020181bc       0xec c:/devkitpro/devkitarm/bin/../lib/gcc/arm-none-eabi/10.2.0/../../../../arm-none-eabi/lib/thumb\libsysbase.a(chdir.o)
                0x00000000020181bc                chdir
 .text.build_argv
                0x00000000020182a8       0x4c c:/devkitpro/devkitarm/bin/../lib/gcc/arm-none-eabi/10.2.0/../../../../arm-none-eabi/lib/thumb\libsysbase.a(build_argv.o)
                0x00000000020182a8                build_argv
 .text.__flockfile
                0x00000000020182f4       0x10 c:/devkitpro/devkitarm/bin/../lib/gcc/arm-none-eabi/10.2.0/../../../../arm-none-eabi/lib/thumb\libsysbase.a(flock.o)
                0x00000000020182f4                __flockfile
 .text.__funlockfile
                0x0000000002018304       0x10 c:/devkitpro/devkitarm/bin/../lib/gcc/arm-none-eabi/10.2.0/../../../../arm-none-eabi/lib/thumb\libsysbase.a(flock.o)
                0x0000000002018304                __funlockfile
 .text.__libc_lock_acquire
                0x0000000002018314       0x1c c:/devkitpro/devkitarm/bin/../lib/gcc/arm-none-eabi/10.2.0/../../../../arm-none-eabi/lib/thumb\libsysbase.a(syscall_support.o)
                0x0000000002018314                __libc_lock_acquire
 .text.__libc_lock_release
                0x0000000002018330       0x1c c:/devkitpro/devkitarm/bin/../lib/gcc/arm-none-eabi/10.2.0/../../../../arm-none-eabi/lib/thumb\libsysbase.a(syscall_support.o)
                0x0000000002018330                __libc_lock_release
 .text.__libc_lock_init_recursive
                0x000000000201834c       0x1c c:/devkitpro/devkitarm/bin/../lib/gcc/arm-none-eabi/10.2.0/../../../../arm-none-eabi/lib/thumb\libsysbase.a(syscall_support.o)
                0x000000000201834c                __libc_lock_init_recursive
 .text.__libc_lock_acquire_recursive
                0x0000000002018368       0x1c c:/devkitpro/devkitarm/bin/../lib/gcc/arm-none-eabi/10.2.0/../../../../arm-none-eabi/lib/thumb\libsysbase.a(syscall_support.o)
                0x0000000002018368                __libc_lock_acquire_recursive
 .text.__libc_lock_release_recursive
                0x0000000002018384       0x1c c:/devkitpro/devkitarm/bin/../lib/gcc/arm-none-eabi/10.2.0/../../../../arm-none-eabi/lib/thumb\libsysbase.a(syscall_support.o)
                0x0000000002018384                __libc_lock_release_recursive
 .text.__libc_lock_close_recursive
                0x00000000020183a0       0x1c c:/devkitpro/devkitarm/bin/../lib/gcc/arm-none-eabi/10.2.0/../../../../arm-none-eabi/lib/thumb\libsysbase.a(syscall_support.o)
                0x00000000020183a0                __libc_lock_close_recursive
 .text.__release_handle
                0x00000000020183bc       0x68 c:/devkitpro/devkitarm/bin/../lib/gcc/arm-none-eabi/10.2.0/../../../../arm-none-eabi/lib/thumb\libsysbase.a(handle_manager.o)
                0x00000000020183bc                __release_handle
 .text.__alloc_handle
                0x0000000002018424       0x80 c:/devkitpro/devkitarm/bin/../lib/gcc/arm-none-eabi/10.2.0/../../../../arm-none-eabi/lib/thumb\libsysbase.a(handle_manager.o)
                0x0000000002018424                __alloc_handle
 .text.__get_handle
                0x00000000020184a4       0x34 c:/devkitpro/devkitarm/bin/../lib/gcc/arm-none-eabi/10.2.0/../../../../arm-none-eabi/lib/thumb\libsysbase.a(handle_manager.o)
                0x00000000020184a4                __get_handle
 .text._close_r
                0x00000000020184d8       0xb8 c:/devkitpro/devkitarm/bin/../lib/gcc/arm-none-eabi/10.2.0/../../../../arm-none-eabi/lib/thumb\libsysbase.a(handle_manager.o)
                0x00000000020184d8                _close_r
 .text.__getreent
                0x0000000002018590       0x28 c:/devkitpro/devkitarm/bin/../lib/gcc/arm-none-eabi/10.2.0/../../../../arm-none-eabi/lib/thumb\libsysbase.a(getreent.o)
                0x0000000002018590                __getreent
 .text.__getreent.__stub
                0x00000000020185b8       0x98 linker stubs
 *(EXCLUDE_FILE(*.twl*) .gnu.warning)
 *(EXCLUDE_FILE(*.twl*) .gnu.linkonce.t*)
 *(.glue_7)
 .glue_7        0x0000000002018660        0x0 linker stubs
 *(.glue_7t)
 .glue_7t       0x0000000002018660        0x0 linker stubs
                0x0000000002018660                . = ALIGN (0x4)

.vfp11_veneer   0x0000000002018660        0x0
 .vfp11_veneer  0x0000000002018660        0x0 linker stubs

.v4_bx          0x0000000002018660        0x0
 .v4_bx         0x0000000002018660        0x0 linker stubs

.iplt           0x0000000002018660        0x0
 .iplt          0x0000000002018660        0x0 c:/devkitpro/devkitarm/bin/../lib/gcc/arm-none-eabi/10.2.0/../../../../arm-none-eabi/lib/thumb/ds_arm9_crt0.o

.fini           0x0000000002018660        0xc
 *(.fini)
 .fini          0x0000000002018660        0x4 c:/devkitpro/devkitarm/bin/../lib/gcc/arm-none-eabi/10.2.0/thumb/crti.o
                0x0000000002018660                _fini
 .fini          0x0000000002018664        0x8 c:/devkitpro/devkitarm/bin/../lib/gcc/arm-none-eabi/10.2.0/thumb/crtn.o
                0x000000000201866c                __text_end = .

.rodata         0x0000000002018680     0x92c8
 *(EXCLUDE_FILE(*.twl*) .rodata)
 .rodata        0x0000000002018680       0x24 C:/devkitPro/libnds/lib\libnds9.a(videoGL.o)
 *all.rodata*(*)
 *(EXCLUDE_FILE(*.twl*) .roda)
 *(EXCLUDE_FILE(*.twl*) .rodata.*)
 .rodata.str1.4
                0x00000000020186a4       0xaf main.o
 *fill*         0x0000000002018753        0x1 ff
 .rodata.fatMount.part.0.str1.4
                0x0000000002018754        0x2 C:/devkitPro/libnds/lib\libfat.a(libfat.o)
 *fill*         0x0000000002018756        0x2 ff
 .rodata.fatInit.str1.4
                0x0000000002018758        0x3 C:/devkitPro/libnds/lib\libfat.a(libfat.o)
 *fill*         0x000000000201875b        0x1 ff
 .rodata.str1.4
                0x000000000201875c        0x4 C:/devkitPro/libnds/lib\libfat.a(libfat.o)
 .rodata.dotab_fat
                0x0000000002018760       0x70 C:/devkitPro/libnds/lib\libfat.a(libfat.o)
 .rodata.str1.4
                0x00000000020187d0        0x3 C:/devkitPro/libnds/lib\libfat.a(disc.o)
                                          0x8 (size before relaxing)
 *fill*         0x00000000020187d3        0x1 ff
 .rodata._FAT_disc_interfaces
                0x00000000020187d4       0x18 C:/devkitPro/libnds/lib\libfat.a(disc.o)
                0x00000000020187d4                _FAT_disc_interfaces
 .rodata._FAT_directory_entryFromPath.str1.4
                0x00000000020187ec        0x7 C:/devkitPro/libnds/lib\libfat.a(directory.o)
 *fill*         0x00000000020187f3        0x1 ff
 .rodata.ILLEGAL_ALIAS_CHARACTERS
                0x00000000020187f4       0x12 C:/devkitPro/libnds/lib\libfat.a(directory.o)
 *fill*         0x0000000002018806        0x2 ff
 .rodata.ILLEGAL_LFN_CHARACTERS
                0x0000000002018808        0xa C:/devkitPro/libnds/lib\libfat.a(directory.o)
 *fill*         0x0000000002018812        0x2 ff
 .rodata.LFN_offset_table
                0x0000000002018814       0x34 C:/devkitPro/libnds/lib\libfat.a(directory.o)
 .rodata.FAT_SIG
                0x0000000002018848        0x3 C:/devkitPro/libnds/lib\libfat.a(partition.o)
 *fill*         0x000000000201884b        0x1 ff
 .rodata.FS_TWL_SIG
                0x000000000201884c        0x8 C:/devkitPro/libnds/lib\libfat.a(partition.o)
 .rodata.con_write.str1.4
                0x0000000002018854       0x30 C:/devkitPro/libnds/lib\libnds9.a(console.o)
 .rodata.con_write
                0x0000000002018884       0xd4 C:/devkitPro/libnds/lib\libnds9.a(console.o)
 .rodata.consoleClear.str1.4
                0x0000000002018958        0x5 C:/devkitPro/libnds/lib\libnds9.a(console.o)
 *fill*         0x000000000201895d        0x3 ff
 .rodata.str1.4
                0x0000000002018960       0x14 C:/devkitPro/libnds/lib\libnds9.a(console.o)
 .rodata.dotab_stdout
                0x0000000002018974       0x70 C:/devkitPro/libnds/lib\libnds9.a(console.o)
 .rodata.SIN_LUT
                0x00000000020189e4      0x102 C:/devkitPro/libnds/lib\libnds9.a(trig.o)
                0x00000000020189e4                SIN_LUT
 *fill*         0x0000000002018ae6        0x2 ff
 .rodata.TAN_LUT
                0x0000000002018ae8      0x204 C:/devkitPro/libnds/lib\libnds9.a(trig.o)
                0x0000000002018ae8                TAN_LUT
 .rodata.glMaterialf
                0x0000000002018cec       0x44 C:/devkitPro/libnds/lib\libnds9.a(videoGL.o)
 *fill*         0x0000000002018d30       0x10 ff
 .rodata.default_font_bin
                0x0000000002018d40     0x2000 C:/devkitPro/libnds/lib\libnds9.a(default_font.bin.o)
                0x0000000002018d40                default_font_bin
                0x000000000201ad40                default_font_bin_end
 .rodata._ctype_
                0x000000000201ad40      0x101 c:/devkitpro/devkitarm/bin/../lib/gcc/arm-none-eabi/10.2.0/../../../../arm-none-eabi/lib/thumb\libg.a(lib_a-ctype_.o)
                0x000000000201ad40                _ctype_
 *fill*         0x000000000201ae41        0x3 ff
 .rodata._global_impure_ptr
                0x000000000201ae44        0x4 c:/devkitpro/devkitarm/bin/../lib/gcc/arm-none-eabi/10.2.0/../../../../arm-none-eabi/lib/thumb\libg.a(lib_a-impure.o)
                0x000000000201ae44                _global_impure_ptr
 .rodata.str1.4
                0x000000000201ae48       0x44 c:/devkitpro/devkitarm/bin/../lib/gcc/arm-none-eabi/10.2.0/../../../../arm-none-eabi/lib/thumb\libg.a(lib_a-locale.o)
                                         0x4c (size before relaxing)
 .rodata._mbrtowc_r.str1.4
                0x000000000201ae8c        0x1 c:/devkitpro/devkitarm/bin/../lib/gcc/arm-none-eabi/10.2.0/../../../../arm-none-eabi/lib/thumb\libg.a(lib_a-mbrtowc.o)
 .rodata.DAYS_IN_MONTH
                0x000000000201ae8c       0x30 c:/devkitpro/devkitarm/bin/../lib/gcc/arm-none-eabi/10.2.0/../../../../arm-none-eabi/lib/thumb\libg.a(lib_a-mktime.o)
 .rodata._DAYS_BEFORE_MONTH
                0x000000000201aebc       0x30 c:/devkitpro/devkitarm/bin/../lib/gcc/arm-none-eabi/10.2.0/../../../../arm-none-eabi/lib/thumb\libg.a(lib_a-mktime.o)
 .rodata.__month_lengths
                0x000000000201aeec       0x60 c:/devkitpro/devkitarm/bin/../lib/gcc/arm-none-eabi/10.2.0/../../../../arm-none-eabi/lib/thumb\libg.a(lib_a-month_lengths.o)
                0x000000000201aeec                __month_lengths
 .rodata.basefix.0
                0x000000000201af4c       0x22 c:/devkitpro/devkitarm/bin/../lib/gcc/arm-none-eabi/10.2.0/../../../../arm-none-eabi/lib/thumb\libg.a(lib_a-svfiscanf.o)
 *fill*         0x000000000201af6e        0x2 ff
 .rodata._tzset_unlocked_r.str1.4
                0x000000000201af70       0x53 c:/devkitpro/devkitarm/bin/../lib/gcc/arm-none-eabi/10.2.0/../../../../arm-none-eabi/lib/thumb\libg.a(lib_a-tzset_r.o)
 .rodata.str1.4
                0x000000000201afc3        0x4 c:/devkitpro/devkitarm/bin/../lib/gcc/arm-none-eabi/10.2.0/../../../../arm-none-eabi/lib/thumb\libg.a(lib_a-tzvars.o)
 .rodata._vfiprintf_r.str1.1
                0x000000000201afc3       0x29 c:/devkitpro/devkitarm/bin/../lib/gcc/arm-none-eabi/10.2.0/../../../../arm-none-eabi/lib/thumb\libg.a(lib_a-vfiprintf.o)
 .rodata.blanks.1
                0x000000000201afec       0x10 c:/devkitpro/devkitarm/bin/../lib/gcc/arm-none-eabi/10.2.0/../../../../arm-none-eabi/lib/thumb\libg.a(lib_a-vfiprintf.o)
 .rodata.zeroes.0
                0x000000000201affc       0x10 c:/devkitpro/devkitarm/bin/../lib/gcc/arm-none-eabi/10.2.0/../../../../arm-none-eabi/lib/thumb\libg.a(lib_a-vfiprintf.o)
 .rodata.__action_table
                0x000000000201b00c       0x6c c:/devkitpro/devkitarm/bin/../lib/gcc/arm-none-eabi/10.2.0/../../../../arm-none-eabi/lib/thumb\libg.a(lib_a-svfiprintf.o)
                0x000000000201b00c                __action_table
 .rodata.__chclass
                0x000000000201b078      0x100 c:/devkitpro/devkitarm/bin/../lib/gcc/arm-none-eabi/10.2.0/../../../../arm-none-eabi/lib/thumb\libg.a(lib_a-svfiprintf.o)
                0x000000000201b078                __chclass
 .rodata.__state_table
                0x000000000201b178       0x6c c:/devkitpro/devkitarm/bin/../lib/gcc/arm-none-eabi/10.2.0/../../../../arm-none-eabi/lib/thumb\libg.a(lib_a-svfiprintf.o)
                0x000000000201b178                __state_table
 .rodata.__jp2uc
                0x000000000201b1e4       0x20 c:/devkitpro/devkitarm/bin/../lib/gcc/arm-none-eabi/10.2.0/../../../../arm-none-eabi/lib/thumb\libg.a(lib_a-jp2uc.o)
 .rodata._jp2uc_l.str1.4
                0x000000000201b204       0x12 c:/devkitpro/devkitarm/bin/../lib/gcc/arm-none-eabi/10.2.0/../../../../arm-none-eabi/lib/thumb\libg.a(lib_a-jp2uc.o)
 *fill*         0x000000000201b216        0x2 ff
 .rodata.a1     0x000000000201b218       0xbc c:/devkitpro/devkitarm/bin/../lib/gcc/arm-none-eabi/10.2.0/../../../../arm-none-eabi/lib/thumb\libg.a(lib_a-jp2uc.o)
 .rodata.a2     0x000000000201b2d4       0xbc c:/devkitpro/devkitarm/bin/../lib/gcc/arm-none-eabi/10.2.0/../../../../arm-none-eabi/lib/thumb\libg.a(lib_a-jp2uc.o)
 .rodata.a3     0x000000000201b390       0x5b c:/devkitpro/devkitarm/bin/../lib/gcc/arm-none-eabi/10.2.0/../../../../arm-none-eabi/lib/thumb\libg.a(lib_a-jp2uc.o)
 *fill*         0x000000000201b3eb        0x1 ff
 .rodata.a6     0x000000000201b3ec       0x70 c:/devkitpro/devkitarm/bin/../lib/gcc/arm-none-eabi/10.2.0/../../../../arm-none-eabi/lib/thumb\libg.a(lib_a-jp2uc.o)
 .rodata.a7     0x000000000201b45c       0xa2 c:/devkitpro/devkitarm/bin/../lib/gcc/arm-none-eabi/10.2.0/../../../../arm-none-eabi/lib/thumb\libg.a(lib_a-jp2uc.o)
 *fill*         0x000000000201b4fe        0x2 ff
 .rodata.a8     0x000000000201b500       0x40 c:/devkitpro/devkitarm/bin/../lib/gcc/arm-none-eabi/10.2.0/../../../../arm-none-eabi/lib/thumb\libg.a(lib_a-jp2uc.o)
 .rodata.b02cf  0x000000000201b540     0x172a c:/devkitpro/devkitarm/bin/../lib/gcc/arm-none-eabi/10.2.0/../../../../arm-none-eabi/lib/thumb\libg.a(lib_a-jp2uc.o)
 *fill*         0x000000000201cc6a        0x2 ff
 .rodata.d02f4  0x000000000201cc6c     0x1a7c c:/devkitpro/devkitarm/bin/../lib/gcc/arm-none-eabi/10.2.0/../../../../arm-none-eabi/lib/thumb\libg.a(lib_a-jp2uc.o)
 .rodata.categories
                0x000000000201e6e8     0x31e6 c:/devkitpro/devkitarm/bin/../lib/gcc/arm-none-eabi/10.2.0/../../../../arm-none-eabi/lib/thumb\libg.a(lib_a-categories.o)
 *fill*         0x00000000020218ce        0x2 ff
 .rodata.AddDevice.str1.4
                0x00000000020218d0        0x8 c:/devkitpro/devkitarm/bin/../lib/gcc/arm-none-eabi/10.2.0/../../../../arm-none-eabi/lib/thumb\libsysbase.a(iosupport.o)
 .rodata.dotab_stdnull
                0x00000000020218d8       0x70 c:/devkitpro/devkitarm/bin/../lib/gcc/arm-none-eabi/10.2.0/../../../../arm-none-eabi/lib/thumb\libsysbase.a(iosupport.o)
                0x00000000020218d8                dotab_stdnull
 *(EXCLUDE_FILE(*.twl*) .gnu.linkonce.r*)
                0x0000000002021948                . = ALIGN (0x4)

.ARM.extab
 *(.ARM.extab* .gnu.linkonce.armextab.*)
                0x0000000002021948                __exidx_start = .

ARM.exidx
 *(.ARM.exidx* .gnu.linkonce.armexidx.*)
                0x0000000002021948                __exidx_end = .
                0x0000000002021948                . = ALIGN (0x4)
                0x0000000002021948                PROVIDE (__preinit_array_start = .)

.preinit_array
 *(.preinit_array)
                0x0000000002021948                PROVIDE (__preinit_array_end = .)
                0x0000000002021948                PROVIDE (__init_array_start = .)

.init_array     0x0000000002021948        0x8
 *(SORT_BY_NAME(.init_array.*))
 *(.init_array)
 .init_array    0x0000000002021948        0x4 c:/devkitpro/devkitarm/bin/../lib/gcc/arm-none-eabi/10.2.0/thumb/crtbegin.o
 .init_array    0x000000000202194c        0x4 main.o
                0x0000000002021950                PROVIDE (__init_array_end = .)
                [!provide]                        PROVIDE (__fini_array_start = .)

.fini_array     0x0000000002021950        0x4
 *(.fini_array)
 .fini_array    0x0000000002021950        0x4 c:/devkitpro/devkitarm/bin/../lib/gcc/arm-none-eabi/10.2.0/thumb/crtbegin.o
 *(SORT_BY_NAME(.fini_array.*))
                [!provide]                        PROVIDE (__fini_array_end = .)

.ctors          0x0000000002021954        0x0
 *crtbegin.o(.ctors)
 *(EXCLUDE_FILE(*crtend.o) .ctors)
 *(SORT_BY_NAME(.ctors.*))
 *(.ctors)
                0x0000000002021954                . = ALIGN (0x4)

.dtors          0x0000000002021954        0x0
 *crtbegin.o(.dtors)
 *(EXCLUDE_FILE(*crtend.o) .dtors)
 *(SORT_BY_NAME(.dtors.*))
 *(.dtors)
                0x0000000002021954                . = ALIGN (0x4)

.eh_frame       0x0000000002021954        0x4
 *(.eh_frame)
 .eh_frame      0x0000000002021954        0x0 c:/devkitpro/devkitarm/bin/../lib/gcc/arm-none-eabi/10.2.0/thumb/crtbegin.o
 .eh_frame      0x0000000002021954        0x4 c:/devkitpro/devkitarm/bin/../lib/gcc/arm-none-eabi/10.2.0/thumb/crtend.o
                0x0000000002021958                . = ALIGN (0x4)

.gcc_except_table
                0x0000000002021958        0x0
 *(.gcc_except_table)
                0x0000000002021958                . = ALIGN (0x4)

.jcr
 *(.jcr)

.got
 *(.got.plt)
 *(.got)
 *(.rel.got)

.ewram          0x0000000002021958        0x0
                0x0000000002021958                __ewram_start = ABSOLUTE (.)
 *(.ewram)
 *ewram.*(.text)
                0x0000000002021958                . = ALIGN (0x4)

.data           0x0000000002021958     0x2784
                0x0000000002021958                __data_start = ABSOLUTE (.)
 *(EXCLUDE_FILE(*.twl*) .data)
 .data          0x0000000002021958        0x2 main.o
                0x0000000002021958                highScore
 *fill*         0x000000000202195a        0x2 ff
 .data          0x000000000202195c       0x28 C:/devkitPro/libnds/lib\libnds9.a(mpu_setup.o)
 *(EXCLUDE_FILE(*.twl*) .data.*)
 .data.currentConsole
                0x0000000002021984        0x4 C:/devkitPro/libnds/lib\libnds9.a(console.o)
                0x0000000002021984                currentConsole
 .data.defaultConsole
                0x0000000002021988       0x5c C:/devkitPro/libnds/lib\libnds9.a(console.o)
                0x0000000002021988                defaultConsole
 .data.firstConsoleInit.0
                0x00000000020219e4        0x1 C:/devkitPro/libnds/lib\libnds9.a(console.o)
 *fill*         0x00000000020219e5        0x3 ff
 .data.glGlob   0x00000000020219e8        0x4 C:/devkitPro/libnds/lib\libnds9.a(videoGL.o)
 .data.count    0x00000000020219ec        0x1 C:/devkitPro/libnds/lib\libnds9.a(keys.o)
 .data.delay    0x00000000020219ed        0x1 C:/devkitPro/libnds/lib\libnds9.a(keys.o)
 .data.repeat   0x00000000020219ee        0x1 C:/devkitPro/libnds/lib\libnds9.a(keys.o)
 *fill*         0x00000000020219ef        0x1 ff
 .data.fifo_buffer_free
                0x00000000020219f0        0x4 C:/devkitPro/libnds/lib\libnds9.a(fifosystem.o)
                0x00000000020219f0                fifo_buffer_free
 .data.fifo_freewords
                0x00000000020219f4        0x4 C:/devkitPro/libnds/lib\libnds9.a(fifosystem.o)
                0x00000000020219f4                fifo_freewords
 .data.fifo_receive_queue
                0x00000000020219f8        0x4 C:/devkitPro/libnds/lib\libnds9.a(fifosystem.o)
                0x00000000020219f8                fifo_receive_queue
 .data.fifo_send_queue
                0x00000000020219fc        0x4 C:/devkitPro/libnds/lib\libnds9.a(fifosystem.o)
                0x00000000020219fc                fifo_send_queue
 .data.bgControl
                0x0000000002021a00       0x20 C:/devkitPro/libnds/lib\libnds9.a(background.o)
                0x0000000002021a00                bgControl
 .data.bgScrollTable
                0x0000000002021a20       0x20 C:/devkitPro/libnds/lib\libnds9.a(background.o)
                0x0000000002021a20                bgScrollTable
 .data.bgTransform
                0x0000000002021a40       0x20 C:/devkitPro/libnds/lib\libnds9.a(background.o)
                0x0000000002021a40                bgTransform
 .data.__sfp_recursive_mutex
                0x0000000002021a60        0xc c:/devkitpro/devkitarm/bin/../lib/gcc/arm-none-eabi/10.2.0/../../../../arm-none-eabi/lib/thumb\libg.a(lib_a-findfp.o)
 .data.__sinit_recursive_mutex
                0x0000000002021a6c        0xc c:/devkitpro/devkitarm/bin/../lib/gcc/arm-none-eabi/10.2.0/../../../../arm-none-eabi/lib/thumb\libg.a(lib_a-findfp.o)
 .data._impure_ptr
                0x0000000002021a78        0x4 c:/devkitpro/devkitarm/bin/../lib/gcc/arm-none-eabi/10.2.0/../../../../arm-none-eabi/lib/thumb\libg.a(lib_a-impure.o)
                0x0000000002021a78                _impure_ptr
 *fill*         0x0000000002021a7c        0x4 ff
 .data.impure_data
                0x0000000002021a80      0x460 c:/devkitpro/devkitarm/bin/../lib/gcc/arm-none-eabi/10.2.0/../../../../arm-none-eabi/lib/thumb\libg.a(lib_a-impure.o)
 .data.__global_locale
                0x0000000002021ee0      0x16c c:/devkitpro/devkitarm/bin/../lib/gcc/arm-none-eabi/10.2.0/../../../../arm-none-eabi/lib/thumb\libg.a(lib_a-locale.o)
                0x0000000002021ee0                __global_locale
 .data.__malloc_av_
                0x000000000202204c      0x408 c:/devkitpro/devkitarm/bin/../lib/gcc/arm-none-eabi/10.2.0/../../../../arm-none-eabi/lib/thumb\libg.a(lib_a-mallocr.o)
                0x000000000202204c                __malloc_av_
 .data.__malloc_sbrk_base
                0x0000000002022454        0x4 c:/devkitpro/devkitarm/bin/../lib/gcc/arm-none-eabi/10.2.0/../../../../arm-none-eabi/lib/thumb\libg.a(lib_a-mallocr.o)
                0x0000000002022454                __malloc_sbrk_base
 .data.__malloc_trim_threshold
                0x0000000002022458        0x4 c:/devkitpro/devkitarm/bin/../lib/gcc/arm-none-eabi/10.2.0/../../../../arm-none-eabi/lib/thumb\libg.a(lib_a-mallocr.o)
                0x0000000002022458                __malloc_trim_threshold
 .data.__malloc_recursive_mutex
                0x000000000202245c        0xc c:/devkitpro/devkitarm/bin/../lib/gcc/arm-none-eabi/10.2.0/../../../../arm-none-eabi/lib/thumb\libg.a(lib_a-mlock.o)
 .data.__tz_mutex
                0x0000000002022468        0x4 c:/devkitpro/devkitarm/bin/../lib/gcc/arm-none-eabi/10.2.0/../../../../arm-none-eabi/lib/thumb\libg.a(lib_a-tzlock.o)
 .data._tzname  0x000000000202246c        0x8 c:/devkitpro/devkitarm/bin/../lib/gcc/arm-none-eabi/10.2.0/../../../../arm-none-eabi/lib/thumb\libg.a(lib_a-tzvars.o)
                0x000000000202246c                _tzname
 *fill*         0x0000000002022474        0x4 ff
 .data.tzinfo   0x0000000002022478       0x58 c:/devkitpro/devkitarm/bin/../lib/gcc/arm-none-eabi/10.2.0/../../../../arm-none-eabi/lib/thumb\libg.a(lib_a-gettzinfo.o)
 .data.environ  0x00000000020224d0        0x4 c:/devkitpro/devkitarm/bin/../lib/gcc/arm-none-eabi/10.2.0/../../../../arm-none-eabi/lib/thumb\libg.a(lib_a-environ.o)
                0x00000000020224d0                environ
 .data.__env_recursive_mutex
                0x00000000020224d4        0xc c:/devkitpro/devkitarm/bin/../lib/gcc/arm-none-eabi/10.2.0/../../../../arm-none-eabi/lib/thumb\libg.a(lib_a-envlock.o)
 .data.caseconv_table
                0x00000000020224e0      0x744 c:/devkitpro/devkitarm/bin/../lib/gcc/arm-none-eabi/10.2.0/../../../../arm-none-eabi/lib/thumb\libg.a(lib_a-towctrans_l.o)
 .data.defaultDevice
                0x0000000002022c24        0x4 c:/devkitpro/devkitarm/bin/../lib/gcc/arm-none-eabi/10.2.0/../../../../arm-none-eabi/lib/thumb\libsysbase.a(iosupport.o)
 .data.devoptab_list
                0x0000000002022c28       0x8c c:/devkitpro/devkitarm/bin/../lib/gcc/arm-none-eabi/10.2.0/../../../../arm-none-eabi/lib/thumb\libsysbase.a(iosupport.o)
                0x0000000002022c28                devoptab_list
 .data._current_working_directory
                0x0000000002022cb4      0x400 c:/devkitpro/devkitarm/bin/../lib/gcc/arm-none-eabi/10.2.0/../../../../arm-none-eabi/lib/thumb\libsysbase.a(chdir.o)
 .data.__hndl_lock
                0x00000000020230b4        0x4 c:/devkitpro/devkitarm/bin/../lib/gcc/arm-none-eabi/10.2.0/../../../../arm-none-eabi/lib/thumb\libsysbase.a(handle_manager.o)
 .data.__stderr_handle
                0x00000000020230b8        0xc c:/devkitpro/devkitarm/bin/../lib/gcc/arm-none-eabi/10.2.0/../../../../arm-none-eabi/lib/thumb\libsysbase.a(handle_manager.o)
 .data.__stdin_handle
                0x00000000020230c4        0xc c:/devkitpro/devkitarm/bin/../lib/gcc/arm-none-eabi/10.2.0/../../../../arm-none-eabi/lib/thumb\libsysbase.a(handle_manager.o)
 .data.__stdout_handle
                0x00000000020230d0        0xc c:/devkitpro/devkitarm/bin/../lib/gcc/arm-none-eabi/10.2.0/../../../../arm-none-eabi/lib/thumb\libsysbase.a(handle_manager.o)
 .data.handles  0x00000000020230dc     0x1000 c:/devkitpro/devkitarm/bin/../lib/gcc/arm-none-eabi/10.2.0/../../../../arm-none-eabi/lib/thumb\libsysbase.a(handle_manager.o)
 *(EXCLUDE_FILE(*.twl*) .gnu.linkonce.d*)
                0x00000000020240dc                . = ALIGN (0x4)
                0x00000000020240dc                __data_end = ABSOLUTE (.)
                0x00000000020240dc                __bss_vma = .

.igot.plt       0x00000000020240dc        0x0
 .igot.plt      0x00000000020240dc        0x0 c:/devkitpro/devkitarm/bin/../lib/gcc/arm-none-eabi/10.2.0/../../../../arm-none-eabi/lib/thumb/ds_arm9_crt0.o

.dtcm           0x0000000002ff0000        0x0 load address 0x00000000020240dc
                0x00000000020240dc                __dtcm_lma = LOADADDR (.dtcm)
                0x0000000002ff0000                __dtcm_start = ABSOLUTE (.)
 *(.dtcm)
 *(.dtcm.*)
                0x0000000002ff0000                . = ALIGN (0x4)
                0x0000000002ff0000                __dtcm_end = ABSOLUTE (.)

.itcm           0x0000000001000100      0x194 load address 0x00000000020240dc
                0x00000000020240dc                __itcm_lma = LOADADDR (.itcm)
                0x0000000001000100                __itcm_start = ABSOLUTE (.)
 *(.itcm)
 .itcm          0x0000000001000100       0xc8 C:/devkitPro/libnds/lib\libnds9.a(interrupts.o)
                0x0000000001000100                irqTable
 .itcm          0x00000000010001c8       0xcc C:/devkitPro/libnds/lib\libnds9.a(interruptDispatcher.o)
                0x00000000010001c8                IntrMain
 *.itcm*(.text .stub .text.*)
                0x0000000001000294                . = ALIGN (0x4)
                0x0000000001000294                __itcm_end = ABSOLUTE (.)

.vectors        0x0000000001000000        0x0 load address 0x0000000002024270
                0x0000000002024270                __vectors_lma = LOADADDR (.vectors)
                0x0000000001000000                __vectors_start = ABSOLUTE (.)
 *(.vectors .vectors.*)
                0x0000000001000000                . = ALIGN (0x4)
                0x0000000001000000                __vectors_end = ABSOLUTE (.)

.sbss           0x0000000002ff0000        0x0
                0x0000000002ff0000                __sbss_start = ABSOLUTE (.)
                0x0000000002ff0000                __sbss_start__ = ABSOLUTE (.)
 *(.sbss)
                0x0000000002ff0000                . = ALIGN (0x4)
                0x0000000002ff0000                __sbss_end = ABSOLUTE (.)

.bss            0x00000000020240dc     0x195c
                0x00000000020240dc                __bss_start = ABSOLUTE (.)
                0x00000000020240dc                __bss_start__ = ABSOLUTE (.)
 *(EXCLUDE_FILE(*.twl*) .dynbss)
 *(EXCLUDE_FILE(*.twl*) .gnu.linkonce.b*)
 *(EXCLUDE_FILE(*.twl*) .bss*)
 .bss.completed.1
                0x00000000020240dc        0x1 c:/devkitpro/devkitarm/bin/../lib/gcc/arm-none-eabi/10.2.0/thumb/crtbegin.o
 *fill*         0x00000000020240dd        0x3 
 .bss.object.0  0x00000000020240e0       0x18 c:/devkitpro/devkitarm/bin/../lib/gcc/arm-none-eabi/10.2.0/thumb/crtbegin.o
 .bss           0x00000000020240f8      0x82e main.o
                0x00000000020240f8                frameCounter
                0x00000000020240fa                bigFoodFrameCounter
                0x00000000020240fc                playerScore
                0x0000000002024100                bigSnakeFood
                0x0000000002024108                snakeFood
                0x000000000202410e                buttonPressed
                0x000000000202410f                gameOver
                0x0000000002024110                SaveFile